Archive member included because of file (symbol)

.\CortexM3\ARM_GCC_493\Debug\FinalProject.a(cyfitter_cfg.o)
                              .\CortexM3\ARM_GCC_493\Debug\Cm3Start.o (cyfitter_cfg)
.\CortexM3\ARM_GCC_493\Debug\FinalProject.a(DMA_1_dma.o)
                              .\CortexM3\ARM_GCC_493\Debug\dma_util.o (DMA_1_DmaInitialize)
.\CortexM3\ARM_GCC_493\Debug\FinalProject.a(SPIM_1.o)
                              .\CortexM3\ARM_GCC_493\Debug\tft.o (SPIM_1_ReadTxStatus)
.\CortexM3\ARM_GCC_493\Debug\FinalProject.a(SPIM_1_IntClock.o)
                              .\CortexM3\ARM_GCC_493\Debug\FinalProject.a(SPIM_1.o) (SPIM_1_IntClock_Start)
.\CortexM3\ARM_GCC_493\Debug\FinalProject.a(CyBootAsmGnu.o)
                              .\CortexM3\ARM_GCC_493\Debug\FinalProject.a(cyfitter_cfg.o) (CyDelayCycles)
.\CortexM3\ARM_GCC_493\Debug\FinalProject.a(CyDmac.o)
                              .\CortexM3\ARM_GCC_493\Debug\Cm3Start.o (CyDmacConfigure)
.\CortexM3\ARM_GCC_493\Debug\FinalProject.a(CyLib.o)
                              .\CortexM3\ARM_GCC_493\Debug\Cm3Start.o (CyHalt)
.\CortexM3\ARM_GCC_493\Debug\FinalProject.a(cyPm.o)
                              .\CortexM3\ARM_GCC_493\Debug\FinalProject.a(CyLib.o) (CyPmReadStatus)
.\CortexM3\ARM_GCC_493\Debug\FinalProject.a(ADC_DelSig_1.o)
                              .\CortexM3\ARM_GCC_493\Debug\main.o (ADC_DelSig_1_Start)
.\CortexM3\ARM_GCC_493\Debug\FinalProject.a(ADC_DelSig_1_INT.o)
                              .\CortexM3\ARM_GCC_493\Debug\FinalProject.a(ADC_DelSig_1.o) (ADC_DelSig_1_ISR1)
.\CortexM3\ARM_GCC_493\Debug\FinalProject.a(ADC_DelSig_1_AMux.o)
                              .\CortexM3\ARM_GCC_493\Debug\FinalProject.a(ADC_DelSig_1.o) (ADC_DelSig_1_AMux_Select)
.\CortexM3\ARM_GCC_493\Debug\FinalProject.a(ADC_DelSig_1_Ext_CP_Clk.o)
                              .\CortexM3\ARM_GCC_493\Debug\FinalProject.a(ADC_DelSig_1.o) (ADC_DelSig_1_Ext_CP_Clk_SetModeRegister)
.\CortexM3\ARM_GCC_493\Debug\FinalProject.a(ADC_DelSig_1_theACLK.o)
                              .\CortexM3\ARM_GCC_493\Debug\FinalProject.a(ADC_DelSig_1.o) (ADC_DelSig_1_theACLK_SetModeRegister)
.\CortexM3\ARM_GCC_493\Debug\FinalProject.a(DC1.o)
                              .\CortexM3\ARM_GCC_493\Debug\tft.o (DC1_Write)
.\CortexM3\ARM_GCC_493\Debug\FinalProject.a(RESET1.o)
                              .\CortexM3\ARM_GCC_493\Debug\tft.o (RESET1_Write)
.\CortexM3\ARM_GCC_493\Debug\FinalProject.a(DMA_Complete_ISR_1.o)
                              .\CortexM3\ARM_GCC_493\Debug\dma_util.o (DMA_Complete_ISR_1_StartEx)
.\CortexM3\ARM_GCC_493\Debug\FinalProject.a(SPIM_2.o)
                              .\CortexM3\ARM_GCC_493\Debug\tft.o (SPIM_2_ReadTxStatus)
.\CortexM3\ARM_GCC_493\Debug\FinalProject.a(RESET2.o)
                              .\CortexM3\ARM_GCC_493\Debug\tft.o (RESET2_Write)
.\CortexM3\ARM_GCC_493\Debug\FinalProject.a(DC2.o)
                              .\CortexM3\ARM_GCC_493\Debug\tft.o (DC2_Write)
.\CortexM3\ARM_GCC_493\Debug\FinalProject.a(DMA_2_dma.o)
                              .\CortexM3\ARM_GCC_493\Debug\dma_util.o (DMA_2_DmaInitialize)
.\CortexM3\ARM_GCC_493\Debug\FinalProject.a(DMA_Complete_ISR_2.o)
                              .\CortexM3\ARM_GCC_493\Debug\dma_util.o (DMA_Complete_ISR_2_StartEx)
.\CortexM3\ARM_GCC_493\Debug\FinalProject.a(SPIM_2_IntClock.o)
                              .\CortexM3\ARM_GCC_493\Debug\FinalProject.a(SPIM_2.o) (SPIM_2_IntClock_Start)
.\CortexM3\ARM_GCC_493\Debug\FinalProject.a(DMA_3_dma.o)
                              .\CortexM3\ARM_GCC_493\Debug\dma_util.o (DMA_3_DmaInitialize)
.\CortexM3\ARM_GCC_493\Debug\FinalProject.a(SPIM_3.o)
                              .\CortexM3\ARM_GCC_493\Debug\tft.o (SPIM_3_ReadTxStatus)
.\CortexM3\ARM_GCC_493\Debug\FinalProject.a(DC3.o)
                              .\CortexM3\ARM_GCC_493\Debug\tft.o (DC3_Write)
.\CortexM3\ARM_GCC_493\Debug\FinalProject.a(RESET3.o)
                              .\CortexM3\ARM_GCC_493\Debug\tft.o (RESET3_Write)
.\CortexM3\ARM_GCC_493\Debug\FinalProject.a(DMA_Complete_ISR_3.o)
                              .\CortexM3\ARM_GCC_493\Debug\dma_util.o (DMA_Complete_ISR_3_StartEx)
.\CortexM3\ARM_GCC_493\Debug\FinalProject.a(SPIM_3_IntClock.o)
                              .\CortexM3\ARM_GCC_493\Debug\FinalProject.a(SPIM_3.o) (SPIM_3_IntClock_Start)
.\CortexM3\ARM_GCC_493\Debug\FinalProject.a(DMA_0_dma.o)
                              .\CortexM3\ARM_GCC_493\Debug\dma_util.o (DMA_0_DmaInitialize)
.\CortexM3\ARM_GCC_493\Debug\FinalProject.a(SPIM_0.o)
                              .\CortexM3\ARM_GCC_493\Debug\tft.o (SPIM_0_ReadTxStatus)
.\CortexM3\ARM_GCC_493\Debug\FinalProject.a(DC0.o)
                              .\CortexM3\ARM_GCC_493\Debug\tft.o (DC0_Write)
.\CortexM3\ARM_GCC_493\Debug\FinalProject.a(RESET0.o)
                              .\CortexM3\ARM_GCC_493\Debug\tft.o (RESET0_Write)
.\CortexM3\ARM_GCC_493\Debug\FinalProject.a(DMA_Complete_ISR_0.o)
[...]
Memory Configuration

Name             Origin             Length             Attributes
rom              0x00000000         0x00040000         xr
ram              0x1fff8000         0x00010000         xrw
*default*        0x00000000         0xffffffff

Linker script and memory map

LOAD c:/program files (x86)/cypress/psoc creator/3.3/psoc creator/import/gnu/arm/4.9.3/bin/../lib/gcc/arm-none-eabi/4.9.3/armv7-m/crti.o
LOAD c:/program files (x86)/cypress/psoc creator/3.3/psoc creator/import/gnu/arm/4.9.3/bin/../lib/gcc/arm-none-eabi/4.9.3/armv7-m/crtbegin.o
LOAD c:/program files (x86)/cypress/psoc creator/3.3/psoc creator/import/gnu/arm/4.9.3/bin/../lib/gcc/arm-none-eabi/4.9.3/../../../../arm-none-eabi/lib/armv7-m/crt0.o
START GROUP
LOAD .\CortexM3\ARM_GCC_493\Debug\main.o
LOAD .\CortexM3\ARM_GCC_493\Debug\tft.o
LOAD .\CortexM3\ARM_GCC_493\Debug\dma_util.o
LOAD .\CortexM3\ARM_GCC_493\Debug\rotate_liquid.o
LOAD .\CortexM3\ARM_GCC_493\Debug\trig.o
LOAD .\CortexM3\ARM_GCC_493\Debug\imu.o
LOAD .\CortexM3\ARM_GCC_493\Debug\snowglobe.o
LOAD .\CortexM3\ARM_GCC_493\Debug\lantern.o
LOAD .\CortexM3\ARM_GCC_493\Debug\cymetadata.o
LOAD .\CortexM3\ARM_GCC_493\Debug\Cm3Start.o
LOAD .\CortexM3\ARM_GCC_493\Debug\FinalProject.a
LOAD C:\Program Files (x86)\Cypress\PSoC Creator\3.3\PSoC Creator\psoc\content\cycomponentlibrary\CyComponentLibrary.cylib\CortexM3\ARM_GCC_493\Debug\CyComponentLibrary.a
END GROUP
START GROUP
LOAD c:/program files (x86)/cypress/psoc creator/3.3/psoc creator/import/gnu/arm/4.9.3/bin/../lib/gcc/arm-none-eabi/4.9.3/armv7-m\libgcc.a
LOAD c:/program files (x86)/cypress/psoc creator/3.3/psoc creator/import/gnu/arm/4.9.3/bin/../lib/gcc/arm-none-eabi/4.9.3/../../../../arm-none-eabi/lib/armv7-m\libg_nano.a
LOAD c:/program files (x86)/cypress/psoc creator/3.3/psoc creator/import/gnu/arm/4.9.3/bin/../lib/gcc/arm-none-eabi/4.9.3/../../../../arm-none-eabi/lib/armv7-m\libc_nano.a
END GROUP
START GROUP
LOAD c:/program files (x86)/cypress/psoc creator/3.3/psoc creator/import/gnu/arm/4.9.3/bin/../lib/gcc/arm-none-eabi/4.9.3/armv7-m\libgcc.a
LOAD c:/program files (x86)/cypress/psoc creator/3.3/psoc creator/import/gnu/arm/4.9.3/bin/../lib/gcc/arm-none-eabi/4.9.3/../../../../arm-none-eabi/lib/armv7-m\libc_nano.a
END GROUP
LOAD c:/program files (x86)/cypress/psoc creator/3.3/psoc creator/import/gnu/arm/4.9.3/bin/../lib/gcc/arm-none-eabi/4.9.3/armv7-m/crtend.o
LOAD c:/program files (x86)/cypress/psoc creator/3.3/psoc creator/import/gnu/arm/4.9.3/bin/../lib/gcc/arm-none-eabi/4.9.3/armv7-m/crtn.o
START GROUP
LOAD c:/program files (x86)/cypress/psoc creator/3.3/psoc creator/import/gnu/arm/4.9.3/bin/../lib/gcc/arm-none-eabi/4.9.3/armv7-m\libgcc.a
LOAD c:/program files (x86)/cypress/psoc creator/3.3/psoc creator/import/gnu/arm/4.9.3/bin/../lib/gcc/arm-none-eabi/4.9.3/../../../../arm-none-eabi/lib/armv7-m\libc.a
LOAD c:/program files (x86)/cypress/psoc creator/3.3/psoc creator/import/gnu/arm/4.9.3/bin/../lib/gcc/arm-none-eabi/4.9.3/../../../../arm-none-eabi/lib/armv7-m\libnosys.a
END GROUP
                0x00000000                CY_APPL_ORIGIN = 0x0
                0x00000100                CY_FLASH_ROW_SIZE = 0x100
                0x00000020                CY_ECC_ROW_SIZE = 0x20
                0x00000000                CY_EE_IN_BTLDR = 0x0
                0x00000000                CY_APPL_LOADABLE = 0x0
                0x00000800                CY_EE_SIZE = 0x800
                0x00000001                CY_APPL_NUM = 0x1
                0x00000001                CY_APPL_MAX = 0x1
                0x00000040                CY_METADATA_SIZE = 0x40
                0x00000000                CY_APPL_LOADABLE = 0x0
                0x00000000                CY_CHECKSUM_EXCLUDE_SIZE = ALIGN (0x0, CY_FLASH_ROW_SIZE)
                0x1fff99d8                PROVIDE (__cy_heap_start, _end)
                0x00000001                PROVIDE (__cy_region_num, ((__cy_regions_end - __cy_regions) / 0x10))
                0x20008000                PROVIDE (__cy_stack, (ORIGIN (ram) + 0x10000))
                0x20007800                PROVIDE (__cy_heap_end, (__cy_stack - 0x800))

.cybootloader   0x00000000        0x0
 *(.cybootloader)
                0x00000000                appl1_start = CY_APPL_ORIGIN?CY_APPL_ORIGIN:ALIGN (CY_FLASH_ROW_SIZE)
                0x0001ff00                appl2_start = (appl1_start + ALIGN ((((0x40000 - appl1_start) - (0x2 * CY_FLASH_ROW_SIZE)) / 0x2), CY_FLASH_ROW_SIZE))
                0x00000000                appl_start = (CY_APPL_NUM == 0x1)?appl1_start:appl2_start
                0x00000000                ecc_offset = ((appl_start / CY_FLASH_ROW_SIZE) * CY_ECC_ROW_SIZE)
                0x00000000                ee_offset = (CY_APPL_LOADABLE && ! (CY_EE_IN_BTLDR))?((CY_EE_SIZE / CY_APPL_MAX) * (CY_APPL_NUM - 0x1)):0x0
                0x00000800                ee_size = (CY_APPL_LOADABLE && ! (CY_EE_IN_BTLDR))?(CY_EE_SIZE / CY_APPL_MAX):CY_EE_SIZE
                0x00000000                PROVIDE (CY_ECC_OFFSET, ecc_offset)

.text           0x00000000     0x34cc
 CREATE_OBJECT_SYMBOLS
                0x00000000                PROVIDE (__cy_interrupt_vector, RomVectors)
 *(.romvectors)
 .romvectors    0x00000000       0x10 .\CortexM3\ARM_GCC_493\Debug\Cm3Start.o
                0x00000000                RomVectors
                0x00000001                ASSERT ((. != __cy_interrupt_vector), No interrupt vector)
                0x00000001                ASSERT (CY_APPL_ORIGIN?(SIZEOF (.cybootloader) <= CY_APPL_ORIGIN):0x1, Wrong image location)
                0x00000010                PROVIDE (__cy_reset, Reset)
 *(.text.Reset)
 .text.Reset    0x00000010       0x18 .\CortexM3\ARM_GCC_493\Debug\Cm3Start.o
                0x00000010                Reset
                0x00000001                ASSERT ((. != __cy_reset), No reset code)
 *(.dma_init)
                0x00000001                ASSERT ((((appl_start + .) <= 0x10000) || 0x1), DMA Init must be within the first 64k of flash)
 *(.text .text.* .gnu.linkonce.t.*)
 .text          0x00000028       0x5c c:/program files (x86)/cypress/psoc creator/3.3/psoc creator/import/gnu/arm/4.9.3/bin/../lib/gcc/arm-none-eabi/4.9.3/armv7-m/crtbegin.o
 .text.Mode_Handler
                0x00000084       0x28 .\CortexM3\ARM_GCC_493\Debug\main.o
                0x00000084                Mode_Handler
 .text.Bright_Handler
                0x000000ac       0x34 .\CortexM3\ARM_GCC_493\Debug\main.o
                0x000000ac                Bright_Handler
 .text.LanternToggle_Handler
                0x000000e0       0x1c .\CortexM3\ARM_GCC_493\Debug\main.o
                0x000000e0                LanternToggle_Handler
 .text.main     0x000000fc      0x238 .\CortexM3\ARM_GCC_493\Debug\main.o
                0x000000fc                main
 .text.constrain
                0x00000334       0x10 .\CortexM3\ARM_GCC_493\Debug\tft.o
                0x00000334                constrain
 .text.write8_a0
                0x00000344       0x70 .\CortexM3\ARM_GCC_493\Debug\tft.o
                0x00000344                write8_a0
 .text.write8_a1
                0x000003b4       0x70 .\CortexM3\ARM_GCC_493\Debug\tft.o
                0x000003b4                write8_a1
 .text.setRowCol
                0x00000424       0xa0 .\CortexM3\ARM_GCC_493\Debug\tft.o
                0x00000424                setRowCol
 .text.drawRect
                0x000004c4      0x1a0 .\CortexM3\ARM_GCC_493\Debug\tft.o
                0x000004c4                drawRect
 .text.clearScreen
                0x00000664       0x20 .\CortexM3\ARM_GCC_493\Debug\tft.o
                0x00000664                clearScreen
 .text.tftStart
                0x00000684       0xc8 .\CortexM3\ARM_GCC_493\Debug\tft.o
                0x00000684                tftStart
 .text.DMA_0_Complete_Handler
                0x0000074c        0xc .\CortexM3\ARM_GCC_493\Debug\dma_util.o
                0x0000074c                DMA_0_Complete_Handler
 .text.DMA_1_Complete_Handler
                0x00000758        0xc .\CortexM3\ARM_GCC_493\Debug\dma_util.o
                0x00000758                DMA_1_Complete_Handler
 .text.DMA_2_Complete_Handler
                0x00000764        0xc .\CortexM3\ARM_GCC_493\Debug\dma_util.o
                0x00000764                DMA_2_Complete_Handler
 .text.DMA_3_Complete_Handler
                0x00000770        0xc .\CortexM3\ARM_GCC_493\Debug\dma_util.o
                0x00000770                DMA_3_Complete_Handler
 .text.Init_DMA_SPI
                0x0000077c      0x104 .\CortexM3\ARM_GCC_493\Debug\dma_util.o
                0x0000077c                Init_DMA_SPI
 .text.DMA_Feed_SPI_Async
                0x00000880       0xd4 .\CortexM3\ARM_GCC_493\Debug\dma_util.o
                0x00000880                DMA_Feed_SPI_Async
 .text.DMA_Wait_For_Completion
                0x00000954       0xd4 .\CortexM3\ARM_GCC_493\Debug\dma_util.o
                0x00000954                DMA_Wait_For_Completion
 .text.screenAtan
                0x00000a28        0xc .\CortexM3\ARM_GCC_493\Debug\rotate_liquid.o
                0x00000a28                screenAtan
 .text.drawLiquid
                0x00000a34      0x3c0 .\CortexM3\ARM_GCC_493\Debug\rotate_liquid.o
                0x00000a34                drawLiquid
 .text.getSinQ15
                0x00000df4       0x24 .\CortexM3\ARM_GCC_493\Debug\trig.o
                0x00000df4                getSinQ15
 .text.getCosQ15
                0x00000e18       0x28 .\CortexM3\ARM_GCC_493\Debug\trig.o
                0x00000e18                getCosQ15
 .text.MPU6050_Start
                0x00000e40       0x1c .\CortexM3\ARM_GCC_493\Debug\imu.o
                0x00000e40                MPU6050_Start
 .text.Read_Accel_Data
                0x00000e5c       0x70 .\CortexM3\ARM_GCC_493\Debug\imu.o
                0x00000e5c                Read_Accel_Data
 .text.constrainInt16
                0x00000ecc       0x10 .\CortexM3\ARM_GCC_493\Debug\snowglobe.o
 .text.randIn   0x00000edc       0x28 .\CortexM3\ARM_GCC_493\Debug\snowglobe.o
 .text.randPM   0x00000f04       0x28 .\CortexM3\ARM_GCC_493\Debug\snowglobe.o
 .text.snowglobeInit
                0x00000f2c       0xac .\CortexM3\ARM_GCC_493\Debug\snowglobe.o
                0x00000f2c                snowglobeInit
 .text.snowglobeUpdate
                0x00000fd8      0x318 .\CortexM3\ARM_GCC_493\Debug\snowglobe.o
                0x00000fd8                snowglobeUpdate
 .text.lightLantern
                0x000012f0      0x48c .\CortexM3\ARM_GCC_493\Debug\lantern.o
                0x000012f0                lightLantern
 .text.IntDefaultHandler
                0x0000177c        0x4 .\CortexM3\ARM_GCC_493\Debug\Cm3Start.o
                0x0000177c                IntDefaultHandler
 .text._sbrk    0x00001780       0x30 .\CortexM3\ARM_GCC_493\Debug\Cm3Start.o
                0x00001780                _sbrk
 .text.Start_c  0x000017b0       0x4c .\CortexM3\ARM_GCC_493\Debug\Cm3Start.o
                0x000017b0                Start_c
 .text.initialize_psoc
                0x000017fc       0x78 .\CortexM3\ARM_GCC_493\Debug\Cm3Start.o
                0x000017fc                initialize_psoc
 .text.CyClockStartupError
                0x00001874        0x4 .\CortexM3\ARM_GCC_493\Debug\FinalProject.a(cyfitter_cfg.o)
 .text.cfg_write_bytes32
                0x00001878       0x34 .\CortexM3\ARM_GCC_493\Debug\FinalProject.a(cyfitter_cfg.o)
 .text.AnalogSetDefault
                0x000018ac       0x38 .\CortexM3\ARM_GCC_493\Debug\FinalProject.a(cyfitter_cfg.o)
 .text.CYMEMZERO
                0x000018e4        0xc .\CortexM3\ARM_GCC_493\Debug\FinalProject.a(cyfitter_cfg.o)
 .text.CYCONFIGCPY
                0x000018f0        0x8 .\CortexM3\ARM_GCC_493\Debug\FinalProject.a(cyfitter_cfg.o)
 .text.ClockSetup
                0x000018f8      0x130 .\CortexM3\ARM_GCC_493\Debug\FinalProject.a(cyfitter_cfg.o)
 .text.ADC_DelSig_1_AMux_Set
                0x00001a28       0x1c .\CortexM3\ARM_GCC_493\Debug\FinalProject.a(cyfitter_cfg.o)
                0x00001a28                ADC_DelSig_1_AMux_Set
 .text.ADC_DelSig_1_AMux_Unset
                0x00001a44       0x1c .\CortexM3\ARM_GCC_493\Debug\FinalProject.a(cyfitter_cfg.o)
                0x00001a44                ADC_DelSig_1_AMux_Unset
 .text.cyfitter_cfg
                0x00001a60      0x194 .\CortexM3\ARM_GCC_493\Debug\FinalProject.a(cyfitter_cfg.o)
                0x00001a60                cyfitter_cfg
 .text.DMA_1_DmaInitialize
                0x00001bf4       0x40 .\CortexM3\ARM_GCC_493\Debug\FinalProject.a(DMA_1_dma.o)
                0x00001bf4                DMA_1_DmaInitialize
 .text.SPIM_1_Enable
                0x00001c34       0x34 .\CortexM3\ARM_GCC_493\Debug\FinalProject.a(SPIM_1.o)
                0x00001c34                SPIM_1_Enable
 .text.SPIM_1_ReadTxStatus
                0x00001c68        0xc .\CortexM3\ARM_GCC_493\Debug\FinalProject.a(SPIM_1.o)
                0x00001c68                SPIM_1_ReadTxStatus
 .text.SPIM_1_ReadRxStatus
                0x00001c74        0xc .\CortexM3\ARM_GCC_493\Debug\FinalProject.a(SPIM_1.o)
                0x00001c74                SPIM_1_ReadRxStatus
 .text.SPIM_1_WriteTxData
                0x00001c80       0x18 .\CortexM3\ARM_GCC_493\Debug\FinalProject.a(SPIM_1.o)
                0x00001c80                SPIM_1_WriteTxData
 .text.SPIM_1_ClearFIFO
                0x00001c98       0x3c .\CortexM3\ARM_GCC_493\Debug\FinalProject.a(SPIM_1.o)
                0x00001c98                SPIM_1_ClearFIFO
 .text.SPIM_1_Init
                0x00001cd4       0x2c .\CortexM3\ARM_GCC_493\Debug\FinalProject.a(SPIM_1.o)
                0x00001cd4                SPIM_1_Init
 .text.SPIM_1_Start
                0x00001d00       0x1c .\CortexM3\ARM_GCC_493\Debug\FinalProject.a(SPIM_1.o)
                0x00001d00                SPIM_1_Start
 .text.SPIM_1_IntClock_Start
                0x00001d1c       0x1c .\CortexM3\ARM_GCC_493\Debug\FinalProject.a(SPIM_1_IntClock.o)
                0x00001d1c                SPIM_1_IntClock_Start
 .text          0x00001d38       0x20 .\CortexM3\ARM_GCC_493\Debug\FinalProject.a(CyBootAsmGnu.o)
                0x00001d38                CyDelayCycles
                0x00001d48                CyEnterCriticalSection
                0x00001d50                CyExitCriticalSection
 .text.CyDmacConfigure
                0x00001d58       0x34 .\CortexM3\ARM_GCC_493\Debug\FinalProject.a(CyDmac.o)
                0x00001d58                CyDmacConfigure
 .text.CyDmaChEnable
                0x00001d8c       0x38 .\CortexM3\ARM_GCC_493\Debug\FinalProject.a(CyDmac.o)
                0x00001d8c                CyDmaChEnable
 .text.CyDmaChPriority
                0x00001dc4       0x24 .\CortexM3\ARM_GCC_493\Debug\FinalProject.a(CyDmac.o)
                0x00001dc4                CyDmaChPriority
 .text.CyDmaChSetExtendedAddress
                0x00001de8       0x34 .\CortexM3\ARM_GCC_493\Debug\FinalProject.a(CyDmac.o)
                0x00001de8                CyDmaChSetExtendedAddress
 .text.CyDmaChSetInitialTd
                0x00001e1c       0x18 .\CortexM3\ARM_GCC_493\Debug\FinalProject.a(CyDmac.o)
                0x00001e1c                CyDmaChSetInitialTd
 .text.CyDmaChStatus
                0x00001e34       0x30 .\CortexM3\ARM_GCC_493\Debug\FinalProject.a(CyDmac.o)
                0x00001e34                CyDmaChStatus
 .text.CyDmaChSetConfiguration
                0x00001e64       0x48 .\CortexM3\ARM_GCC_493\Debug\FinalProject.a(CyDmac.o)
                0x00001e64                CyDmaChSetConfiguration
 .text.CyDmaTdAllocate
                0x00001eac       0x34 .\CortexM3\ARM_GCC_493\Debug\FinalProject.a(CyDmac.o)
                0x00001eac                CyDmaTdAllocate
 .text.CyDmaTdSetConfiguration
                0x00001ee0       0x28 .\CortexM3\ARM_GCC_493\Debug\FinalProject.a(CyDmac.o)
                0x00001ee0                CyDmaTdSetConfiguration
 .text.CyDmaTdSetAddress
                0x00001f08       0x1c .\CortexM3\ARM_GCC_493\Debug\FinalProject.a(CyDmac.o)
                0x00001f08                CyDmaTdSetAddress
 .text.CyHalt   0x00001f24        0x4 .\CortexM3\ARM_GCC_493\Debug\FinalProject.a(CyLib.o)
                0x00001f24                CyHalt
 .text.CyDelay  0x00001f28       0x2c .\CortexM3\ARM_GCC_493\Debug\FinalProject.a(CyLib.o)
                0x00001f28                CyDelay
 .text.CyDelayUs
                0x00001f54       0x14 .\CortexM3\ARM_GCC_493\Debug\FinalProject.a(CyLib.o)
                0x00001f54                CyDelayUs
 .text.CyIntSetVector
                0x00001f68       0x28 .\CortexM3\ARM_GCC_493\Debug\FinalProject.a(CyLib.o)
                0x00001f68                CyIntSetVector
 .text.CyIntSetPriority
                0x00001f90       0x30 .\CortexM3\ARM_GCC_493\Debug\FinalProject.a(CyLib.o)
                0x00001f90                CyIntSetPriority
 .text.ADC_DelSig_1_GainCompensation
                0x00001fc0       0xcc .\CortexM3\ARM_GCC_493\Debug\FinalProject.a(ADC_DelSig_1.o)
 .text.ADC_DelSig_1_SetDSMRef0Reg
                0x0000208c       0x4c .\CortexM3\ARM_GCC_493\Debug\FinalProject.a(ADC_DelSig_1.o)
 .text.ADC_DelSig_1_InitConfig
                0x000020d8       0xe0 .\CortexM3\ARM_GCC_493\Debug\FinalProject.a(ADC_DelSig_1.o)
 .text.ADC_DelSig_1_Init
                0x000021b8       0xc4 .\CortexM3\ARM_GCC_493\Debug\FinalProject.a(ADC_DelSig_1.o)
                0x000021b8                ADC_DelSig_1_Init
 .text.ADC_DelSig_1_Enable
                0x0000227c       0xd8 .\CortexM3\ARM_GCC_493\Debug\FinalProject.a(ADC_DelSig_1.o)
                0x0000227c                ADC_DelSig_1_Enable
 .text.ADC_DelSig_1_Start
                0x00002354       0x28 .\CortexM3\ARM_GCC_493\Debug\FinalProject.a(ADC_DelSig_1.o)
                0x00002354                ADC_DelSig_1_Start
 .text.ADC_DelSig_1_StartConvert
                0x0000237c       0x10 .\CortexM3\ARM_GCC_493\Debug\FinalProject.a(ADC_DelSig_1.o)
                0x0000237c                ADC_DelSig_1_StartConvert
 .text.ADC_DelSig_1_ISR1
                0x0000238c        0x4 .\CortexM3\ARM_GCC_493\Debug\FinalProject.a(ADC_DelSig_1_INT.o)
                0x0000238c                ADC_DelSig_1_ISR1
 .text.ADC_DelSig_1_AMux_Start
                0x00002390       0x20 .\CortexM3\ARM_GCC_493\Debug\FinalProject.a(ADC_DelSig_1_AMux.o)
                0x00002390                ADC_DelSig_1_AMux_Start
 .text.ADC_DelSig_1_AMux_Select
                0x000023b0       0x18 .\CortexM3\ARM_GCC_493\Debug\FinalProject.a(ADC_DelSig_1_AMux.o)
                0x000023b0                ADC_DelSig_1_AMux_Select
 .text.ADC_DelSig_1_Ext_CP_Clk_GetDividerRegister
                0x000023c8        0xc .\CortexM3\ARM_GCC_493\Debug\FinalProject.a(ADC_DelSig_1_Ext_CP_Clk.o)
                0x000023c8                ADC_DelSig_1_Ext_CP_Clk_GetDividerRegister
 .text.ADC_DelSig_1_Ext_CP_Clk_SetModeRegister
                0x000023d4       0x14 .\CortexM3\ARM_GCC_493\Debug\FinalProject.a(ADC_DelSig_1_Ext_CP_Clk.o)
                0x000023d4                ADC_DelSig_1_Ext_CP_Clk_SetModeRegister
 .text.ADC_DelSig_1_Ext_CP_Clk_GetSourceRegister
                0x000023e8       0x10 .\CortexM3\ARM_GCC_493\Debug\FinalProject.a(ADC_DelSig_1_Ext_CP_Clk.o)
                0x000023e8                ADC_DelSig_1_Ext_CP_Clk_GetSourceRegister
 .text.ADC_DelSig_1_Ext_CP_Clk_SetDividerRegister
                0x000023f8       0xd8 .\CortexM3\ARM_GCC_493\Debug\FinalProject.a(ADC_DelSig_1_Ext_CP_Clk.o)
                0x000023f8                ADC_DelSig_1_Ext_CP_Clk_SetDividerRegister
 .text.ADC_DelSig_1_theACLK_GetDividerRegister
                0x000024d0        0xc .\CortexM3\ARM_GCC_493\Debug\FinalProject.a(ADC_DelSig_1_theACLK.o)
                0x000024d0                ADC_DelSig_1_theACLK_GetDividerRegister
 .text.ADC_DelSig_1_theACLK_SetModeRegister
                0x000024dc       0x14 .\CortexM3\ARM_GCC_493\Debug\FinalProject.a(ADC_DelSig_1_theACLK.o)
                0x000024dc                ADC_DelSig_1_theACLK_SetModeRegister
 .text.ADC_DelSig_1_theACLK_GetSourceRegister
                0x000024f0       0x10 .\CortexM3\ARM_GCC_493\Debug\FinalProject.a(ADC_DelSig_1_theACLK.o)
                0x000024f0                ADC_DelSig_1_theACLK_GetSourceRegister
 .text.ADC_DelSig_1_theACLK_SetDividerRegister
                0x00002500       0xd8 .\CortexM3\ARM_GCC_493\Debug\FinalProject.a(ADC_DelSig_1_theACLK.o)
                0x00002500                ADC_DelSig_1_theACLK_SetDividerRegister
 .text.DC1_Write
                0x000025d8       0x18 .\CortexM3\ARM_GCC_493\Debug\FinalProject.a(DC1.o)
                0x000025d8                DC1_Write
 .text.RESET1_Write
                0x000025f0       0x18 .\CortexM3\ARM_GCC_493\Debug\FinalProject.a(RESET1.o)
                0x000025f0                RESET1_Write
 .text.DMA_Complete_ISR_1_SetVector
                0x00002608        0xc .\CortexM3\ARM_GCC_493\Debug\FinalProject.a(DMA_Complete_ISR_1.o)
                0x00002608                DMA_Complete_ISR_1_SetVector
 .text.DMA_Complete_ISR_1_SetPriority
                0x00002614       0x10 .\CortexM3\ARM_GCC_493\Debug\FinalProject.a(DMA_Complete_ISR_1.o)
                0x00002614                DMA_Complete_ISR_1_SetPriority
 .text.DMA_Complete_ISR_1_Enable
                0x00002624        0xc .\CortexM3\ARM_GCC_493\Debug\FinalProject.a(DMA_Complete_ISR_1.o)
                0x00002624                DMA_Complete_ISR_1_Enable
 .text.DMA_Complete_ISR_1_Disable
                0x00002630        0xc .\CortexM3\ARM_GCC_493\Debug\FinalProject.a(DMA_Complete_ISR_1.o)
                0x00002630                DMA_Complete_ISR_1_Disable
 .text.DMA_Complete_ISR_1_StartEx
                0x0000263c       0x1c .\CortexM3\ARM_GCC_493\Debug\FinalProject.a(DMA_Complete_ISR_1.o)
                0x0000263c                DMA_Complete_ISR_1_StartEx
 .text.SPIM_2_Enable
                0x00002658       0x34 .\CortexM3\ARM_GCC_493\Debug\FinalProject.a(SPIM_2.o)
                0x00002658                SPIM_2_Enable
 .text.SPIM_2_ReadTxStatus
                0x0000268c        0xc .\CortexM3\ARM_GCC_493\Debug\FinalProject.a(SPIM_2.o)
                0x0000268c                SPIM_2_ReadTxStatus
 .text.SPIM_2_ReadRxStatus
                0x00002698        0xc .\CortexM3\ARM_GCC_493\Debug\FinalProject.a(SPIM_2.o)
                0x00002698                SPIM_2_ReadRxStatus
 .text.SPIM_2_WriteTxData
                0x000026a4       0x18 .\CortexM3\ARM_GCC_493\Debug\FinalProject.a(SPIM_2.o)
                0x000026a4                SPIM_2_WriteTxData
 .text.SPIM_2_ClearFIFO
                0x000026bc       0x3c .\CortexM3\ARM_GCC_493\Debug\FinalProject.a(SPIM_2.o)
                0x000026bc                SPIM_2_ClearFIFO
 .text.SPIM_2_Init
                0x000026f8       0x2c .\CortexM3\ARM_GCC_493\Debug\FinalProject.a(SPIM_2.o)
                0x000026f8                SPIM_2_Init
 .text.SPIM_2_Start
                0x00002724       0x1c .\CortexM3\ARM_GCC_493\Debug\FinalProject.a(SPIM_2.o)
                0x00002724                SPIM_2_Start
 .text.RESET2_Write
                0x00002740       0x18 .\CortexM3\ARM_GCC_493\Debug\FinalProject.a(RESET2.o)
                0x00002740                RESET2_Write
 .text.DC2_Write
                0x00002758       0x18 .\CortexM3\ARM_GCC_493\Debug\FinalProject.a(DC2.o)
                0x00002758                DC2_Write
 .text.DMA_2_DmaInitialize
                0x00002770       0x40 .\CortexM3\ARM_GCC_493\Debug\FinalProject.a(DMA_2_dma.o)
                0x00002770                DMA_2_DmaInitialize
 .text.DMA_Complete_ISR_2_SetVector
                0x000027b0        0xc .\CortexM3\ARM_GCC_493\Debug\FinalProject.a(DMA_Complete_ISR_2.o)
                0x000027b0                DMA_Complete_ISR_2_SetVector
 .text.DMA_Complete_ISR_2_SetPriority
                0x000027bc       0x10 .\CortexM3\ARM_GCC_493\Debug\FinalProject.a(DMA_Complete_ISR_2.o)
                0x000027bc                DMA_Complete_ISR_2_SetPriority
 .text.DMA_Complete_ISR_2_Enable
                0x000027cc        0xc .\CortexM3\ARM_GCC_493\Debug\FinalProject.a(DMA_Complete_ISR_2.o)
                0x000027cc                DMA_Complete_ISR_2_Enable
 .text.DMA_Complete_ISR_2_Disable
                0x000027d8        0xc .\CortexM3\ARM_GCC_493\Debug\FinalProject.a(DMA_Complete_ISR_2.o)
                0x000027d8                DMA_Complete_ISR_2_Disable
 .text.DMA_Complete_ISR_2_StartEx
                0x000027e4       0x1c .\CortexM3\ARM_GCC_493\Debug\FinalProject.a(DMA_Complete_ISR_2.o)
                0x000027e4                DMA_Complete_ISR_2_StartEx
 .text.SPIM_2_IntClock_Start
                0x00002800       0x1c .\CortexM3\ARM_GCC_493\Debug\FinalProject.a(SPIM_2_IntClock.o)
                0x00002800                SPIM_2_IntClock_Start
 .text.DMA_3_DmaInitialize
                0x0000281c       0x40 .\CortexM3\ARM_GCC_493\Debug\FinalProject.a(DMA_3_dma.o)
                0x0000281c                DMA_3_DmaInitialize
 .text.SPIM_3_Enable
                0x0000285c       0x34 .\CortexM3\ARM_GCC_493\Debug\FinalProject.a(SPIM_3.o)
                0x0000285c                SPIM_3_Enable
 .text.SPIM_3_ReadTxStatus
                0x00002890        0xc .\CortexM3\ARM_GCC_493\Debug\FinalProject.a(SPIM_3.o)
                0x00002890                SPIM_3_ReadTxStatus
 .text.SPIM_3_ReadRxStatus
                0x0000289c        0xc .\CortexM3\ARM_GCC_493\Debug\FinalProject.a(SPIM_3.o)
                0x0000289c                SPIM_3_ReadRxStatus
 .text.SPIM_3_WriteTxData
                0x000028a8       0x18 .\CortexM3\ARM_GCC_493\Debug\FinalProject.a(SPIM_3.o)
                0x000028a8                SPIM_3_WriteTxData
 .text.SPIM_3_ClearFIFO
                0x000028c0       0x3c .\CortexM3\ARM_GCC_493\Debug\FinalProject.a(SPIM_3.o)
                0x000028c0                SPIM_3_ClearFIFO
 .text.SPIM_3_Init
                0x000028fc       0x2c .\CortexM3\ARM_GCC_493\Debug\FinalProject.a(SPIM_3.o)
                0x000028fc                SPIM_3_Init
 .text.SPIM_3_Start
                0x00002928       0x1c .\CortexM3\ARM_GCC_493\Debug\FinalProject.a(SPIM_3.o)
                0x00002928                SPIM_3_Start
 .text.DC3_Write
                0x00002944       0x18 .\CortexM3\ARM_GCC_493\Debug\FinalProject.a(DC3.o)
                0x00002944                DC3_Write
 .text.RESET3_Write
                0x0000295c       0x18 .\CortexM3\ARM_GCC_493\Debug\FinalProject.a(RESET3.o)
                0x0000295c                RESET3_Write
 .text.DMA_Complete_ISR_3_SetVector
                0x00002974        0xc .\CortexM3\ARM_GCC_493\Debug\FinalProject.a(DMA_Complete_ISR_3.o)
                0x00002974                DMA_Complete_ISR_3_SetVector
 .text.DMA_Complete_ISR_3_SetPriority
                0x00002980       0x10 .\CortexM3\ARM_GCC_493\Debug\FinalProject.a(DMA_Complete_ISR_3.o)
                0x00002980                DMA_Complete_ISR_3_SetPriority
 .text.DMA_Complete_ISR_3_Enable
                0x00002990        0xc .\CortexM3\ARM_GCC_493\Debug\FinalProject.a(DMA_Complete_ISR_3.o)
                0x00002990                DMA_Complete_ISR_3_Enable
 .text.DMA_Complete_ISR_3_Disable
                0x0000299c        0xc .\CortexM3\ARM_GCC_493\Debug\FinalProject.a(DMA_Complete_ISR_3.o)
                0x0000299c                DMA_Complete_ISR_3_Disable
 .text.DMA_Complete_ISR_3_StartEx
                0x000029a8       0x1c .\CortexM3\ARM_GCC_493\Debug\FinalProject.a(DMA_Complete_ISR_3.o)
                0x000029a8                DMA_Complete_ISR_3_StartEx
 .text.SPIM_3_IntClock_Start
                0x000029c4       0x1c .\CortexM3\ARM_GCC_493\Debug\FinalProject.a(SPIM_3_IntClock.o)
                0x000029c4                SPIM_3_IntClock_Start
 .text.DMA_0_DmaInitialize
                0x000029e0       0x3c .\CortexM3\ARM_GCC_493\Debug\FinalProject.a(DMA_0_dma.o)
                0x000029e0                DMA_0_DmaInitialize
 .text.SPIM_0_Enable
                0x00002a1c       0x34 .\CortexM3\ARM_GCC_493\Debug\FinalProject.a(SPIM_0.o)
                0x00002a1c                SPIM_0_Enable
 .text.SPIM_0_ReadTxStatus
                0x00002a50        0xc .\CortexM3\ARM_GCC_493\Debug\FinalProject.a(SPIM_0.o)
                0x00002a50                SPIM_0_ReadTxStatus
 .text.SPIM_0_ReadRxStatus
                0x00002a5c        0xc .\CortexM3\ARM_GCC_493\Debug\FinalProject.a(SPIM_0.o)
                0x00002a5c                SPIM_0_ReadRxStatus
 .text.SPIM_0_WriteTxData
                0x00002a68       0x18 .\CortexM3\ARM_GCC_493\Debug\FinalProject.a(SPIM_0.o)
                0x00002a68                SPIM_0_WriteTxData
 .text.SPIM_0_ClearFIFO
                0x00002a80       0x3c .\CortexM3\ARM_GCC_493\Debug\FinalProject.a(SPIM_0.o)
                0x00002a80                SPIM_0_ClearFIFO
 .text.SPIM_0_Init
                0x00002abc       0x2c .\CortexM3\ARM_GCC_493\Debug\FinalProject.a(SPIM_0.o)
                0x00002abc                SPIM_0_Init
 .text.SPIM_0_Start
                0x00002ae8       0x1c .\CortexM3\ARM_GCC_493\Debug\FinalProject.a(SPIM_0.o)
                0x00002ae8                SPIM_0_Start
 .text.DC0_Write
                0x00002b04       0x18 .\CortexM3\ARM_GCC_493\Debug\FinalProject.a(DC0.o)
                0x00002b04                DC0_Write
 .text.RESET0_Write
                0x00002b1c       0x18 .\CortexM3\ARM_GCC_493\Debug\FinalProject.a(RESET0.o)
                0x00002b1c                RESET0_Write
 .text.DMA_Complete_ISR_0_SetVector
                0x00002b34        0xc .\CortexM3\ARM_GCC_493\Debug\FinalProject.a(DMA_Complete_ISR_0.o)
                0x00002b34                DMA_Complete_ISR_0_SetVector
 .text.DMA_Complete_ISR_0_SetPriority
                0x00002b40       0x10 .\CortexM3\ARM_GCC_493\Debug\FinalProject.a(DMA_Complete_ISR_0.o)
                0x00002b40                DMA_Complete_ISR_0_SetPriority
 .text.DMA_Complete_ISR_0_Enable
                0x00002b50        0xc .\CortexM3\ARM_GCC_493\Debug\FinalProject.a(DMA_Complete_ISR_0.o)
                0x00002b50                DMA_Complete_ISR_0_Enable
 .text.DMA_Complete_ISR_0_Disable
                0x00002b5c        0xc .\CortexM3\ARM_GCC_493\Debug\FinalProject.a(DMA_Complete_ISR_0.o)
                0x00002b5c                DMA_Complete_ISR_0_Disable
 .text.DMA_Complete_ISR_0_StartEx
                0x00002b68       0x1c .\CortexM3\ARM_GCC_493\Debug\FinalProject.a(DMA_Complete_ISR_0.o)
                0x00002b68                DMA_Complete_ISR_0_StartEx
 .text.SPIM_0_IntClock_Start
                0x00002b84       0x1c .\CortexM3\ARM_GCC_493\Debug\FinalProject.a(SPIM_0_IntClock.o)
                0x00002b84                SPIM_0_IntClock_Start
 .text.I2C_1_Init
                0x00002ba0       0x68 .\CortexM3\ARM_GCC_493\Debug\FinalProject.a(I2C_1.o)
                0x00002ba0                I2C_1_Init
 .text.I2C_1_Enable
                0x00002c08       0x24 .\CortexM3\ARM_GCC_493\Debug\FinalProject.a(I2C_1.o)
                0x00002c08                I2C_1_Enable
 .text.I2C_1_Start
                0x00002c2c       0x28 .\CortexM3\ARM_GCC_493\Debug\FinalProject.a(I2C_1.o)
                0x00002c2c                I2C_1_Start
 .text.I2C_1_ISR
                0x00002c54      0x2cc .\CortexM3\ARM_GCC_493\Debug\FinalProject.a(I2C_1_INT.o)
                0x00002c54                I2C_1_ISR
 .text.I2C_1_MasterSendStart
                0x00002f20       0x80 .\CortexM3\ARM_GCC_493\Debug\FinalProject.a(I2C_1_MASTER.o)
                0x00002f20                I2C_1_MasterSendStart
 .text.I2C_1_MasterSendRestart
                0x00002fa0       0x6c .\CortexM3\ARM_GCC_493\Debug\FinalProject.a(I2C_1_MASTER.o)
                0x00002fa0                I2C_1_MasterSendRestart
 .text.I2C_1_MasterSendStop
                0x0000300c       0x38 .\CortexM3\ARM_GCC_493\Debug\FinalProject.a(I2C_1_MASTER.o)
                0x0000300c                I2C_1_MasterSendStop
 .text.I2C_1_MasterWriteByte
                0x00003044       0x58 .\CortexM3\ARM_GCC_493\Debug\FinalProject.a(I2C_1_MASTER.o)
                0x00003044                I2C_1_MasterWriteByte
 .text.I2C_1_MasterReadByte
                0x0000309c       0x58 .\CortexM3\ARM_GCC_493\Debug\FinalProject.a(I2C_1_MASTER.o)
                0x0000309c                I2C_1_MasterReadByte
 .text.MODE_ISR_SetVector
                0x000030f4        0xc .\CortexM3\ARM_GCC_493\Debug\FinalProject.a(MODE_ISR.o)
                0x000030f4                MODE_ISR_SetVector
 .text.MODE_ISR_SetPriority
                0x00003100       0x10 .\CortexM3\ARM_GCC_493\Debug\FinalProject.a(MODE_ISR.o)
                0x00003100                MODE_ISR_SetPriority
 .text.MODE_ISR_Enable
                0x00003110        0xc .\CortexM3\ARM_GCC_493\Debug\FinalProject.a(MODE_ISR.o)
                0x00003110                MODE_ISR_Enable
 .text.MODE_ISR_Disable
                0x0000311c        0xc .\CortexM3\ARM_GCC_493\Debug\FinalProject.a(MODE_ISR.o)
                0x0000311c                MODE_ISR_Disable
 .text.MODE_ISR_StartEx
                0x00003128       0x1c .\CortexM3\ARM_GCC_493\Debug\FinalProject.a(MODE_ISR.o)
                0x00003128                MODE_ISR_StartEx
 .text.LED_MODE_1_Write
                0x00003144       0x18 .\CortexM3\ARM_GCC_493\Debug\FinalProject.a(LED_MODE_1.o)
                0x00003144                LED_MODE_1_Write
 .text.LED_MODE_2_Write
                0x0000315c       0x18 .\CortexM3\ARM_GCC_493\Debug\FinalProject.a(LED_MODE_2.o)
                0x0000315c                LED_MODE_2_Write
 .text.BRIGHT_ISR_SetVector
                0x00003174        0xc .\CortexM3\ARM_GCC_493\Debug\FinalProject.a(BRIGHT_ISR.o)
                0x00003174                BRIGHT_ISR_SetVector
 .text.BRIGHT_ISR_SetPriority
                0x00003180       0x10 .\CortexM3\ARM_GCC_493\Debug\FinalProject.a(BRIGHT_ISR.o)
                0x00003180                BRIGHT_ISR_SetPriority
 .text.BRIGHT_ISR_Enable
                0x00003190        0xc .\CortexM3\ARM_GCC_493\Debug\FinalProject.a(BRIGHT_ISR.o)
                0x00003190                BRIGHT_ISR_Enable
 .text.BRIGHT_ISR_Disable
                0x0000319c        0xc .\CortexM3\ARM_GCC_493\Debug\FinalProject.a(BRIGHT_ISR.o)
                0x0000319c                BRIGHT_ISR_Disable
 .text.BRIGHT_ISR_StartEx
                0x000031a8       0x1c .\CortexM3\ARM_GCC_493\Debug\FinalProject.a(BRIGHT_ISR.o)
                0x000031a8                BRIGHT_ISR_StartEx
 .text.PWM_1_Enable
                0x000031c4       0x10 .\CortexM3\ARM_GCC_493\Debug\FinalProject.a(PWM_1.o)
                0x000031c4                PWM_1_Enable
 .text.PWM_1_Stop
                0x000031d4       0x10 .\CortexM3\ARM_GCC_493\Debug\FinalProject.a(PWM_1.o)
                0x000031d4                PWM_1_Stop
 .text.PWM_1_WriteCounter
                0x000031e4        0xc .\CortexM3\ARM_GCC_493\Debug\FinalProject.a(PWM_1.o)
                0x000031e4                PWM_1_WriteCounter
 .text.PWM_1_WritePeriod
                0x000031f0        0xc .\CortexM3\ARM_GCC_493\Debug\FinalProject.a(PWM_1.o)
                0x000031f0                PWM_1_WritePeriod
 .text.PWM_1_WriteCompare
                0x000031fc        0xc .\CortexM3\ARM_GCC_493\Debug\FinalProject.a(PWM_1.o)
                0x000031fc                PWM_1_WriteCompare
 .text.PWM_1_SetInterruptMode
                0x00003208        0xc .\CortexM3\ARM_GCC_493\Debug\FinalProject.a(PWM_1.o)
                0x00003208                PWM_1_SetInterruptMode
 .text.PWM_1_ReadStatusRegister
                0x00003214        0xc .\CortexM3\ARM_GCC_493\Debug\FinalProject.a(PWM_1.o)
                0x00003214                PWM_1_ReadStatusRegister
 .text.PWM_1_ReadCapture
                0x00003220        0xc .\CortexM3\ARM_GCC_493\Debug\FinalProject.a(PWM_1.o)
                0x00003220                PWM_1_ReadCapture
 .text.PWM_1_ClearFIFO
                0x0000322c       0x14 .\CortexM3\ARM_GCC_493\Debug\FinalProject.a(PWM_1.o)
                0x0000322c                PWM_1_ClearFIFO
 .text.PWM_1_Init
                0x00003240       0x50 .\CortexM3\ARM_GCC_493\Debug\FinalProject.a(PWM_1.o)
                0x00003240                PWM_1_Init
 .text.PWM_1_Start
                0x00003290       0x1c .\CortexM3\ARM_GCC_493\Debug\FinalProject.a(PWM_1.o)
                0x00003290                PWM_1_Start
 .text.LANTERN_TOGGLE_ISR_SetVector
                0x000032ac        0xc .\CortexM3\ARM_GCC_493\Debug\FinalProject.a(LANTERN_TOGGLE_ISR.o)
                0x000032ac                LANTERN_TOGGLE_ISR_SetVector
 .text.LANTERN_TOGGLE_ISR_SetPriority
                0x000032b8       0x10 .\CortexM3\ARM_GCC_493\Debug\FinalProject.a(LANTERN_TOGGLE_ISR.o)
                0x000032b8                LANTERN_TOGGLE_ISR_SetPriority
 .text.LANTERN_TOGGLE_ISR_Enable
                0x000032c8        0xc .\CortexM3\ARM_GCC_493\Debug\FinalProject.a(LANTERN_TOGGLE_ISR.o)
                0x000032c8                LANTERN_TOGGLE_ISR_Enable
 .text.LANTERN_TOGGLE_ISR_Disable
                0x000032d4        0xc .\CortexM3\ARM_GCC_493\Debug\FinalProject.a(LANTERN_TOGGLE_ISR.o)
                0x000032d4                LANTERN_TOGGLE_ISR_Disable
 .text.LANTERN_TOGGLE_ISR_StartEx
                0x000032e0       0x1c .\CortexM3\ARM_GCC_493\Debug\FinalProject.a(LANTERN_TOGGLE_ISR.o)
                0x000032e0                LANTERN_TOGGLE_ISR_StartEx
 .text.__errno  0x000032fc        0xc c:/program files (x86)/cypress/psoc creator/3.3/psoc creator/import/gnu/arm/4.9.3/bin/../lib/gcc/arm-none-eabi/4.9.3/../../../../arm-none-eabi/lib/armv7-m\libg_nano.a(lib_a-errno.o)
                0x000032fc                __errno
 .text.__libc_init_array
                0x00003308       0x4c c:/program files (x86)/cypress/psoc creator/3.3/psoc creator/import/gnu/arm/4.9.3/bin/../lib/gcc/arm-none-eabi/4.9.3/../../../../arm-none-eabi/lib/armv7-m\libg_nano.a(lib_a-init.o)
                0x00003308                __libc_init_array
 .text.memcpy   0x00003354       0x16 c:/program files (x86)/cypress/psoc creator/3.3/psoc creator/import/gnu/arm/4.9.3/bin/../lib/gcc/arm-none-eabi/4.9.3/../../../../arm-none-eabi/lib/armv7-m\libg_nano.a(lib_a-memcpy.o)
                0x00003354                memcpy
 .text.memset   0x0000336a       0x10 c:/program files (x86)/cypress/psoc creator/3.3/psoc creator/import/gnu/arm/4.9.3/bin/../lib/gcc/arm-none-eabi/4.9.3/../../../../arm-none-eabi/lib/armv7-m\libg_nano.a(lib_a-memset.o)
                0x0000336a                memset
 *fill*         0x0000337a        0x2 
 .text.rand     0x0000337c       0x74 c:/program files (x86)/cypress/psoc creator/3.3/psoc creator/import/gnu/arm/4.9.3/bin/../lib/gcc/arm-none-eabi/4.9.3/../../../../arm-none-eabi/lib/armv7-m\libg_nano.a(lib_a-rand.o)
                0x0000337c                rand
 .text.malloc   0x000033f0       0x10 c:/program files (x86)/cypress/psoc creator/3.3/psoc creator/import/gnu/arm/4.9.3/bin/../lib/gcc/arm-none-eabi/4.9.3/../../../../arm-none-eabi/lib/armv7-m\libg_nano.a(lib_a-malloc.o)
                0x000033f0                malloc
 .text._malloc_r
                0x00003400       0xac c:/program files (x86)/cypress/psoc creator/3.3/psoc creator/import/gnu/arm/4.9.3/bin/../lib/gcc/arm-none-eabi/4.9.3/../../../../arm-none-eabi/lib/armv7-m\libg_nano.a(lib_a-nano-mallocr.o)
                0x00003400                _malloc_r
 .text._sbrk_r  0x000034ac       0x20 c:/program files (x86)/cypress/psoc creator/3.3/psoc creator/import/gnu/arm/4.9.3/bin/../lib/gcc/arm-none-eabi/4.9.3/../../../../arm-none-eabi/lib/armv7-m\libg_nano.a(lib_a-sbrkr.o)
                0x000034ac                _sbrk_r
 *(.plt)
 *(.gnu.warning)
 *(.glue_7t)
 .glue_7t       0x00000000        0x0 linker stubs
 *(.glue_7)
 .glue_7        0x00000000        0x0 linker stubs
 *(.vfp11_veneer)
 .vfp11_veneer  0x00000000        0x0 linker stubs
 *(.bootloader)
 *(.ARM.extab* .gnu.linkonce.armextab.*)
 *(.gcc_except_table)

.v4_bx          0x000034cc        0x0
 .v4_bx         0x00000000        0x0 linker stubs

.iplt           0x000034cc        0x0
 .iplt          0x00000000        0x0 c:/program files (x86)/cypress/psoc creator/3.3/psoc creator/import/gnu/arm/4.9.3/bin/../lib/gcc/arm-none-eabi/4.9.3/armv7-m/crtbegin.o

.eh_frame_hdr
 *(.eh_frame_hdr)

.eh_frame       0x000034cc        0x4
 *(.eh_frame)
 .eh_frame      0x000034cc        0x0 c:/program files (x86)/cypress/psoc creator/3.3/psoc creator/import/gnu/arm/4.9.3/bin/../lib/gcc/arm-none-eabi/4.9.3/armv7-m/crtbegin.o
 .eh_frame      0x000034cc        0x4 c:/program files (x86)/cypress/psoc creator/3.3/psoc creator/import/gnu/arm/4.9.3/bin/../lib/gcc/arm-none-eabi/4.9.3/armv7-m/crtend.o
                0x000034d0                PROVIDE (__exidx_start, .)

.ARM.exidx
 *(.ARM.exidx* .gnu.linkonce.armexidx.*)
                0x000034d0                __exidx_end = .

.rodata         0x000034d0      0x6f8
 *(.rodata .rodata.* .gnu.linkonce.r.*)
 .rodata        0x000034d0        0x4 .\CortexM3\ARM_GCC_493\Debug\main.o
 .rodata        0x000034d4       0x6c .\CortexM3\ARM_GCC_493\Debug\tft.o
                0x000034d4                ST7796S_Init_Sequence
 .rodata        0x00003540      0x200 .\CortexM3\ARM_GCC_493\Debug\rotate_liquid.o
                0x00003540                atan_lut
 .rodata        0x00003740      0x2d0 .\CortexM3\ARM_GCC_493\Debug\trig.o
                0x00003740                sinLUT
 .rodata        0x00003a10        0xc .\CortexM3\ARM_GCC_493\Debug\snowglobe.o
 .rodata        0x00003a1c      0x100 .\CortexM3\ARM_GCC_493\Debug\lantern.o
                0x00003a1c                sineBrightness
 .rodata        0x00003b1c       0x74 .\CortexM3\ARM_GCC_493\Debug\FinalProject.a(cyfitter_cfg.o)
                0x00003b1c                ADC_DelSig_1_AMux__addrTable
                0x00003b24                ADC_DelSig_1_AMux__maskTable
 .rodata.str1.1
                0x00003b90        0x2 c:/program files (x86)/cypress/psoc creator/3.3/psoc creator/import/gnu/arm/4.9.3/bin/../lib/gcc/arm-none-eabi/4.9.3/../../../../arm-none-eabi/lib/armv7-m\libg_nano.a(lib_a-impure.o)
                0x00003b94                . = ALIGN (0x4)
 *fill*         0x00003b92        0x2 
 *(.init)
 .init          0x00003b94        0x4 c:/program files (x86)/cypress/psoc creator/3.3/psoc creator/import/gnu/arm/4.9.3/bin/../lib/gcc/arm-none-eabi/4.9.3/armv7-m/crti.o
                0x00003b94                _init
 .init          0x00003b98        0x8 c:/program files (x86)/cypress/psoc creator/3.3/psoc creator/import/gnu/arm/4.9.3/bin/../lib/gcc/arm-none-eabi/4.9.3/armv7-m/crtn.o
                0x00003ba0                . = ALIGN (0x4)
                0x00003ba0                __preinit_array_start = .
 *(.preinit_array)
                0x00003ba0                __preinit_array_end = .
                0x00003ba0                . = ALIGN (0x4)
                0x00003ba0                __init_array_start = .
 *(SORT(.init_array.*))
 *(.init_array)
 .init_array    0x00003ba0        0x4 c:/program files (x86)/cypress/psoc creator/3.3/psoc creator/import/gnu/arm/4.9.3/bin/../lib/gcc/arm-none-eabi/4.9.3/armv7-m/crtbegin.o
 .init_array    0x00003ba4        0x4 .\CortexM3\ARM_GCC_493\Debug\Cm3Start.o
                0x00003ba8                __init_array_end = .
                0x00003ba8                . = ALIGN (0x4)
 *(.fini)
 .fini          0x00003ba8        0x4 c:/program files (x86)/cypress/psoc creator/3.3/psoc creator/import/gnu/arm/4.9.3/bin/../lib/gcc/arm-none-eabi/4.9.3/armv7-m/crti.o
                0x00003ba8                _fini
 .fini          0x00003bac        0x8 c:/program files (x86)/cypress/psoc creator/3.3/psoc creator/import/gnu/arm/4.9.3/bin/../lib/gcc/arm-none-eabi/4.9.3/armv7-m/crtn.o
                0x00003bb4                . = ALIGN (0x4)
                0x00003bb4                __fini_array_start = .
 *(.fini_array)
 .fini_array    0x00003bb4        0x4 c:/program files (x86)/cypress/psoc creator/3.3/psoc creator/import/gnu/arm/4.9.3/bin/../lib/gcc/arm-none-eabi/4.9.3/armv7-m/crtbegin.o
 *(SORT(.fini_array.*))
                0x00003bb8                __fini_array_end = .
                0x00003bb8                . = ALIGN (0x4)
 *crtbegin.o(.ctors)
 *(EXCLUDE_FILE(*crtend.o) .ctors)
 *(SORT(.ctors.*))
 *crtend.o(.ctors)
                0x00003bb8                . = ALIGN (0x4)
 *crtbegin.o(.dtors)
 *(EXCLUDE_FILE(*crtend.o) .dtors)
 *(SORT(.dtors.*))
 *crtend.o(.dtors)
                0x00003bb8                . = ALIGN (0x4)
                0x00003bb8                __cy_regions = .
                0x00003bb8        0x4 LONG 0x3bc8 __cy_region_init_ram
                0x00003bbc        0x4 LONG 0x1fff8108 __cy_region_start_data
                0x00003bc0        0x4 LONG 0x98 __cy_region_init_size_ram
                0x00003bc4        0x4 LONG 0x1838 __cy_region_zero_size_ram
                0x00003bc8                __cy_regions_end = .
                0x00003bc8                . = ALIGN (0x8)
                0x00003bc8                _etext = .

.cy_checksum_exclude
                0x00003bc8        0x0
 *(.cy_checksum_exclude)

.ramvectors     0x1fff8000      0x100
                0x1fff8000                __cy_region_start_ram = .
 *(.ramvectors)
 .ramvectors    0x1fff8000      0x100 .\CortexM3\ARM_GCC_493\Debug\Cm3Start.o
                0x1fff8000                CyRamVectors

.noinit         0x1fff8100        0x5
 *(.noinit)
 .noinit        0x1fff8100        0x4 .\CortexM3\ARM_GCC_493\Debug\Cm3Start.o
 .noinit        0x1fff8104        0x1 .\CortexM3\ARM_GCC_493\Debug\FinalProject.a(CyLib.o)
                0x1fff8104                CyResetStatus

.data           0x1fff8108       0x98 load address 0x00003bc8
                0x1fff8108                __cy_region_start_data = .
 *(.jcr)
 .jcr           0x1fff8108        0x0 c:/program files (x86)/cypress/psoc creator/3.3/psoc creator/import/gnu/arm/4.9.3/bin/../lib/gcc/arm-none-eabi/4.9.3/armv7-m/crtbegin.o
 .jcr           0x1fff8108        0x4 c:/program files (x86)/cypress/psoc creator/3.3/psoc creator/import/gnu/arm/4.9.3/bin/../lib/gcc/arm-none-eabi/4.9.3/armv7-m/crtend.o
 *(.got.plt)
 *(.got)
 *(.shdata)
 *(.data .data.* .gnu.linkonce.d.*)
 .data          0x1fff810c        0x1 .\CortexM3\ARM_GCC_493\Debug\main.o
                0x1fff810c                brightness
 *fill*         0x1fff810d        0x3 
 .data          0x1fff8110        0x4 .\CortexM3\ARM_GCC_493\Debug\Cm3Start.o
 .data          0x1fff8114        0x1 .\CortexM3\ARM_GCC_493\Debug\FinalProject.a(DMA_1_dma.o)
                0x1fff8114                DMA_1_DmaHandle
 *fill*         0x1fff8115        0x3 
 .data          0x1fff8118        0x8 .\CortexM3\ARM_GCC_493\Debug\FinalProject.a(CyDmac.o)
 .data          0x1fff8120       0x10 .\CortexM3\ARM_GCC_493\Debug\FinalProject.a(CyLib.o)
                0x1fff8120                cydelay_32k_ms
                0x1fff8124                cydelay_freq_khz
                0x1fff8128                cydelay_freq_mhz
                0x1fff812c                cydelay_freq_hz
 .data          0x1fff8130        0x1 .\CortexM3\ARM_GCC_493\Debug\FinalProject.a(ADC_DelSig_1.o)
                0x1fff8130                ADC_DelSig_1_Config
 .data          0x1fff8131        0x1 .\CortexM3\ARM_GCC_493\Debug\FinalProject.a(ADC_DelSig_1_AMux.o)
 .data          0x1fff8132        0x1 .\CortexM3\ARM_GCC_493\Debug\FinalProject.a(DMA_2_dma.o)
                0x1fff8132                DMA_2_DmaHandle
 .data          0x1fff8133        0x1 .\CortexM3\ARM_GCC_493\Debug\FinalProject.a(DMA_3_dma.o)
                0x1fff8133                DMA_3_DmaHandle
 .data          0x1fff8134        0x1 .\CortexM3\ARM_GCC_493\Debug\FinalProject.a(DMA_0_dma.o)
                0x1fff8134                DMA_0_DmaHandle
 *fill*         0x1fff8135        0x3 
 .data.impure_data
                0x1fff8138       0x60 c:/program files (x86)/cypress/psoc creator/3.3/psoc creator/import/gnu/arm/4.9.3/bin/../lib/gcc/arm-none-eabi/4.9.3/../../../../arm-none-eabi/lib/armv7-m\libg_nano.a(lib_a-impure.o)
 .data._impure_ptr
                0x1fff8198        0x4 c:/program files (x86)/cypress/psoc creator/3.3/psoc creator/import/gnu/arm/4.9.3/bin/../lib/gcc/arm-none-eabi/4.9.3/../../../../arm-none-eabi/lib/armv7-m\libg_nano.a(lib_a-impure.o)
                0x1fff8198                _impure_ptr
                0x1fff81a0                . = ALIGN (0x8)
 *fill*         0x1fff819c        0x4 
 *(.ram)
                0x1fff81a0                _edata = .

.igot.plt       0x1fff81a0        0x0 load address 0x00003c60
 .igot.plt      0x00000000        0x0 c:/program files (x86)/cypress/psoc creator/3.3/psoc creator/import/gnu/arm/4.9.3/bin/../lib/gcc/arm-none-eabi/4.9.3/armv7-m/crtbegin.o

.bss            0x1fff81a0     0x1838 load address 0x00003c60
                0x1fff81a0                PROVIDE (__bss_start__, .)
 *(.shbss)
 *(.bss .bss.* .gnu.linkonce.b.*)
 .bss           0x1fff81a0       0x1c c:/program files (x86)/cypress/psoc creator/3.3/psoc creator/import/gnu/arm/4.9.3/bin/../lib/gcc/arm-none-eabi/4.9.3/armv7-m/crtbegin.o
 .bss           0x1fff81bc        0x6 .\CortexM3\ARM_GCC_493\Debug\main.o
                0x1fff81bc                mode
                0x1fff81bd                mode_changed
                0x1fff81be                brightnessChanged
                0x1fff81bf                brightIdx
                0x1fff81c0                lanternMode
                0x1fff81c1                lanternModeChanged
 .bss           0x1fff81c2        0xc .\CortexM3\ARM_GCC_493\Debug\dma_util.o
                0x1fff81c2                isDmaBusy_0
                0x1fff81c3                isDmaBusy_1
                0x1fff81c4                isDmaBusy_2
                0x1fff81c5                isDmaBusy_3
 *fill*         0x1fff81ce        0x2 
 .bss           0x1fff81d0      0x3c8 .\CortexM3\ARM_GCC_493\Debug\snowglobe.o
 .bss           0x1fff8598        0x1 .\CortexM3\ARM_GCC_493\Debug\FinalProject.a(SPIM_1.o)
                0x1fff8598                SPIM_1_initVar
 *fill*         0x1fff8599        0x3 
 .bss           0x1fff859c        0x8 .\CortexM3\ARM_GCC_493\Debug\FinalProject.a(ADC_DelSig_1.o)
                0x1fff85a0                ADC_DelSig_1_stopConversion
                0x1fff85a1                ADC_DelSig_1_convDone
                0x1fff85a2                ADC_DelSig_1_initVar
                0x1fff85a3                ADC_DelSig_1_started
 .bss           0x1fff85a4        0x1 .\CortexM3\ARM_GCC_493\Debug\FinalProject.a(SPIM_2.o)
                0x1fff85a4                SPIM_2_initVar
 .bss           0x1fff85a5        0x1 .\CortexM3\ARM_GCC_493\Debug\FinalProject.a(SPIM_3.o)
                0x1fff85a5                SPIM_3_initVar
 .bss           0x1fff85a6        0x1 .\CortexM3\ARM_GCC_493\Debug\FinalProject.a(SPIM_0.o)
                0x1fff85a6                SPIM_0_initVar
 .bss           0x1fff85a7        0x1 .\CortexM3\ARM_GCC_493\Debug\FinalProject.a(I2C_1.o)
                0x1fff85a7                I2C_1_initVar
 .bss           0x1fff85a8        0x1 .\CortexM3\ARM_GCC_493\Debug\FinalProject.a(PWM_1.o)
                0x1fff85a8                PWM_1_initVar
 *fill*         0x1fff85a9        0x3 
 .bss.__malloc_sbrk_start
                0x1fff85ac        0x4 c:/program files (x86)/cypress/psoc creator/3.3/psoc creator/import/gnu/arm/4.9.3/bin/../lib/gcc/arm-none-eabi/4.9.3/../../../../arm-none-eabi/lib/armv7-m\libg_nano.a(lib_a-nano-mallocr.o)
                0x1fff85ac                __malloc_sbrk_start
 .bss.__malloc_free_list
                0x1fff85b0        0x4 c:/program files (x86)/cypress/psoc creator/3.3/psoc creator/import/gnu/arm/4.9.3/bin/../lib/gcc/arm-none-eabi/4.9.3/../../../../arm-none-eabi/lib/armv7-m\libg_nano.a(lib_a-nano-mallocr.o)
                0x1fff85b0                __malloc_free_list
 *(COMMON)
 COMMON         0x1fff85b4     0x1400 .\CortexM3\ARM_GCC_493\Debug\dma_util.o
                0x1fff85b4                bufferA_2
                0x1fff8834                bufferB_2
                0x1fff8ab4                bufferB_3
                0x1fff8d34                bufferB_0
                0x1fff8fb4                bufferA_3
                0x1fff9234                bufferA_1
                0x1fff94b4                bufferA_0
                0x1fff9734                bufferB_1
 COMMON         0x1fff99b4        0x8 .\CortexM3\ARM_GCC_493\Debug\FinalProject.a(ADC_DelSig_1.o)
                0x1fff99b4                ADC_DelSig_1_CountsPerVolt
                0x1fff99b8                ADC_DelSig_1_Offset
 COMMON         0x1fff99bc        0x1 .\CortexM3\ARM_GCC_493\Debug\FinalProject.a(I2C_1.o)
                0x1fff99bc                I2C_1_state
 *fill*         0x1fff99bd        0x3 
 COMMON         0x1fff99c0       0x11 .\CortexM3\ARM_GCC_493\Debug\FinalProject.a(I2C_1_MASTER.o)
                0x1fff99c0                I2C_1_mstrWrBufIndex
                0x1fff99c1                I2C_1_mstrControl
                0x1fff99c2                I2C_1_mstrStatus
                0x1fff99c3                I2C_1_mstrWrBufSize
                0x1fff99c4                I2C_1_mstrRdBufIndex
                0x1fff99c8                I2C_1_mstrWrBufPtr
                0x1fff99cc                I2C_1_mstrRdBufPtr
                0x1fff99d0                I2C_1_mstrRdBufSize
 *fill*         0x1fff99d1        0x3 
 COMMON         0x1fff99d4        0x4 c:/program files (x86)/cypress/psoc creator/3.3/psoc creator/import/gnu/arm/4.9.3/bin/../lib/gcc/arm-none-eabi/4.9.3/../../../../arm-none-eabi/lib/armv7-m\libg_nano.a(lib_a-reent.o)
                0x1fff99d4                errno
                0x1fff99d8                . = ALIGN (0x8)
 *(.ram.b)
                0x1fff99d8                _end = .
                0x1fff99d8                __end = .
                0x1fff99d8                PROVIDE (end, .)
                0x1fff99d8                PROVIDE (__bss_end__, .)
                0x00003bc8                __cy_region_init_ram = LOADADDR (.data)
                0x00000098                __cy_region_init_size_ram = (_edata - ADDR (.data))
                0x00001838                __cy_region_zero_size_ram = (_end - _edata)

.heap           0x1fff99d8       0x80 load address 0x00003c60
                0x1fff99d8                . = _end
                0x1fff9a58                . = (. + 0x80)
 *fill*         0x1fff99d8       0x80 
                0x1fff9a58                __cy_heap_limit = .

.stack          0x20007800      0x800
                0x20007800                __cy_stack_limit = .
                0x20008000                . = (. + 0x800)
 *fill*         0x20007800      0x800 
                0x00000001                ASSERT ((__cy_stack_limit >= __cy_heap_limit), region RAM overflowed with stack)
                0x00000000                cy_checksum_exclude_size = (CY_APPL_LOADABLE == 0x1)?SIZEOF (.cy_checksum_exclude):0x0
                0x00000001                ASSERT ((cy_checksum_exclude_size <= CY_CHECKSUM_EXCLUDE_SIZE), CY_BOOT: Section .cy_checksum_exclude size exceedes specified limit.)

.cyloadermeta
 *(.cyloadermeta)

.cyloadablemeta
 *(.cyloadablemeta)

.cyconfigecc    0x80000000      0xba4
 *(.cyconfigecc)
 .cyconfigecc   0x80000000      0xba4 .\CortexM3\ARM_GCC_493\Debug\cymetadata.o
                0x80000000                cy_meta_configecc

.cycustnvl      0x90000000        0x4
 *(.cycustnvl)
 .cycustnvl     0x90000000        0x4 .\CortexM3\ARM_GCC_493\Debug\cymetadata.o
                0x90000000                cy_meta_custnvl

.cywolatch      0x90100000        0x4
 *(.cywolatch)
 .cywolatch     0x90100000        0x4 .\CortexM3\ARM_GCC_493\Debug\cymetadata.o
                0x90100000                cy_meta_wonvl

.cyeeprom       0x90200000        0x0
 *(.cyeeprom)
                0x00000001                ASSERT ((. <= ((0x90200000 + ee_offset) + ee_size)), .cyeeprom data will not fit in EEPROM)

.cyflashprotect
                0x90400000      0x100
 *(.cyflashprotect)
 .cyflashprotect
                0x90400000      0x100 .\CortexM3\ARM_GCC_493\Debug\cymetadata.o
                0x90400000                cy_meta_flashprotect

.cymeta         0x90500000        0xc
 *(.cymeta)
 .cymeta        0x90500000        0xc .\CortexM3\ARM_GCC_493\Debug\cymetadata.o
                0x90500000                cy_metadata

.rel.dyn        0x00003c60        0x0 load address 0x9050000c
 .rel.iplt      0x00000000        0x0 c:/program files (x86)/cypress/psoc creator/3.3/psoc creator/import/gnu/arm/4.9.3/bin/../lib/gcc/arm-none-eabi/4.9.3/armv7-m/crtbegin.o

.stab
 *(.stab)

.stabstr
 *(.stabstr)

.debug
 *(.debug)

.line
 *(.line)

.debug_srcinfo
 *(.debug_srcinfo)

.debug_sfnames
 *(.debug_sfnames)

.debug_aranges  0x00000000     0x1710
 *(.debug_aranges)
 .debug_aranges
                0x00000000       0x38 .\CortexM3\ARM_GCC_493\Debug\main.o
 .debug_aranges
                0x00000038       0x60 .\CortexM3\ARM_GCC_493\Debug\tft.o
 .debug_aranges
                0x00000098       0x50 .\CortexM3\ARM_GCC_493\Debug\dma_util.o
 .debug_aranges
                0x000000e8       0x30 .\CortexM3\ARM_GCC_493\Debug\rotate_liquid.o
 .debug_aranges
                0x00000118       0x28 .\CortexM3\ARM_GCC_493\Debug\trig.o
 .debug_aranges
                0x00000140       0x30 .\CortexM3\ARM_GCC_493\Debug\imu.o
 .debug_aranges
                0x00000170       0x40 .\CortexM3\ARM_GCC_493\Debug\snowglobe.o
 .debug_aranges
                0x000001b0       0x20 .\CortexM3\ARM_GCC_493\Debug\lantern.o
 .debug_aranges
                0x000001d0       0x18 .\CortexM3\ARM_GCC_493\Debug\cymetadata.o
 .debug_aranges
                0x000001e8       0x48 .\CortexM3\ARM_GCC_493\Debug\Cm3Start.o
 .debug_aranges
                0x00000230       0x68 .\CortexM3\ARM_GCC_493\Debug\FinalProject.a(cyfitter_cfg.o)
 .debug_aranges
                0x00000298       0x28 .\CortexM3\ARM_GCC_493\Debug\FinalProject.a(DMA_1_dma.o)
 .debug_aranges
                0x000002c0       0xd8 .\CortexM3\ARM_GCC_493\Debug\FinalProject.a(SPIM_1.o)
 .debug_aranges
                0x00000398       0x70 .\CortexM3\ARM_GCC_493\Debug\FinalProject.a(SPIM_1_IntClock.o)
 .debug_aranges
                0x00000408       0x20 .\CortexM3\ARM_GCC_493\Debug\FinalProject.a(CyBootAsmGnu.o)
 .debug_aranges
                0x00000428       0xd8 .\CortexM3\ARM_GCC_493\Debug\FinalProject.a(CyDmac.o)
 .debug_aranges
                0x00000500      0x298 .\CortexM3\ARM_GCC_493\Debug\FinalProject.a(CyLib.o)
 .debug_aranges
                0x00000798       0x98 .\CortexM3\ARM_GCC_493\Debug\FinalProject.a(cyPm.o)
 .debug_aranges
                0x00000830       0xe8 .\CortexM3\ARM_GCC_493\Debug\FinalProject.a(ADC_DelSig_1.o)
 .debug_aranges
                0x00000918       0x38 .\CortexM3\ARM_GCC_493\Debug\FinalProject.a(ADC_DelSig_1_INT.o)
 .debug_aranges
                0x00000950       0x30 .\CortexM3\ARM_GCC_493\Debug\FinalProject.a(ADC_DelSig_1_AMux.o)
 .debug_aranges
                0x00000980       0x70 .\CortexM3\ARM_GCC_493\Debug\FinalProject.a(ADC_DelSig_1_Ext_CP_Clk.o)
 .debug_aranges
                0x000009f0       0x80 .\CortexM3\ARM_GCC_493\Debug\FinalProject.a(ADC_DelSig_1_theACLK.o)
 .debug_aranges
                0x00000a70       0x38 .\CortexM3\ARM_GCC_493\Debug\FinalProject.a(DC1.o)
 .debug_aranges
                0x00000aa8       0x38 .\CortexM3\ARM_GCC_493\Debug\FinalProject.a(RESET1.o)
 .debug_aranges
                0x00000ae0       0x80 .\CortexM3\ARM_GCC_493\Debug\FinalProject.a(DMA_Complete_ISR_1.o)
 .debug_aranges
                0x00000b60       0xd8 .\CortexM3\ARM_GCC_493\Debug\FinalProject.a(SPIM_2.o)
 .debug_aranges
                0x00000c38       0x38 .\CortexM3\ARM_GCC_493\Debug\FinalProject.a(RESET2.o)
 .debug_aranges
                0x00000c70       0x38 .\CortexM3\ARM_GCC_493\Debug\FinalProject.a(DC2.o)
 .debug_aranges
                0x00000ca8       0x28 .\CortexM3\ARM_GCC_493\Debug\FinalProject.a(DMA_2_dma.o)
 .debug_aranges
                0x00000cd0       0x80 .\CortexM3\ARM_GCC_493\Debug\FinalProject.a(DMA_Complete_ISR_2.o)
 .debug_aranges
                0x00000d50       0x70 .\CortexM3\ARM_GCC_493\Debug\FinalProject.a(SPIM_2_IntClock.o)
 .debug_aranges
                0x00000dc0       0x28 .\CortexM3\ARM_GCC_493\Debug\FinalProject.a(DMA_3_dma.o)
 .debug_aranges
                0x00000de8       0xd8 .\CortexM3\ARM_GCC_493\Debug\FinalProject.a(SPIM_3.o)
 .debug_aranges
                0x00000ec0       0x38 .\CortexM3\ARM_GCC_493\Debug\FinalProject.a(DC3.o)
 .debug_aranges
                0x00000ef8       0x38 .\CortexM3\ARM_GCC_493\Debug\FinalProject.a(RESET3.o)
 .debug_aranges
                0x00000f30       0x80 .\CortexM3\ARM_GCC_493\Debug\FinalProject.a(DMA_Complete_ISR_3.o)
 .debug_aranges
                0x00000fb0       0x70 .\CortexM3\ARM_GCC_493\Debug\FinalProject.a(SPIM_3_IntClock.o)
 .debug_aranges
                0x00001020       0x28 .\CortexM3\ARM_GCC_493\Debug\FinalProject.a(DMA_0_dma.o)
 .debug_aranges
                0x00001048       0xd8 .\CortexM3\ARM_GCC_493\Debug\FinalProject.a(SPIM_0.o)
 .debug_aranges
                0x00001120       0x38 .\CortexM3\ARM_GCC_493\Debug\FinalProject.a(DC0.o)
 .debug_aranges
                0x00001158       0x38 .\CortexM3\ARM_GCC_493\Debug\FinalProject.a(RESET0.o)
 .debug_aranges
                0x00001190       0x80 .\CortexM3\ARM_GCC_493\Debug\FinalProject.a(DMA_Complete_ISR_0.o)
 .debug_aranges
                0x00001210       0x70 .\CortexM3\ARM_GCC_493\Debug\FinalProject.a(SPIM_0_IntClock.o)
 .debug_aranges
                0x00001280       0x38 .\CortexM3\ARM_GCC_493\Debug\FinalProject.a(I2C_1.o)
 .debug_aranges
                0x000012b8       0x20 .\CortexM3\ARM_GCC_493\Debug\FinalProject.a(I2C_1_INT.o)
 .debug_aranges
                0x000012d8       0x38 .\CortexM3\ARM_GCC_493\Debug\FinalProject.a(I2C_1_PM.o)
 .debug_aranges
                0x00001310       0x80 .\CortexM3\ARM_GCC_493\Debug\FinalProject.a(I2C_1_MASTER.o)
 .debug_aranges
                0x00001390       0x80 .\CortexM3\ARM_GCC_493\Debug\FinalProject.a(MODE_ISR.o)
 .debug_aranges
                0x00001410       0x38 .\CortexM3\ARM_GCC_493\Debug\FinalProject.a(LED_MODE_1.o)
 .debug_aranges
                0x00001448       0x38 .\CortexM3\ARM_GCC_493\Debug\FinalProject.a(LED_MODE_2.o)
 .debug_aranges
                0x00001480       0x80 .\CortexM3\ARM_GCC_493\Debug\FinalProject.a(BRIGHT_ISR.o)
 .debug_aranges
                0x00001500       0x98 .\CortexM3\ARM_GCC_493\Debug\FinalProject.a(PWM_1.o)
 .debug_aranges
                0x00001598       0x80 .\CortexM3\ARM_GCC_493\Debug\FinalProject.a(LANTERN_TOGGLE_ISR.o)
 .debug_aranges
                0x00001618       0x80 .\CortexM3\ARM_GCC_493\Debug\FinalProject.a(CyFlash.o)
 .debug_aranges
                0x00001698       0x78 .\CortexM3\ARM_GCC_493\Debug\FinalProject.a(CySpc.o)

.debug_pubnames
 *(.debug_pubnames)

.debug_info     0x00000000     0xd940
 *(.debug_info .gnu.linkonce.wi.*)
 .debug_info    0x00000000      0x622 .\CortexM3\ARM_GCC_493\Debug\main.o
 .debug_info    0x00000622      0xdd2 .\CortexM3\ARM_GCC_493\Debug\tft.o
 .debug_info    0x000013f4      0x864 .\CortexM3\ARM_GCC_493\Debug\dma_util.o
 .debug_info    0x00001c58      0x714 .\CortexM3\ARM_GCC_493\Debug\rotate_liquid.o
 .debug_info    0x0000236c      0x154 .\CortexM3\ARM_GCC_493\Debug\trig.o
 .debug_info    0x000024c0      0x341 .\CortexM3\ARM_GCC_493\Debug\imu.o
 .debug_info    0x00002801      0x5ed .\CortexM3\ARM_GCC_493\Debug\snowglobe.o
 .debug_info    0x00002dee      0x96f .\CortexM3\ARM_GCC_493\Debug\lantern.o
 .debug_info    0x0000375d      0x13f .\CortexM3\ARM_GCC_493\Debug\cymetadata.o
 .debug_info    0x0000389c      0x3af .\CortexM3\ARM_GCC_493\Debug\Cm3Start.o
 .debug_info    0x00003c4b      0x777 .\CortexM3\ARM_GCC_493\Debug\FinalProject.a(cyfitter_cfg.o)
 .debug_info    0x000043c2      0x1fd .\CortexM3\ARM_GCC_493\Debug\FinalProject.a(DMA_1_dma.o)
 .debug_info    0x000045bf      0x4b2 .\CortexM3\ARM_GCC_493\Debug\FinalProject.a(SPIM_1.o)
 .debug_info    0x00004a71      0x283 .\CortexM3\ARM_GCC_493\Debug\FinalProject.a(SPIM_1_IntClock.o)
 .debug_info    0x00004cf4       0x81 .\CortexM3\ARM_GCC_493\Debug\FinalProject.a(CyBootAsmGnu.o)
 .debug_info    0x00004d75      0x944 .\CortexM3\ARM_GCC_493\Debug\FinalProject.a(CyDmac.o)
 .debug_info    0x000056b9     0x136f .\CortexM3\ARM_GCC_493\Debug\FinalProject.a(CyLib.o)
 .debug_info    0x00006a28      0xa57 .\CortexM3\ARM_GCC_493\Debug\FinalProject.a(cyPm.o)
 .debug_info    0x0000747f      0xa74 .\CortexM3\ARM_GCC_493\Debug\FinalProject.a(ADC_DelSig_1.o)
 .debug_info    0x00007ef3       0xcc .\CortexM3\ARM_GCC_493\Debug\FinalProject.a(ADC_DelSig_1_INT.o)
 .debug_info    0x00007fbf      0x16d .\CortexM3\ARM_GCC_493\Debug\FinalProject.a(ADC_DelSig_1_AMux.o)
 .debug_info    0x0000812c      0x283 .\CortexM3\ARM_GCC_493\Debug\FinalProject.a(ADC_DelSig_1_Ext_CP_Clk.o)
 .debug_info    0x000083af      0x2c4 .\CortexM3\ARM_GCC_493\Debug\FinalProject.a(ADC_DelSig_1_theACLK.o)
 .debug_info    0x00008673      0x11f .\CortexM3\ARM_GCC_493\Debug\FinalProject.a(DC1.o)
 .debug_info    0x00008792      0x11f .\CortexM3\ARM_GCC_493\Debug\FinalProject.a(RESET1.o)
 .debug_info    0x000088b1      0x2cb .\CortexM3\ARM_GCC_493\Debug\FinalProject.a(DMA_Complete_ISR_1.o)
 .debug_info    0x00008b7c      0x4b2 .\CortexM3\ARM_GCC_493\Debug\FinalProject.a(SPIM_2.o)
 .debug_info    0x0000902e      0x11f .\CortexM3\ARM_GCC_493\Debug\FinalProject.a(RESET2.o)
 .debug_info    0x0000914d      0x11f .\CortexM3\ARM_GCC_493\Debug\FinalProject.a(DC2.o)
 .debug_info    0x0000926c      0x1fa .\CortexM3\ARM_GCC_493\Debug\FinalProject.a(DMA_2_dma.o)
 .debug_info    0x00009466      0x2cb .\CortexM3\ARM_GCC_493\Debug\FinalProject.a(DMA_Complete_ISR_2.o)
 .debug_info    0x00009731      0x283 .\CortexM3\ARM_GCC_493\Debug\FinalProject.a(SPIM_2_IntClock.o)
 .debug_info    0x000099b4      0x1fd .\CortexM3\ARM_GCC_493\Debug\FinalProject.a(DMA_3_dma.o)
 .debug_info    0x00009bb1      0x4b2 .\CortexM3\ARM_GCC_493\Debug\FinalProject.a(SPIM_3.o)
 .debug_info    0x0000a063      0x11f .\CortexM3\ARM_GCC_493\Debug\FinalProject.a(DC3.o)
 .debug_info    0x0000a182      0x11f .\CortexM3\ARM_GCC_493\Debug\FinalProject.a(RESET3.o)
 .debug_info    0x0000a2a1      0x2cb .\CortexM3\ARM_GCC_493\Debug\FinalProject.a(DMA_Complete_ISR_3.o)
 .debug_info    0x0000a56c      0x283 .\CortexM3\ARM_GCC_493\Debug\FinalProject.a(SPIM_3_IntClock.o)
 .debug_info    0x0000a7ef      0x1fd .\CortexM3\ARM_GCC_493\Debug\FinalProject.a(DMA_0_dma.o)
 .debug_info    0x0000a9ec      0x4b2 .\CortexM3\ARM_GCC_493\Debug\FinalProject.a(SPIM_0.o)
 .debug_info    0x0000ae9e      0x11f .\CortexM3\ARM_GCC_493\Debug\FinalProject.a(DC0.o)
 .debug_info    0x0000afbd      0x11f .\CortexM3\ARM_GCC_493\Debug\FinalProject.a(RESET0.o)
 .debug_info    0x0000b0dc      0x2cb .\CortexM3\ARM_GCC_493\Debug\FinalProject.a(DMA_Complete_ISR_0.o)
 .debug_info    0x0000b3a7      0x283 .\CortexM3\ARM_GCC_493\Debug\FinalProject.a(SPIM_0_IntClock.o)
 .debug_info    0x0000b62a      0x2d9 .\CortexM3\ARM_GCC_493\Debug\FinalProject.a(I2C_1.o)
 .debug_info    0x0000b903      0x17f .\CortexM3\ARM_GCC_493\Debug\FinalProject.a(I2C_1_INT.o)
 .debug_info    0x0000ba82      0x1fe .\CortexM3\ARM_GCC_493\Debug\FinalProject.a(I2C_1_PM.o)
 .debug_info    0x0000bc80      0x400 .\CortexM3\ARM_GCC_493\Debug\FinalProject.a(I2C_1_MASTER.o)
 .debug_info    0x0000c080      0x2cb .\CortexM3\ARM_GCC_493\Debug\FinalProject.a(MODE_ISR.o)
 .debug_info    0x0000c34b      0x11f .\CortexM3\ARM_GCC_493\Debug\FinalProject.a(LED_MODE_1.o)
 .debug_info    0x0000c46a      0x11f .\CortexM3\ARM_GCC_493\Debug\FinalProject.a(LED_MODE_2.o)
 .debug_info    0x0000c589      0x2cb .\CortexM3\ARM_GCC_493\Debug\FinalProject.a(BRIGHT_ISR.o)
 .debug_info    0x0000c854      0x32f .\CortexM3\ARM_GCC_493\Debug\FinalProject.a(PWM_1.o)
 .debug_info    0x0000cb83      0x2cb .\CortexM3\ARM_GCC_493\Debug\FinalProject.a(LANTERN_TOGGLE_ISR.o)
 .debug_info    0x0000ce4e      0x608 .\CortexM3\ARM_GCC_493\Debug\FinalProject.a(CyFlash.o)
 .debug_info    0x0000d456      0x4ea .\CortexM3\ARM_GCC_493\Debug\FinalProject.a(CySpc.o)

.debug_abbrev   0x00000000     0x436a
 *(.debug_abbrev)
 .debug_abbrev  0x00000000      0x168 .\CortexM3\ARM_GCC_493\Debug\main.o
 .debug_abbrev  0x00000168      0x22c .\CortexM3\ARM_GCC_493\Debug\tft.o
 .debug_abbrev  0x00000394      0x163 .\CortexM3\ARM_GCC_493\Debug\dma_util.o
 .debug_abbrev  0x000004f7      0x19e .\CortexM3\ARM_GCC_493\Debug\rotate_liquid.o
 .debug_abbrev  0x00000695       0xa4 .\CortexM3\ARM_GCC_493\Debug\trig.o
 .debug_abbrev  0x00000739      0x124 .\CortexM3\ARM_GCC_493\Debug\imu.o
 .debug_abbrev  0x0000085d      0x1c7 .\CortexM3\ARM_GCC_493\Debug\snowglobe.o
 .debug_abbrev  0x00000a24      0x10d .\CortexM3\ARM_GCC_493\Debug\lantern.o
 .debug_abbrev  0x00000b31       0x77 .\CortexM3\ARM_GCC_493\Debug\cymetadata.o
 .debug_abbrev  0x00000ba8      0x200 .\CortexM3\ARM_GCC_493\Debug\Cm3Start.o
 .debug_abbrev  0x00000da8      0x21f .\CortexM3\ARM_GCC_493\Debug\FinalProject.a(cyfitter_cfg.o)
 .debug_abbrev  0x00000fc7       0xeb .\CortexM3\ARM_GCC_493\Debug\FinalProject.a(DMA_1_dma.o)
 .debug_abbrev  0x000010b2      0x173 .\CortexM3\ARM_GCC_493\Debug\FinalProject.a(SPIM_1.o)
 .debug_abbrev  0x00001225      0x139 .\CortexM3\ARM_GCC_493\Debug\FinalProject.a(SPIM_1_IntClock.o)
 .debug_abbrev  0x0000135e       0x14 .\CortexM3\ARM_GCC_493\Debug\FinalProject.a(CyBootAsmGnu.o)
 .debug_abbrev  0x00001372      0x1cc .\CortexM3\ARM_GCC_493\Debug\FinalProject.a(CyDmac.o)
 .debug_abbrev  0x0000153e      0x296 .\CortexM3\ARM_GCC_493\Debug\FinalProject.a(CyLib.o)
 .debug_abbrev  0x000017d4      0x1ed .\CortexM3\ARM_GCC_493\Debug\FinalProject.a(cyPm.o)
 .debug_abbrev  0x000019c1      0x23d .\CortexM3\ARM_GCC_493\Debug\FinalProject.a(ADC_DelSig_1.o)
 .debug_abbrev  0x00001bfe       0x42 .\CortexM3\ARM_GCC_493\Debug\FinalProject.a(ADC_DelSig_1_INT.o)
 .debug_abbrev  0x00001c40       0xcb .\CortexM3\ARM_GCC_493\Debug\FinalProject.a(ADC_DelSig_1_AMux.o)
 .debug_abbrev  0x00001d0b      0x139 .\CortexM3\ARM_GCC_493\Debug\FinalProject.a(ADC_DelSig_1_Ext_CP_Clk.o)
 .debug_abbrev  0x00001e44      0x121 .\CortexM3\ARM_GCC_493\Debug\FinalProject.a(ADC_DelSig_1_theACLK.o)
 .debug_abbrev  0x00001f65       0x90 .\CortexM3\ARM_GCC_493\Debug\FinalProject.a(DC1.o)
 .debug_abbrev  0x00001ff5       0x90 .\CortexM3\ARM_GCC_493\Debug\FinalProject.a(RESET1.o)
 .debug_abbrev  0x00002085      0x173 .\CortexM3\ARM_GCC_493\Debug\FinalProject.a(DMA_Complete_ISR_1.o)
 .debug_abbrev  0x000021f8      0x173 .\CortexM3\ARM_GCC_493\Debug\FinalProject.a(SPIM_2.o)
 .debug_abbrev  0x0000236b       0x90 .\CortexM3\ARM_GCC_493\Debug\FinalProject.a(RESET2.o)
 .debug_abbrev  0x000023fb       0x90 .\CortexM3\ARM_GCC_493\Debug\FinalProject.a(DC2.o)
 .debug_abbrev  0x0000248b       0xeb .\CortexM3\ARM_GCC_493\Debug\FinalProject.a(DMA_2_dma.o)
 .debug_abbrev  0x00002576      0x173 .\CortexM3\ARM_GCC_493\Debug\FinalProject.a(DMA_Complete_ISR_2.o)
 .debug_abbrev  0x000026e9      0x139 .\CortexM3\ARM_GCC_493\Debug\FinalProject.a(SPIM_2_IntClock.o)
 .debug_abbrev  0x00002822       0xeb .\CortexM3\ARM_GCC_493\Debug\FinalProject.a(DMA_3_dma.o)
 .debug_abbrev  0x0000290d      0x173 .\CortexM3\ARM_GCC_493\Debug\FinalProject.a(SPIM_3.o)
 .debug_abbrev  0x00002a80       0x90 .\CortexM3\ARM_GCC_493\Debug\FinalProject.a(DC3.o)
 .debug_abbrev  0x00002b10       0x90 .\CortexM3\ARM_GCC_493\Debug\FinalProject.a(RESET3.o)
 .debug_abbrev  0x00002ba0      0x173 .\CortexM3\ARM_GCC_493\Debug\FinalProject.a(DMA_Complete_ISR_3.o)
 .debug_abbrev  0x00002d13      0x139 .\CortexM3\ARM_GCC_493\Debug\FinalProject.a(SPIM_3_IntClock.o)
 .debug_abbrev  0x00002e4c       0xeb .\CortexM3\ARM_GCC_493\Debug\FinalProject.a(DMA_0_dma.o)
 .debug_abbrev  0x00002f37      0x173 .\CortexM3\ARM_GCC_493\Debug\FinalProject.a(SPIM_0.o)
 .debug_abbrev  0x000030aa       0x90 .\CortexM3\ARM_GCC_493\Debug\FinalProject.a(DC0.o)
 .debug_abbrev  0x0000313a       0x90 .\CortexM3\ARM_GCC_493\Debug\FinalProject.a(RESET0.o)
 .debug_abbrev  0x000031ca      0x173 .\CortexM3\ARM_GCC_493\Debug\FinalProject.a(DMA_Complete_ISR_0.o)
 .debug_abbrev  0x0000333d      0x139 .\CortexM3\ARM_GCC_493\Debug\FinalProject.a(SPIM_0_IntClock.o)
 .debug_abbrev  0x00003476      0x15c .\CortexM3\ARM_GCC_493\Debug\FinalProject.a(I2C_1.o)
 .debug_abbrev  0x000035d2       0xbd .\CortexM3\ARM_GCC_493\Debug\FinalProject.a(I2C_1_INT.o)
 .debug_abbrev  0x0000368f      0x12b .\CortexM3\ARM_GCC_493\Debug\FinalProject.a(I2C_1_PM.o)
 .debug_abbrev  0x000037ba      0x13c .\CortexM3\ARM_GCC_493\Debug\FinalProject.a(I2C_1_MASTER.o)
 .debug_abbrev  0x000038f6      0x173 .\CortexM3\ARM_GCC_493\Debug\FinalProject.a(MODE_ISR.o)
 .debug_abbrev  0x00003a69       0x90 .\CortexM3\ARM_GCC_493\Debug\FinalProject.a(LED_MODE_1.o)
 .debug_abbrev  0x00003af9       0x90 .\CortexM3\ARM_GCC_493\Debug\FinalProject.a(LED_MODE_2.o)
 .debug_abbrev  0x00003b89      0x173 .\CortexM3\ARM_GCC_493\Debug\FinalProject.a(BRIGHT_ISR.o)
 .debug_abbrev  0x00003cfc      0x14d .\CortexM3\ARM_GCC_493\Debug\FinalProject.a(PWM_1.o)
 .debug_abbrev  0x00003e49      0x173 .\CortexM3\ARM_GCC_493\Debug\FinalProject.a(LANTERN_TOGGLE_ISR.o)
 .debug_abbrev  0x00003fbc      0x1ed .\CortexM3\ARM_GCC_493\Debug\FinalProject.a(CyFlash.o)
 .debug_abbrev  0x000041a9      0x1c1 .\CortexM3\ARM_GCC_493\Debug\FinalProject.a(CySpc.o)

.debug_line     0x00000000     0x5e89
 *(.debug_line)
 .debug_line    0x00000000      0x322 .\CortexM3\ARM_GCC_493\Debug\main.o
 .debug_line    0x00000322      0x44a .\CortexM3\ARM_GCC_493\Debug\tft.o
 .debug_line    0x0000076c      0x2d6 .\CortexM3\ARM_GCC_493\Debug\dma_util.o
 .debug_line    0x00000a42      0x362 .\CortexM3\ARM_GCC_493\Debug\rotate_liquid.o
 .debug_line    0x00000da4      0x168 .\CortexM3\ARM_GCC_493\Debug\trig.o
 .debug_line    0x00000f0c      0x1c2 .\CortexM3\ARM_GCC_493\Debug\imu.o
 .debug_line    0x000010ce      0x294 .\CortexM3\ARM_GCC_493\Debug\snowglobe.o
 .debug_line    0x00001362      0x3ea .\CortexM3\ARM_GCC_493\Debug\lantern.o
 .debug_line    0x0000174c       0x53 .\CortexM3\ARM_GCC_493\Debug\cymetadata.o
 .debug_line    0x0000179f      0x254 .\CortexM3\ARM_GCC_493\Debug\Cm3Start.o
 .debug_line    0x000019f3      0x23f .\CortexM3\ARM_GCC_493\Debug\FinalProject.a(cyfitter_cfg.o)
 .debug_line    0x00001c32       0x9b .\CortexM3\ARM_GCC_493\Debug\FinalProject.a(DMA_1_dma.o)
 .debug_line    0x00001ccd      0x249 .\CortexM3\ARM_GCC_493\Debug\FinalProject.a(SPIM_1.o)
 .debug_line    0x00001f16      0x197 .\CortexM3\ARM_GCC_493\Debug\FinalProject.a(SPIM_1_IntClock.o)
 .debug_line    0x000020ad       0x68 .\CortexM3\ARM_GCC_493\Debug\FinalProject.a(CyBootAsmGnu.o)
 .debug_line    0x00002115      0x2e5 .\CortexM3\ARM_GCC_493\Debug\FinalProject.a(CyDmac.o)
 .debug_line    0x000023fa      0x806 .\CortexM3\ARM_GCC_493\Debug\FinalProject.a(CyLib.o)
 .debug_line    0x00002c00      0x366 .\CortexM3\ARM_GCC_493\Debug\FinalProject.a(cyPm.o)
 .debug_line    0x00002f66      0x37e .\CortexM3\ARM_GCC_493\Debug\FinalProject.a(ADC_DelSig_1.o)
 .debug_line    0x000032e4       0x8b .\CortexM3\ARM_GCC_493\Debug\FinalProject.a(ADC_DelSig_1_INT.o)
 .debug_line    0x0000336f       0xb7 .\CortexM3\ARM_GCC_493\Debug\FinalProject.a(ADC_DelSig_1_AMux.o)
 .debug_line    0x00003426      0x19f .\CortexM3\ARM_GCC_493\Debug\FinalProject.a(ADC_DelSig_1_Ext_CP_Clk.o)
 .debug_line    0x000035c5      0x1bf .\CortexM3\ARM_GCC_493\Debug\FinalProject.a(ADC_DelSig_1_theACLK.o)
 .debug_line    0x00003784       0x92 .\CortexM3\ARM_GCC_493\Debug\FinalProject.a(DC1.o)
 .debug_line    0x00003816       0x95 .\CortexM3\ARM_GCC_493\Debug\FinalProject.a(RESET1.o)
 .debug_line    0x000038ab      0x158 .\CortexM3\ARM_GCC_493\Debug\FinalProject.a(DMA_Complete_ISR_1.o)
 .debug_line    0x00003a03      0x249 .\CortexM3\ARM_GCC_493\Debug\FinalProject.a(SPIM_2.o)
 .debug_line    0x00003c4c       0x95 .\CortexM3\ARM_GCC_493\Debug\FinalProject.a(RESET2.o)
 .debug_line    0x00003ce1       0x92 .\CortexM3\ARM_GCC_493\Debug\FinalProject.a(DC2.o)
 .debug_line    0x00003d73       0x9b .\CortexM3\ARM_GCC_493\Debug\FinalProject.a(DMA_2_dma.o)
 .debug_line    0x00003e0e      0x158 .\CortexM3\ARM_GCC_493\Debug\FinalProject.a(DMA_Complete_ISR_2.o)
 .debug_line    0x00003f66      0x197 .\CortexM3\ARM_GCC_493\Debug\FinalProject.a(SPIM_2_IntClock.o)
 .debug_line    0x000040fd       0x9b .\CortexM3\ARM_GCC_493\Debug\FinalProject.a(DMA_3_dma.o)
 .debug_line    0x00004198      0x249 .\CortexM3\ARM_GCC_493\Debug\FinalProject.a(SPIM_3.o)
 .debug_line    0x000043e1       0x92 .\CortexM3\ARM_GCC_493\Debug\FinalProject.a(DC3.o)
 .debug_line    0x00004473       0x95 .\CortexM3\ARM_GCC_493\Debug\FinalProject.a(RESET3.o)
 .debug_line    0x00004508      0x158 .\CortexM3\ARM_GCC_493\Debug\FinalProject.a(DMA_Complete_ISR_3.o)
 .debug_line    0x00004660      0x197 .\CortexM3\ARM_GCC_493\Debug\FinalProject.a(SPIM_3_IntClock.o)
 .debug_line    0x000047f7       0x9b .\CortexM3\ARM_GCC_493\Debug\FinalProject.a(DMA_0_dma.o)
 .debug_line    0x00004892      0x249 .\CortexM3\ARM_GCC_493\Debug\FinalProject.a(SPIM_0.o)
 .debug_line    0x00004adb       0x92 .\CortexM3\ARM_GCC_493\Debug\FinalProject.a(DC0.o)
 .debug_line    0x00004b6d       0x95 .\CortexM3\ARM_GCC_493\Debug\FinalProject.a(RESET0.o)
 .debug_line    0x00004c02      0x158 .\CortexM3\ARM_GCC_493\Debug\FinalProject.a(DMA_Complete_ISR_0.o)
 .debug_line    0x00004d5a      0x197 .\CortexM3\ARM_GCC_493\Debug\FinalProject.a(SPIM_0_IntClock.o)
 .debug_line    0x00004ef1       0xe1 .\CortexM3\ARM_GCC_493\Debug\FinalProject.a(I2C_1.o)
 .debug_line    0x00004fd2      0x11a .\CortexM3\ARM_GCC_493\Debug\FinalProject.a(I2C_1_INT.o)
 .debug_line    0x000050ec       0xc1 .\CortexM3\ARM_GCC_493\Debug\FinalProject.a(I2C_1_PM.o)
 .debug_line    0x000051ad      0x203 .\CortexM3\ARM_GCC_493\Debug\FinalProject.a(I2C_1_MASTER.o)
 .debug_line    0x000053b0      0x14e .\CortexM3\ARM_GCC_493\Debug\FinalProject.a(MODE_ISR.o)
 .debug_line    0x000054fe       0x99 .\CortexM3\ARM_GCC_493\Debug\FinalProject.a(LED_MODE_1.o)
 .debug_line    0x00005597       0x99 .\CortexM3\ARM_GCC_493\Debug\FinalProject.a(LED_MODE_2.o)
 .debug_line    0x00005630      0x150 .\CortexM3\ARM_GCC_493\Debug\FinalProject.a(BRIGHT_ISR.o)
 .debug_line    0x00005780      0x187 .\CortexM3\ARM_GCC_493\Debug\FinalProject.a(PWM_1.o)
 .debug_line    0x00005907      0x158 .\CortexM3\ARM_GCC_493\Debug\FinalProject.a(LANTERN_TOGGLE_ISR.o)
 .debug_line    0x00005a5f      0x1ec .\CortexM3\ARM_GCC_493\Debug\FinalProject.a(CyFlash.o)
 .debug_line    0x00005c4b      0x23e .\CortexM3\ARM_GCC_493\Debug\FinalProject.a(CySpc.o)

.debug_frame    0x00000000     0x3590
 *(.debug_frame)
 .debug_frame   0x00000000       0x5c .\CortexM3\ARM_GCC_493\Debug\main.o
 .debug_frame   0x0000005c      0x164 .\CortexM3\ARM_GCC_493\Debug\tft.o
 .debug_frame   0x000001c0       0xac .\CortexM3\ARM_GCC_493\Debug\dma_util.o
 .debug_frame   0x0000026c       0x68 .\CortexM3\ARM_GCC_493\Debug\rotate_liquid.o
 .debug_frame   0x000002d4       0x30 .\CortexM3\ARM_GCC_493\Debug\trig.o
 .debug_frame   0x00000304       0x7c .\CortexM3\ARM_GCC_493\Debug\imu.o
 .debug_frame   0x00000380       0xdc .\CortexM3\ARM_GCC_493\Debug\snowglobe.o
 .debug_frame   0x0000045c       0x34 .\CortexM3\ARM_GCC_493\Debug\lantern.o
 .debug_frame   0x00000490       0xac .\CortexM3\ARM_GCC_493\Debug\Cm3Start.o
 .debug_frame   0x0000053c      0x104 .\CortexM3\ARM_GCC_493\Debug\FinalProject.a(cyfitter_cfg.o)
 .debug_frame   0x00000640       0x54 .\CortexM3\ARM_GCC_493\Debug\FinalProject.a(DMA_1_dma.o)
 .debug_frame   0x00000694      0x1e8 .\CortexM3\ARM_GCC_493\Debug\FinalProject.a(SPIM_1.o)
 .debug_frame   0x0000087c       0xe0 .\CortexM3\ARM_GCC_493\Debug\FinalProject.a(SPIM_1_IntClock.o)
 .debug_frame   0x0000095c      0x1f4 .\CortexM3\ARM_GCC_493\Debug\FinalProject.a(CyDmac.o)
 .debug_frame   0x00000b50      0x728 .\CortexM3\ARM_GCC_493\Debug\FinalProject.a(CyLib.o)
 .debug_frame   0x00001278      0x1f8 .\CortexM3\ARM_GCC_493\Debug\FinalProject.a(cyPm.o)
 .debug_frame   0x00001470      0x278 .\CortexM3\ARM_GCC_493\Debug\FinalProject.a(ADC_DelSig_1.o)
 .debug_frame   0x000016e8       0x50 .\CortexM3\ARM_GCC_493\Debug\FinalProject.a(ADC_DelSig_1_INT.o)
 .debug_frame   0x00001738       0x64 .\CortexM3\ARM_GCC_493\Debug\FinalProject.a(ADC_DelSig_1_AMux.o)
 .debug_frame   0x0000179c       0xe0 .\CortexM3\ARM_GCC_493\Debug\FinalProject.a(ADC_DelSig_1_Ext_CP_Clk.o)
 .debug_frame   0x0000187c      0x100 .\CortexM3\ARM_GCC_493\Debug\FinalProject.a(ADC_DelSig_1_theACLK.o)
 .debug_frame   0x0000197c       0x50 .\CortexM3\ARM_GCC_493\Debug\FinalProject.a(DC1.o)
 .debug_frame   0x000019cc       0x50 .\CortexM3\ARM_GCC_493\Debug\FinalProject.a(RESET1.o)
 .debug_frame   0x00001a1c      0x104 .\CortexM3\ARM_GCC_493\Debug\FinalProject.a(DMA_Complete_ISR_1.o)
 .debug_frame   0x00001b20      0x1e8 .\CortexM3\ARM_GCC_493\Debug\FinalProject.a(SPIM_2.o)
 .debug_frame   0x00001d08       0x50 .\CortexM3\ARM_GCC_493\Debug\FinalProject.a(RESET2.o)
 .debug_frame   0x00001d58       0x50 .\CortexM3\ARM_GCC_493\Debug\FinalProject.a(DC2.o)
 .debug_frame   0x00001da8       0x54 .\CortexM3\ARM_GCC_493\Debug\FinalProject.a(DMA_2_dma.o)
 .debug_frame   0x00001dfc      0x104 .\CortexM3\ARM_GCC_493\Debug\FinalProject.a(DMA_Complete_ISR_2.o)
 .debug_frame   0x00001f00       0xe0 .\CortexM3\ARM_GCC_493\Debug\FinalProject.a(SPIM_2_IntClock.o)
 .debug_frame   0x00001fe0       0x54 .\CortexM3\ARM_GCC_493\Debug\FinalProject.a(DMA_3_dma.o)
 .debug_frame   0x00002034      0x1e8 .\CortexM3\ARM_GCC_493\Debug\FinalProject.a(SPIM_3.o)
 .debug_frame   0x0000221c       0x50 .\CortexM3\ARM_GCC_493\Debug\FinalProject.a(DC3.o)
 .debug_frame   0x0000226c       0x50 .\CortexM3\ARM_GCC_493\Debug\FinalProject.a(RESET3.o)
 .debug_frame   0x000022bc      0x104 .\CortexM3\ARM_GCC_493\Debug\FinalProject.a(DMA_Complete_ISR_3.o)
 .debug_frame   0x000023c0       0xe0 .\CortexM3\ARM_GCC_493\Debug\FinalProject.a(SPIM_3_IntClock.o)
 .debug_frame   0x000024a0       0x54 .\CortexM3\ARM_GCC_493\Debug\FinalProject.a(DMA_0_dma.o)
 .debug_frame   0x000024f4      0x1e8 .\CortexM3\ARM_GCC_493\Debug\FinalProject.a(SPIM_0.o)
 .debug_frame   0x000026dc       0x50 .\CortexM3\ARM_GCC_493\Debug\FinalProject.a(DC0.o)
 .debug_frame   0x0000272c       0x50 .\CortexM3\ARM_GCC_493\Debug\FinalProject.a(RESET0.o)
 .debug_frame   0x0000277c      0x104 .\CortexM3\ARM_GCC_493\Debug\FinalProject.a(DMA_Complete_ISR_0.o)
 .debug_frame   0x00002880       0xe0 .\CortexM3\ARM_GCC_493\Debug\FinalProject.a(SPIM_0_IntClock.o)
 .debug_frame   0x00002960       0x90 .\CortexM3\ARM_GCC_493\Debug\FinalProject.a(I2C_1.o)
 .debug_frame   0x000029f0       0x30 .\CortexM3\ARM_GCC_493\Debug\FinalProject.a(I2C_1_INT.o)
 .debug_frame   0x00002a20       0x74 .\CortexM3\ARM_GCC_493\Debug\FinalProject.a(I2C_1_PM.o)
 .debug_frame   0x00002a94      0x138 .\CortexM3\ARM_GCC_493\Debug\FinalProject.a(I2C_1_MASTER.o)
 .debug_frame   0x00002bcc      0x104 .\CortexM3\ARM_GCC_493\Debug\FinalProject.a(MODE_ISR.o)
 .debug_frame   0x00002cd0       0x50 .\CortexM3\ARM_GCC_493\Debug\FinalProject.a(LED_MODE_1.o)
 .debug_frame   0x00002d20       0x50 .\CortexM3\ARM_GCC_493\Debug\FinalProject.a(LED_MODE_2.o)
 .debug_frame   0x00002d70      0x104 .\CortexM3\ARM_GCC_493\Debug\FinalProject.a(BRIGHT_ISR.o)
 .debug_frame   0x00002e74      0x134 .\CortexM3\ARM_GCC_493\Debug\FinalProject.a(PWM_1.o)
 .debug_frame   0x00002fa8      0x104 .\CortexM3\ARM_GCC_493\Debug\FinalProject.a(LANTERN_TOGGLE_ISR.o)
 .debug_frame   0x000030ac      0x174 .\CortexM3\ARM_GCC_493\Debug\FinalProject.a(CyFlash.o)
 .debug_frame   0x00003220      0x160 .\CortexM3\ARM_GCC_493\Debug\FinalProject.a(CySpc.o)
 .debug_frame   0x00003380       0x20 c:/program files (x86)/cypress/psoc creator/3.3/psoc creator/import/gnu/arm/4.9.3/bin/../lib/gcc/arm-none-eabi/4.9.3/../../../../arm-none-eabi/lib/armv7-m\libg_nano.a(lib_a-errno.o)
 .debug_frame   0x000033a0       0x28 c:/program files (x86)/cypress/psoc creator/3.3/psoc creator/import/gnu/arm/4.9.3/bin/../lib/gcc/arm-none-eabi/4.9.3/../../../../arm-none-eabi/lib/armv7-m\libg_nano.a(lib_a-exit.o)
 .debug_frame   0x000033c8       0x2c c:/program files (x86)/cypress/psoc creator/3.3/psoc creator/import/gnu/arm/4.9.3/bin/../lib/gcc/arm-none-eabi/4.9.3/../../../../arm-none-eabi/lib/armv7-m\libg_nano.a(lib_a-init.o)
 .debug_frame   0x000033f4       0x28 c:/program files (x86)/cypress/psoc creator/3.3/psoc creator/import/gnu/arm/4.9.3/bin/../lib/gcc/arm-none-eabi/4.9.3/../../../../arm-none-eabi/lib/armv7-m\libg_nano.a(lib_a-memcpy.o)
 .debug_frame   0x0000341c       0x20 c:/program files (x86)/cypress/psoc creator/3.3/psoc creator/import/gnu/arm/4.9.3/bin/../lib/gcc/arm-none-eabi/4.9.3/../../../../arm-none-eabi/lib/armv7-m\libg_nano.a(lib_a-memset.o)
 .debug_frame   0x0000343c       0x44 c:/program files (x86)/cypress/psoc creator/3.3/psoc creator/import/gnu/arm/4.9.3/bin/../lib/gcc/arm-none-eabi/4.9.3/../../../../arm-none-eabi/lib/armv7-m\libg_nano.a(lib_a-rand.o)
 .debug_frame   0x00003480       0x30 c:/program files (x86)/cypress/psoc creator/3.3/psoc creator/import/gnu/arm/4.9.3/bin/../lib/gcc/arm-none-eabi/4.9.3/../../../../arm-none-eabi/lib/armv7-m\libg_nano.a(lib_a-malloc.o)
 .debug_frame   0x000034b0       0x2c c:/program files (x86)/cypress/psoc creator/3.3/psoc creator/import/gnu/arm/4.9.3/bin/../lib/gcc/arm-none-eabi/4.9.3/../../../../arm-none-eabi/lib/armv7-m\libg_nano.a(lib_a-nano-freer.o)
 .debug_frame   0x000034dc       0x2c c:/program files (x86)/cypress/psoc creator/3.3/psoc creator/import/gnu/arm/4.9.3/bin/../lib/gcc/arm-none-eabi/4.9.3/../../../../arm-none-eabi/lib/armv7-m\libg_nano.a(lib_a-nano-mallocr.o)
 .debug_frame   0x00003508       0x2c c:/program files (x86)/cypress/psoc creator/3.3/psoc creator/import/gnu/arm/4.9.3/bin/../lib/gcc/arm-none-eabi/4.9.3/../../../../arm-none-eabi/lib/armv7-m\libg_nano.a(lib_a-sbrkr.o)
 .debug_frame   0x00003534       0x5c c:/program files (x86)/cypress/psoc creator/3.3/psoc creator/import/gnu/arm/4.9.3/bin/../lib/gcc/arm-none-eabi/4.9.3/../../../../arm-none-eabi/lib/armv7-m\libg_nano.a(lib_a-reent.o)

.debug_str      0x00000000     0x485b
 *(.debug_str)
 .debug_str     0x00000000      0x39f .\CortexM3\ARM_GCC_493\Debug\main.o
                                0x3ff (size before relaxing)
 .debug_str     0x0000039f      0x1ea .\CortexM3\ARM_GCC_493\Debug\tft.o
                                0x3d4 (size before relaxing)
 .debug_str     0x00000589      0x25c .\CortexM3\ARM_GCC_493\Debug\dma_util.o
                                0x465 (size before relaxing)
 .debug_str     0x000007e5       0xe8 .\CortexM3\ARM_GCC_493\Debug\rotate_liquid.o
                                0x3a0 (size before relaxing)
 .debug_str     0x000008cd       0x18 .\CortexM3\ARM_GCC_493\Debug\trig.o
                                0x1cf (size before relaxing)
 .debug_str     0x000008e5       0x85 .\CortexM3\ARM_GCC_493\Debug\imu.o
                                0x231 (size before relaxing)
 .debug_str     0x0000096a       0xe1 .\CortexM3\ARM_GCC_493\Debug\snowglobe.o
                                0x2e3 (size before relaxing)
 .debug_str     0x00000a4b        0xc .\CortexM3\ARM_GCC_493\Debug\lantern.o
                                0x20f (size before relaxing)
 .debug_str     0x00000a57       0x77 .\CortexM3\ARM_GCC_493\Debug\cymetadata.o
                                0x1db (size before relaxing)
 .debug_str     0x00000ace      0x15d .\CortexM3\ARM_GCC_493\Debug\Cm3Start.o
                                0x2ff (size before relaxing)
 .debug_str     0x00000c2b      0x1fb .\CortexM3\ARM_GCC_493\Debug\FinalProject.a(cyfitter_cfg.o)
                                0x399 (size before relaxing)
 .debug_str     0x00000e26       0xd2 .\CortexM3\ARM_GCC_493\Debug\FinalProject.a(DMA_1_dma.o)
                                0x25a (size before relaxing)
 .debug_str     0x00000ef8      0x28b .\CortexM3\ARM_GCC_493\Debug\FinalProject.a(SPIM_1.o)
                                0x42d (size before relaxing)
 .debug_str     0x00001183      0x199 .\CortexM3\ARM_GCC_493\Debug\FinalProject.a(SPIM_1_IntClock.o)
                                0x33f (size before relaxing)
 .debug_str     0x0000131c      0x27c .\CortexM3\ARM_GCC_493\Debug\FinalProject.a(CyDmac.o)
                                0x52f (size before relaxing)
 .debug_str     0x00001598      0x7cc .\CortexM3\ARM_GCC_493\Debug\FinalProject.a(CyLib.o)
                                0xa14 (size before relaxing)
 .debug_str     0x00001d64      0x35b .\CortexM3\ARM_GCC_493\Debug\FinalProject.a(cyPm.o)
                                0x70c (size before relaxing)
 .debug_str     0x000020bf      0x4b3 .\CortexM3\ARM_GCC_493\Debug\FinalProject.a(ADC_DelSig_1.o)
                                0x72c (size before relaxing)
 .debug_str     0x00002572       0x74 .\CortexM3\ARM_GCC_493\Debug\FinalProject.a(ADC_DelSig_1_INT.o)
                                0x1d2 (size before relaxing)
 .debug_str     0x000025e6       0x85 .\CortexM3\ARM_GCC_493\Debug\FinalProject.a(ADC_DelSig_1_AMux.o)
                                0x22f (size before relaxing)
 .debug_str     0x0000266b      0x186 .\CortexM3\ARM_GCC_493\Debug\FinalProject.a(ADC_DelSig_1_Ext_CP_Clk.o)
                                0x39f (size before relaxing)
 .debug_str     0x000027f1      0x1bd .\CortexM3\ARM_GCC_493\Debug\FinalProject.a(ADC_DelSig_1_theACLK.o)
                                0x3d0 (size before relaxing)
 .debug_str     0x000029ae       0x54 .\CortexM3\ARM_GCC_493\Debug\FinalProject.a(DC1.o)
                                0x1c9 (size before relaxing)
 .debug_str     0x00002a02       0x55 .\CortexM3\ARM_GCC_493\Debug\FinalProject.a(RESET1.o)
                                0x1d8 (size before relaxing)
 .debug_str     0x00002a57      0x183 .\CortexM3\ARM_GCC_493\Debug\FinalProject.a(DMA_Complete_ISR_1.o)
                                0x341 (size before relaxing)
 .debug_str     0x00002bda      0x214 .\CortexM3\ARM_GCC_493\Debug\FinalProject.a(SPIM_2.o)
                                0x42d (size before relaxing)
 .debug_str     0x00002dee       0x55 .\CortexM3\ARM_GCC_493\Debug\FinalProject.a(RESET2.o)
                                0x1d8 (size before relaxing)
 .debug_str     0x00002e43       0x49 .\CortexM3\ARM_GCC_493\Debug\FinalProject.a(DC2.o)
                                0x1c9 (size before relaxing)
 .debug_str     0x00002e8c       0x46 .\CortexM3\ARM_GCC_493\Debug\FinalProject.a(DMA_2_dma.o)
                                0x25a (size before relaxing)
 .debug_str     0x00002ed2      0x183 .\CortexM3\ARM_GCC_493\Debug\FinalProject.a(DMA_Complete_ISR_2.o)
                                0x341 (size before relaxing)
 .debug_str     0x00003055      0x14e .\CortexM3\ARM_GCC_493\Debug\FinalProject.a(SPIM_2_IntClock.o)
                                0x33f (size before relaxing)
 .debug_str     0x000031a3       0x46 .\CortexM3\ARM_GCC_493\Debug\FinalProject.a(DMA_3_dma.o)
                                0x25a (size before relaxing)
 .debug_str     0x000031e9      0x214 .\CortexM3\ARM_GCC_493\Debug\FinalProject.a(SPIM_3.o)
                                0x42d (size before relaxing)
 .debug_str     0x000033fd       0x49 .\CortexM3\ARM_GCC_493\Debug\FinalProject.a(DC3.o)
                                0x1c9 (size before relaxing)
 .debug_str     0x00003446       0x55 .\CortexM3\ARM_GCC_493\Debug\FinalProject.a(RESET3.o)
                                0x1d8 (size before relaxing)
 .debug_str     0x0000349b      0x183 .\CortexM3\ARM_GCC_493\Debug\FinalProject.a(DMA_Complete_ISR_3.o)
                                0x341 (size before relaxing)
 .debug_str     0x0000361e      0x14e .\CortexM3\ARM_GCC_493\Debug\FinalProject.a(SPIM_3_IntClock.o)
                                0x33f (size before relaxing)
 .debug_str     0x0000376c       0x46 .\CortexM3\ARM_GCC_493\Debug\FinalProject.a(DMA_0_dma.o)
                                0x25a (size before relaxing)
 .debug_str     0x000037b2      0x214 .\CortexM3\ARM_GCC_493\Debug\FinalProject.a(SPIM_0.o)
                                0x42d (size before relaxing)
 .debug_str     0x000039c6       0x49 .\CortexM3\ARM_GCC_493\Debug\FinalProject.a(DC0.o)
                                0x1c9 (size before relaxing)
 .debug_str     0x00003a0f       0x55 .\CortexM3\ARM_GCC_493\Debug\FinalProject.a(RESET0.o)
                                0x1d8 (size before relaxing)
 .debug_str     0x00003a64      0x183 .\CortexM3\ARM_GCC_493\Debug\FinalProject.a(DMA_Complete_ISR_0.o)
                                0x341 (size before relaxing)
 .debug_str     0x00003be7      0x14e .\CortexM3\ARM_GCC_493\Debug\FinalProject.a(SPIM_0_IntClock.o)
                                0x33f (size before relaxing)
 .debug_str     0x00003d35       0xf1 .\CortexM3\ARM_GCC_493\Debug\FinalProject.a(I2C_1.o)
                                0x2eb (size before relaxing)
 .debug_str     0x00003e26       0x96 .\CortexM3\ARM_GCC_493\Debug\FinalProject.a(I2C_1_INT.o)
                                0x25a (size before relaxing)
 .debug_str     0x00003ebc       0x62 .\CortexM3\ARM_GCC_493\Debug\FinalProject.a(I2C_1_PM.o)
                                0x274 (size before relaxing)
 .debug_str     0x00003f1e      0x120 .\CortexM3\ARM_GCC_493\Debug\FinalProject.a(I2C_1_MASTER.o)
                                0x3b7 (size before relaxing)
 .debug_str     0x0000403e      0x101 .\CortexM3\ARM_GCC_493\Debug\FinalProject.a(MODE_ISR.o)
                                0x2b5 (size before relaxing)
 .debug_str     0x0000413f       0x65 .\CortexM3\ARM_GCC_493\Debug\FinalProject.a(LED_MODE_1.o)
                                0x1ec (size before relaxing)
 .debug_str     0x000041a4       0x65 .\CortexM3\ARM_GCC_493\Debug\FinalProject.a(LED_MODE_2.o)
                                0x1ec (size before relaxing)
 .debug_str     0x00004209      0x11b .\CortexM3\ARM_GCC_493\Debug\FinalProject.a(BRIGHT_ISR.o)
                                0x2d1 (size before relaxing)
 .debug_str     0x00004324      0x16f .\CortexM3\ARM_GCC_493\Debug\FinalProject.a(PWM_1.o)
                                0x336 (size before relaxing)
 .debug_str     0x00004493      0x183 .\CortexM3\ARM_GCC_493\Debug\FinalProject.a(LANTERN_TOGGLE_ISR.o)
                                0x341 (size before relaxing)
 .debug_str     0x00004616      0x197 .\CortexM3\ARM_GCC_493\Debug\FinalProject.a(CyFlash.o)
                                0x386 (size before relaxing)
 .debug_str     0x000047ad       0xae .\CortexM3\ARM_GCC_493\Debug\FinalProject.a(CySpc.o)
                                0x30f (size before relaxing)

.debug_loc      0x00000000     0x5974
 *(.debug_loc)
 .debug_loc     0x00000000      0x769 .\CortexM3\ARM_GCC_493\Debug\tft.o