Archive member included because of file (symbol)

.\CortexM3\ARM_GCC_493\Debug\FinalProject.a(cyfitter_cfg.o)
                              .\CortexM3\ARM_GCC_493\Debug\Cm3Start.o (cyfitter_cfg)
.\CortexM3\ARM_GCC_493\Debug\FinalProject.a(DMA_1_dma.o)
                              .\CortexM3\ARM_GCC_493\Debug\dma_util.o (DMA_1_DmaInitialize)
.\CortexM3\ARM_GCC_493\Debug\FinalProject.a(SPIM_1.o)
                              .\CortexM3\ARM_GCC_493\Debug\tft.o (SPIM_1_ReadTxStatus)
.\CortexM3\ARM_GCC_493\Debug\FinalProject.a(SPIM_1_IntClock.o)
                              .\CortexM3\ARM_GCC_493\Debug\FinalProject.a(SPIM_1.o) (SPIM_1_IntClock_Start)
.\CortexM3\ARM_GCC_493\Debug\FinalProject.a(CyBootAsmGnu.o)
                              .\CortexM3\ARM_GCC_493\Debug\FinalProject.a(cyfitter_cfg.o) (CyDelayCycles)
.\CortexM3\ARM_GCC_493\Debug\FinalProject.a(CyDmac.o)
                              .\CortexM3\ARM_GCC_493\Debug\Cm3Start.o (CyDmacConfigure)
.\CortexM3\ARM_GCC_493\Debug\FinalProject.a(CyLib.o)
                              .\CortexM3\ARM_GCC_493\Debug\Cm3Start.o (CyHalt)
.\CortexM3\ARM_GCC_493\Debug\FinalProject.a(cyPm.o)
                              .\CortexM3\ARM_GCC_493\Debug\FinalProject.a(CyLib.o) (CyPmReadStatus)
.\CortexM3\ARM_GCC_493\Debug\FinalProject.a(ADC_DelSig_1.o)
                              .\CortexM3\ARM_GCC_493\Debug\main.o (ADC_DelSig_1_Start)
.\CortexM3\ARM_GCC_493\Debug\FinalProject.a(ADC_DelSig_1_INT.o)
                              .\CortexM3\ARM_GCC_493\Debug\FinalProject.a(ADC_DelSig_1.o) (ADC_DelSig_1_ISR1)
.\CortexM3\ARM_GCC_493\Debug\FinalProject.a(ADC_DelSig_1_AMux.o)
                              .\CortexM3\ARM_GCC_493\Debug\FinalProject.a(ADC_DelSig_1.o) (ADC_DelSig_1_AMux_Select)
.\CortexM3\ARM_GCC_493\Debug\FinalProject.a(ADC_DelSig_1_Ext_CP_Clk.o)
                              .\CortexM3\ARM_GCC_493\Debug\FinalProject.a(ADC_DelSig_1.o) (ADC_DelSig_1_Ext_CP_Clk_SetModeRegister)
.\CortexM3\ARM_GCC_493\Debug\FinalProject.a(ADC_DelSig_1_theACLK.o)
                              .\CortexM3\ARM_GCC_493\Debug\FinalProject.a(ADC_DelSig_1.o) (ADC_DelSig_1_theACLK_SetModeRegister)
.\CortexM3\ARM_GCC_493\Debug\FinalProject.a(DC1.o)
                              .\CortexM3\ARM_GCC_493\Debug\tft.o (DC1_Write)
.\CortexM3\ARM_GCC_493\Debug\FinalProject.a(RESET1.o)
                              .\CortexM3\ARM_GCC_493\Debug\tft.o (RESET1_Write)
.\CortexM3\ARM_GCC_493\Debug\FinalProject.a(DMA_Complete_ISR_1.o)
                              .\CortexM3\ARM_GCC_493\Debug\dma_util.o (DMA_Complete_ISR_1_StartEx)
.\CortexM3\ARM_GCC_493\Debug\FinalProject.a(SPIM_2.o)
                              .\CortexM3\ARM_GCC_493\Debug\tft.o (SPIM_2_ReadTxStatus)
.\CortexM3\ARM_GCC_493\Debug\FinalProject.a(RESET2.o)
                              .\CortexM3\ARM_GCC_493\Debug\tft.o (RESET2_Write)
.\CortexM3\ARM_GCC_493\Debug\FinalProject.a(DC2.o)
                              .\CortexM3\ARM_GCC_493\Debug\tft.o (DC2_Write)
.\CortexM3\ARM_GCC_493\Debug\FinalProject.a(DMA_2_dma.o)
                              .\CortexM3\ARM_GCC_493\Debug\dma_util.o (DMA_2_DmaInitialize)
.\CortexM3\ARM_GCC_493\Debug\FinalProject.a(DMA_Complete_ISR_2.o)
                              .\CortexM3\ARM_GCC_493\Debug\dma_util.o (DMA_Complete_ISR_2_StartEx)
.\CortexM3\ARM_GCC_493\Debug\FinalProject.a(SPIM_2_IntClock.o)
                              .\CortexM3\ARM_GCC_493\Debug\FinalProject.a(SPIM_2.o) (SPIM_2_IntClock_Start)
.\CortexM3\ARM_GCC_493\Debug\FinalProject.a(DMA_3_dma.o)
                              .\CortexM3\ARM_GCC_493\Debug\dma_util.o (DMA_3_DmaInitialize)
.\CortexM3\ARM_GCC_493\Debug\FinalProject.a(SPIM_3.o)
                              .\CortexM3\ARM_GCC_493\Debug\tft.o (SPIM_3_ReadTxStatus)
.\CortexM3\ARM_GCC_493\Debug\FinalProject.a(DC3.o)
                              .\CortexM3\ARM_GCC_493\Debug\tft.o (DC3_Write)
.\CortexM3\ARM_GCC_493\Debug\FinalProject.a(RESET3.o)
                              .\CortexM3\ARM_GCC_493\Debug\tft.o (RESET3_Write)
.\CortexM3\ARM_GCC_493\Debug\FinalProject.a(DMA_Complete_ISR_3.o)
                              .\CortexM3\ARM_GCC_493\Debug\dma_util.o (DMA_Complete_ISR_3_StartEx)
.\CortexM3\ARM_GCC_493\Debug\FinalProject.a(SPIM_3_IntClock.o)
                              .\CortexM3\ARM_GCC_493\Debug\FinalProject.a(SPIM_3.o) (SPIM_3_IntClock_Start)
.\CortexM3\ARM_GCC_493\Debug\FinalProject.a(DMA_0_dma.o)
                              .\CortexM3\ARM_GCC_493\Debug\dma_util.o (DMA_0_DmaInitialize)
.\CortexM3\ARM_GCC_493\Debug\FinalProject.a(SPIM_0.o)
                              .\CortexM3\ARM_GCC_493\Debug\tft.o (SPIM_0_ReadTxStatus)
.\CortexM3\ARM_GCC_493\Debug\FinalProject.a(DC0.o)
                              .\CortexM3\ARM_GCC_493\Debug\tft.o (DC0_Write)
.\CortexM3\ARM_GCC_493\Debug\FinalProject.a(RESET0.o)
                              .\CortexM3\ARM_GCC_493\Debug\tft.o (RESET0_Write)
.\CortexM3\ARM_GCC_493\Debug\FinalProject.a(DMA_Complete_ISR_0.o)
[...]
Memory Configuration

Name             Origin             Length             Attributes
rom              0x00000000         0x00040000         xr
ram              0x1fff8000         0x00010000         xrw
*default*        0x00000000         0xffffffff

Linker script and memory map

LOAD c:/program files (x86)/cypress/psoc creator/3.3/psoc creator/import/gnu/arm/4.9.3/bin/../lib/gcc/arm-none-eabi/4.9.3/armv7-m/crti.o
LOAD c:/program files (x86)/cypress/psoc creator/3.3/psoc creator/import/gnu/arm/4.9.3/bin/../lib/gcc/arm-none-eabi/4.9.3/armv7-m/crtbegin.o
LOAD c:/program files (x86)/cypress/psoc creator/3.3/psoc creator/import/gnu/arm/4.9.3/bin/../lib/gcc/arm-none-eabi/4.9.3/../../../../arm-none-eabi/lib/armv7-m/crt0.o
START GROUP
LOAD .\CortexM3\ARM_GCC_493\Debug\main.o
LOAD .\CortexM3\ARM_GCC_493\Debug\tft.o
LOAD .\CortexM3\ARM_GCC_493\Debug\dma_util.o
LOAD .\CortexM3\ARM_GCC_493\Debug\rotate_liquid.o
LOAD .\CortexM3\ARM_GCC_493\Debug\trig.o
LOAD .\CortexM3\ARM_GCC_493\Debug\imu.o
LOAD .\CortexM3\ARM_GCC_493\Debug\snowglobe.o
LOAD .\CortexM3\ARM_GCC_493\Debug\lantern.o
LOAD .\CortexM3\ARM_GCC_493\Debug\cymetadata.o
LOAD .\CortexM3\ARM_GCC_493\Debug\Cm3Start.o
LOAD .\CortexM3\ARM_GCC_493\Debug\FinalProject.a
LOAD C:\Program Files (x86)\Cypress\PSoC Creator\3.3\PSoC Creator\psoc\content\cycomponentlibrary\CyComponentLibrary.cylib\CortexM3\ARM_GCC_493\Debug\CyComponentLibrary.a
END GROUP
START GROUP
LOAD c:/program files (x86)/cypress/psoc creator/3.3/psoc creator/import/gnu/arm/4.9.3/bin/../lib/gcc/arm-none-eabi/4.9.3/armv7-m\libgcc.a
LOAD c:/program files (x86)/cypress/psoc creator/3.3/psoc creator/import/gnu/arm/4.9.3/bin/../lib/gcc/arm-none-eabi/4.9.3/../../../../arm-none-eabi/lib/armv7-m\libg_nano.a
LOAD c:/program files (x86)/cypress/psoc creator/3.3/psoc creator/import/gnu/arm/4.9.3/bin/../lib/gcc/arm-none-eabi/4.9.3/../../../../arm-none-eabi/lib/armv7-m\libc_nano.a
END GROUP
START GROUP
LOAD c:/program files (x86)/cypress/psoc creator/3.3/psoc creator/import/gnu/arm/4.9.3/bin/../lib/gcc/arm-none-eabi/4.9.3/armv7-m\libgcc.a
LOAD c:/program files (x86)/cypress/psoc creator/3.3/psoc creator/import/gnu/arm/4.9.3/bin/../lib/gcc/arm-none-eabi/4.9.3/../../../../arm-none-eabi/lib/armv7-m\libc_nano.a
END GROUP
LOAD c:/program files (x86)/cypress/psoc creator/3.3/psoc creator/import/gnu/arm/4.9.3/bin/../lib/gcc/arm-none-eabi/4.9.3/armv7-m/crtend.o
LOAD c:/program files (x86)/cypress/psoc creator/3.3/psoc creator/import/gnu/arm/4.9.3/bin/../lib/gcc/arm-none-eabi/4.9.3/armv7-m/crtn.o
START GROUP
LOAD c:/program files (x86)/cypress/psoc creator/3.3/psoc creator/import/gnu/arm/4.9.3/bin/../lib/gcc/arm-none-eabi/4.9.3/armv7-m\libgcc.a
LOAD c:/program files (x86)/cypress/psoc creator/3.3/psoc creator/import/gnu/arm/4.9.3/bin/../lib/gcc/arm-none-eabi/4.9.3/../../../../arm-none-eabi/lib/armv7-m\libc.a
LOAD c:/program files (x86)/cypress/psoc creator/3.3/psoc creator/import/gnu/arm/4.9.3/bin/../lib/gcc/arm-none-eabi/4.9.3/../../../../arm-none-eabi/lib/armv7-m\libnosys.a
END GROUP
                0x00000000                CY_APPL_ORIGIN = 0x0
                0x00000100                CY_FLASH_ROW_SIZE = 0x100
                0x00000020                CY_ECC_ROW_SIZE = 0x20
                0x00000000                CY_EE_IN_BTLDR = 0x0
                0x00000000                CY_APPL_LOADABLE = 0x0
                0x00000800                CY_EE_SIZE = 0x800
                0x00000001                CY_APPL_NUM = 0x1
                0x00000001                CY_APPL_MAX = 0x1
                0x00000040                CY_METADATA_SIZE = 0x40
                0x00000000                CY_APPL_LOADABLE = 0x0
                0x00000000                CY_CHECKSUM_EXCLUDE_SIZE = ALIGN (0x0, CY_FLASH_ROW_SIZE)
                0x1fff99d8                PROVIDE (__cy_heap_start, _end)
                0x00000001                PROVIDE (__cy_region_num, ((__cy_regions_end - __cy_regions) / 0x10))
                0x20008000                PROVIDE (__cy_stack, (ORIGIN (ram) + 0x10000))
                0x20007800                PROVIDE (__cy_heap_end, (__cy_stack - 0x800))

.cybootloader   0x00000000        0x0
 *(.cybootloader)
                0x00000000                appl1_start = CY_APPL_ORIGIN?CY_APPL_ORIGIN:ALIGN (CY_FLASH_ROW_SIZE)
                0x0001ff00                appl2_start = (appl1_start + ALIGN ((((0x40000 - appl1_start) - (0x2 * CY_FLASH_ROW_SIZE)) / 0x2), CY_FLASH_ROW_SIZE))
                0x00000000                appl_start = (CY_APPL_NUM == 0x1)?appl1_start:appl2_start
                0x00000000                ecc_offset = ((appl_start / CY_FLASH_ROW_SIZE) * CY_ECC_ROW_SIZE)
                0x00000000                ee_offset = (CY_APPL_LOADABLE && ! (CY_EE_IN_BTLDR))?((CY_EE_SIZE / CY_APPL_MAX) * (CY_APPL_NUM - 0x1)):0x0
                0x00000800                ee_size = (CY_APPL_LOADABLE && ! (CY_EE_IN_BTLDR))?(CY_EE_SIZE / CY_APPL_MAX):CY_EE_SIZE
                0x00000000                PROVIDE (CY_ECC_OFFSET, ecc_offset)

.text           0x00000000     0x3198
 CREATE_OBJECT_SYMBOLS
                0x00000000                PROVIDE (__cy_interrupt_vector, RomVectors)
 *(.romvectors)
 .romvectors    0x00000000       0x10 .\CortexM3\ARM_GCC_493\Debug\Cm3Start.o
                0x00000000                RomVectors
                0x00000001                ASSERT ((. != __cy_interrupt_vector), No interrupt vector)
                0x00000001                ASSERT (CY_APPL_ORIGIN?(SIZEOF (.cybootloader) <= CY_APPL_ORIGIN):0x1, Wrong image location)
                0x00000010                PROVIDE (__cy_reset, Reset)
 *(.text.Reset)
 .text.Reset    0x00000010       0x18 .\CortexM3\ARM_GCC_493\Debug\Cm3Start.o
                0x00000010                Reset
                0x00000001                ASSERT ((. != __cy_reset), No reset code)
 *(.dma_init)
                0x00000001                ASSERT ((((appl_start + .) <= 0x10000) || 0x1), DMA Init must be within the first 64k of flash)
 *(.text .text.* .gnu.linkonce.t.*)
 .text          0x00000028       0x5c c:/program files (x86)/cypress/psoc creator/3.3/psoc creator/import/gnu/arm/4.9.3/bin/../lib/gcc/arm-none-eabi/4.9.3/armv7-m/crtbegin.o
 .text.Mode_Handler
                0x00000084       0x28 .\CortexM3\ARM_GCC_493\Debug\main.o
                0x00000084                Mode_Handler
 .text.Bright_Handler
                0x000000ac       0x34 .\CortexM3\ARM_GCC_493\Debug\main.o
                0x000000ac                Bright_Handler
 .text.main     0x000000e0      0x208 .\CortexM3\ARM_GCC_493\Debug\main.o
                0x000000e0                main
 .text.constrain
                0x000002e8       0x10 .\CortexM3\ARM_GCC_493\Debug\tft.o
                0x000002e8                constrain
 .text.write8_a0
                0x000002f8       0x70 .\CortexM3\ARM_GCC_493\Debug\tft.o
                0x000002f8                write8_a0
 .text.write8_a1
                0x00000368       0x70 .\CortexM3\ARM_GCC_493\Debug\tft.o
                0x00000368                write8_a1
 .text.setRowCol
                0x000003d8       0xa0 .\CortexM3\ARM_GCC_493\Debug\tft.o
                0x000003d8                setRowCol
 .text.drawRect
                0x00000478      0x1a0 .\CortexM3\ARM_GCC_493\Debug\tft.o
                0x00000478                drawRect
 .text.clearScreen
                0x00000618       0x20 .\CortexM3\ARM_GCC_493\Debug\tft.o
                0x00000618                clearScreen
 .text.tftStart
                0x00000638       0xc8 .\CortexM3\ARM_GCC_493\Debug\tft.o
                0x00000638                tftStart
 .text.DMA_0_Complete_Handler
                0x00000700        0xc .\CortexM3\ARM_GCC_493\Debug\dma_util.o
                0x00000700                DMA_0_Complete_Handler
 .text.DMA_1_Complete_Handler
                0x0000070c        0xc .\CortexM3\ARM_GCC_493\Debug\dma_util.o
                0x0000070c                DMA_1_Complete_Handler
 .text.DMA_2_Complete_Handler
                0x00000718        0xc .\CortexM3\ARM_GCC_493\Debug\dma_util.o
                0x00000718                DMA_2_Complete_Handler
 .text.DMA_3_Complete_Handler
                0x00000724        0xc .\CortexM3\ARM_GCC_493\Debug\dma_util.o
                0x00000724                DMA_3_Complete_Handler
 .text.Init_DMA_SPI
                0x00000730      0x104 .\CortexM3\ARM_GCC_493\Debug\dma_util.o
                0x00000730                Init_DMA_SPI
 .text.DMA_Feed_SPI_Async
                0x00000834       0xd4 .\CortexM3\ARM_GCC_493\Debug\dma_util.o
                0x00000834                DMA_Feed_SPI_Async
 .text.DMA_Wait_For_Completion
                0x00000908       0xd4 .\CortexM3\ARM_GCC_493\Debug\dma_util.o
                0x00000908                DMA_Wait_For_Completion
 .text.screenAtan
                0x000009dc        0xc .\CortexM3\ARM_GCC_493\Debug\rotate_liquid.o
                0x000009dc                screenAtan
 .text.drawLiquid
                0x000009e8      0x3c0 .\CortexM3\ARM_GCC_493\Debug\rotate_liquid.o
                0x000009e8                drawLiquid
 .text.getSinQ15
                0x00000da8       0x24 .\CortexM3\ARM_GCC_493\Debug\trig.o
                0x00000da8                getSinQ15
 .text.getCosQ15
                0x00000dcc       0x28 .\CortexM3\ARM_GCC_493\Debug\trig.o
                0x00000dcc                getCosQ15
 .text.MPU6050_Start
                0x00000df4       0x1c .\CortexM3\ARM_GCC_493\Debug\imu.o
                0x00000df4                MPU6050_Start
 .text.Read_Accel_Data
                0x00000e10       0x70 .\CortexM3\ARM_GCC_493\Debug\imu.o
                0x00000e10                Read_Accel_Data
 .text.constrainInt16
                0x00000e80       0x10 .\CortexM3\ARM_GCC_493\Debug\snowglobe.o
 .text.randIn   0x00000e90       0x28 .\CortexM3\ARM_GCC_493\Debug\snowglobe.o
 .text.randPM   0x00000eb8       0x28 .\CortexM3\ARM_GCC_493\Debug\snowglobe.o
 .text.snowglobeInit
                0x00000ee0       0xac .\CortexM3\ARM_GCC_493\Debug\snowglobe.o
                0x00000ee0                snowglobeInit
 .text.snowglobeUpdate
                0x00000f8c      0x318 .\CortexM3\ARM_GCC_493\Debug\snowglobe.o
                0x00000f8c                snowglobeUpdate
 .text.lightLantern
                0x000012a4      0x200 .\CortexM3\ARM_GCC_493\Debug\lantern.o
                0x000012a4                lightLantern
 .text.IntDefaultHandler
                0x000014a4        0x4 .\CortexM3\ARM_GCC_493\Debug\Cm3Start.o
                0x000014a4                IntDefaultHandler
 .text._sbrk    0x000014a8       0x30 .\CortexM3\ARM_GCC_493\Debug\Cm3Start.o
                0x000014a8                _sbrk
 .text.Start_c  0x000014d8       0x4c .\CortexM3\ARM_GCC_493\Debug\Cm3Start.o
                0x000014d8                Start_c
 .text.initialize_psoc
                0x00001524       0x78 .\CortexM3\ARM_GCC_493\Debug\Cm3Start.o
                0x00001524                initialize_psoc
 .text.CyClockStartupError
                0x0000159c        0x4 .\CortexM3\ARM_GCC_493\Debug\FinalProject.a(cyfitter_cfg.o)
 .text.cfg_write_bytes32
                0x000015a0       0x34 .\CortexM3\ARM_GCC_493\Debug\FinalProject.a(cyfitter_cfg.o)
 .text.AnalogSetDefault
                0x000015d4       0x38 .\CortexM3\ARM_GCC_493\Debug\FinalProject.a(cyfitter_cfg.o)
 .text.CYMEMZERO
                0x0000160c        0xc .\CortexM3\ARM_GCC_493\Debug\FinalProject.a(cyfitter_cfg.o)
 .text.CYCONFIGCPY
                0x00001618        0x8 .\CortexM3\ARM_GCC_493\Debug\FinalProject.a(cyfitter_cfg.o)
 .text.ClockSetup
                0x00001620      0x130 .\CortexM3\ARM_GCC_493\Debug\FinalProject.a(cyfitter_cfg.o)
 .text.ADC_DelSig_1_AMux_Set
                0x00001750       0x1c .\CortexM3\ARM_GCC_493\Debug\FinalProject.a(cyfitter_cfg.o)
                0x00001750                ADC_DelSig_1_AMux_Set
 .text.ADC_DelSig_1_AMux_Unset
                0x0000176c       0x1c .\CortexM3\ARM_GCC_493\Debug\FinalProject.a(cyfitter_cfg.o)
                0x0000176c                ADC_DelSig_1_AMux_Unset
 .text.cyfitter_cfg
                0x00001788      0x184 .\CortexM3\ARM_GCC_493\Debug\FinalProject.a(cyfitter_cfg.o)
                0x00001788                cyfitter_cfg
 .text.DMA_1_DmaInitialize
                0x0000190c       0x40 .\CortexM3\ARM_GCC_493\Debug\FinalProject.a(DMA_1_dma.o)
                0x0000190c                DMA_1_DmaInitialize
 .text.SPIM_1_Enable
                0x0000194c       0x34 .\CortexM3\ARM_GCC_493\Debug\FinalProject.a(SPIM_1.o)
                0x0000194c                SPIM_1_Enable
 .text.SPIM_1_ReadTxStatus
                0x00001980        0xc .\CortexM3\ARM_GCC_493\Debug\FinalProject.a(SPIM_1.o)
                0x00001980                SPIM_1_ReadTxStatus
 .text.SPIM_1_ReadRxStatus
                0x0000198c        0xc .\CortexM3\ARM_GCC_493\Debug\FinalProject.a(SPIM_1.o)
                0x0000198c                SPIM_1_ReadRxStatus
 .text.SPIM_1_WriteTxData
                0x00001998       0x18 .\CortexM3\ARM_GCC_493\Debug\FinalProject.a(SPIM_1.o)
                0x00001998                SPIM_1_WriteTxData
 .text.SPIM_1_ClearFIFO
                0x000019b0       0x3c .\CortexM3\ARM_GCC_493\Debug\FinalProject.a(SPIM_1.o)
                0x000019b0                SPIM_1_ClearFIFO
 .text.SPIM_1_Init
                0x000019ec       0x2c .\CortexM3\ARM_GCC_493\Debug\FinalProject.a(SPIM_1.o)
                0x000019ec                SPIM_1_Init
 .text.SPIM_1_Start
                0x00001a18       0x1c .\CortexM3\ARM_GCC_493\Debug\FinalProject.a(SPIM_1.o)
                0x00001a18                SPIM_1_Start
 .text.SPIM_1_IntClock_Start
                0x00001a34       0x1c .\CortexM3\ARM_GCC_493\Debug\FinalProject.a(SPIM_1_IntClock.o)
                0x00001a34                SPIM_1_IntClock_Start
 .text          0x00001a50       0x20 .\CortexM3\ARM_GCC_493\Debug\FinalProject.a(CyBootAsmGnu.o)
                0x00001a50                CyDelayCycles
                0x00001a60                CyEnterCriticalSection
                0x00001a68                CyExitCriticalSection
 .text.CyDmacConfigure
                0x00001a70       0x34 .\CortexM3\ARM_GCC_493\Debug\FinalProject.a(CyDmac.o)
                0x00001a70                CyDmacConfigure
 .text.CyDmaChEnable
                0x00001aa4       0x38 .\CortexM3\ARM_GCC_493\Debug\FinalProject.a(CyDmac.o)
                0x00001aa4                CyDmaChEnable
 .text.CyDmaChPriority
                0x00001adc       0x24 .\CortexM3\ARM_GCC_493\Debug\FinalProject.a(CyDmac.o)
                0x00001adc                CyDmaChPriority
 .text.CyDmaChSetExtendedAddress
                0x00001b00       0x34 .\CortexM3\ARM_GCC_493\Debug\FinalProject.a(CyDmac.o)
                0x00001b00                CyDmaChSetExtendedAddress
 .text.CyDmaChSetInitialTd
                0x00001b34       0x18 .\CortexM3\ARM_GCC_493\Debug\FinalProject.a(CyDmac.o)
                0x00001b34                CyDmaChSetInitialTd
 .text.CyDmaChStatus
                0x00001b4c       0x30 .\CortexM3\ARM_GCC_493\Debug\FinalProject.a(CyDmac.o)
                0x00001b4c                CyDmaChStatus
 .text.CyDmaChSetConfiguration
                0x00001b7c       0x48 .\CortexM3\ARM_GCC_493\Debug\FinalProject.a(CyDmac.o)
                0x00001b7c                CyDmaChSetConfiguration
 .text.CyDmaTdAllocate
                0x00001bc4       0x34 .\CortexM3\ARM_GCC_493\Debug\FinalProject.a(CyDmac.o)
                0x00001bc4                CyDmaTdAllocate
 .text.CyDmaTdSetConfiguration
                0x00001bf8       0x28 .\CortexM3\ARM_GCC_493\Debug\FinalProject.a(CyDmac.o)
                0x00001bf8                CyDmaTdSetConfiguration
 .text.CyDmaTdSetAddress
                0x00001c20       0x1c .\CortexM3\ARM_GCC_493\Debug\FinalProject.a(CyDmac.o)
                0x00001c20                CyDmaTdSetAddress
 .text.CyHalt   0x00001c3c        0x4 .\CortexM3\ARM_GCC_493\Debug\FinalProject.a(CyLib.o)
                0x00001c3c                CyHalt
 .text.CyDelay  0x00001c40       0x2c .\CortexM3\ARM_GCC_493\Debug\FinalProject.a(CyLib.o)
                0x00001c40                CyDelay
 .text.CyDelayUs
                0x00001c6c       0x14 .\CortexM3\ARM_GCC_493\Debug\FinalProject.a(CyLib.o)
                0x00001c6c                CyDelayUs
 .text.CyIntSetVector
                0x00001c80       0x28 .\CortexM3\ARM_GCC_493\Debug\FinalProject.a(CyLib.o)
                0x00001c80                CyIntSetVector
 .text.CyIntSetPriority
                0x00001ca8       0x30 .\CortexM3\ARM_GCC_493\Debug\FinalProject.a(CyLib.o)
                0x00001ca8                CyIntSetPriority
 .text.ADC_DelSig_1_GainCompensation
                0x00001cd8       0xcc .\CortexM3\ARM_GCC_493\Debug\FinalProject.a(ADC_DelSig_1.o)
 .text.ADC_DelSig_1_SetDSMRef0Reg
                0x00001da4       0x4c .\CortexM3\ARM_GCC_493\Debug\FinalProject.a(ADC_DelSig_1.o)
 .text.ADC_DelSig_1_InitConfig
                0x00001df0       0xe0 .\CortexM3\ARM_GCC_493\Debug\FinalProject.a(ADC_DelSig_1.o)
 .text.ADC_DelSig_1_Init
                0x00001ed0       0xc4 .\CortexM3\ARM_GCC_493\Debug\FinalProject.a(ADC_DelSig_1.o)
                0x00001ed0                ADC_DelSig_1_Init
 .text.ADC_DelSig_1_Enable
                0x00001f94       0xd8 .\CortexM3\ARM_GCC_493\Debug\FinalProject.a(ADC_DelSig_1.o)
                0x00001f94                ADC_DelSig_1_Enable
 .text.ADC_DelSig_1_Start
                0x0000206c       0x28 .\CortexM3\ARM_GCC_493\Debug\FinalProject.a(ADC_DelSig_1.o)
                0x0000206c                ADC_DelSig_1_Start
 .text.ADC_DelSig_1_StartConvert
                0x00002094       0x10 .\CortexM3\ARM_GCC_493\Debug\FinalProject.a(ADC_DelSig_1.o)
                0x00002094                ADC_DelSig_1_StartConvert
 .text.ADC_DelSig_1_ISR1
                0x000020a4        0x4 .\CortexM3\ARM_GCC_493\Debug\FinalProject.a(ADC_DelSig_1_INT.o)
                0x000020a4                ADC_DelSig_1_ISR1
 .text.ADC_DelSig_1_AMux_Start
                0x000020a8       0x20 .\CortexM3\ARM_GCC_493\Debug\FinalProject.a(ADC_DelSig_1_AMux.o)
                0x000020a8                ADC_DelSig_1_AMux_Start
 .text.ADC_DelSig_1_AMux_Select
                0x000020c8       0x18 .\CortexM3\ARM_GCC_493\Debug\FinalProject.a(ADC_DelSig_1_AMux.o)
                0x000020c8                ADC_DelSig_1_AMux_Select
 .text.ADC_DelSig_1_Ext_CP_Clk_GetDividerRegister
                0x000020e0        0xc .\CortexM3\ARM_GCC_493\Debug\FinalProject.a(ADC_DelSig_1_Ext_CP_Clk.o)
                0x000020e0                ADC_DelSig_1_Ext_CP_Clk_GetDividerRegister
 .text.ADC_DelSig_1_Ext_CP_Clk_SetModeRegister
                0x000020ec       0x14 .\CortexM3\ARM_GCC_493\Debug\FinalProject.a(ADC_DelSig_1_Ext_CP_Clk.o)
                0x000020ec                ADC_DelSig_1_Ext_CP_Clk_SetModeRegister
 .text.ADC_DelSig_1_Ext_CP_Clk_GetSourceRegister
                0x00002100       0x10 .\CortexM3\ARM_GCC_493\Debug\FinalProject.a(ADC_DelSig_1_Ext_CP_Clk.o)
                0x00002100                ADC_DelSig_1_Ext_CP_Clk_GetSourceRegister
 .text.ADC_DelSig_1_Ext_CP_Clk_SetDividerRegister
                0x00002110       0xd8 .\CortexM3\ARM_GCC_493\Debug\FinalProject.a(ADC_DelSig_1_Ext_CP_Clk.o)
                0x00002110                ADC_DelSig_1_Ext_CP_Clk_SetDividerRegister
 .text.ADC_DelSig_1_theACLK_GetDividerRegister
                0x000021e8        0xc .\CortexM3\ARM_GCC_493\Debug\FinalProject.a(ADC_DelSig_1_theACLK.o)
                0x000021e8                ADC_DelSig_1_theACLK_GetDividerRegister
 .text.ADC_DelSig_1_theACLK_SetModeRegister
                0x000021f4       0x14 .\CortexM3\ARM_GCC_493\Debug\FinalProject.a(ADC_DelSig_1_theACLK.o)
                0x000021f4                ADC_DelSig_1_theACLK_SetModeRegister
 .text.ADC_DelSig_1_theACLK_GetSourceRegister
                0x00002208       0x10 .\CortexM3\ARM_GCC_493\Debug\FinalProject.a(ADC_DelSig_1_theACLK.o)
                0x00002208                ADC_DelSig_1_theACLK_GetSourceRegister
 .text.ADC_DelSig_1_theACLK_SetDividerRegister
                0x00002218       0xd8 .\CortexM3\ARM_GCC_493\Debug\FinalProject.a(ADC_DelSig_1_theACLK.o)
                0x00002218                ADC_DelSig_1_theACLK_SetDividerRegister
 .text.DC1_Write
                0x000022f0       0x18 .\CortexM3\ARM_GCC_493\Debug\FinalProject.a(DC1.o)
                0x000022f0                DC1_Write
 .text.RESET1_Write
                0x00002308       0x18 .\CortexM3\ARM_GCC_493\Debug\FinalProject.a(RESET1.o)
                0x00002308                RESET1_Write
 .text.DMA_Complete_ISR_1_SetVector
                0x00002320        0xc .\CortexM3\ARM_GCC_493\Debug\FinalProject.a(DMA_Complete_ISR_1.o)
                0x00002320                DMA_Complete_ISR_1_SetVector
 .text.DMA_Complete_ISR_1_SetPriority
                0x0000232c       0x10 .\CortexM3\ARM_GCC_493\Debug\FinalProject.a(DMA_Complete_ISR_1.o)
                0x0000232c                DMA_Complete_ISR_1_SetPriority
 .text.DMA_Complete_ISR_1_Enable
                0x0000233c        0xc .\CortexM3\ARM_GCC_493\Debug\FinalProject.a(DMA_Complete_ISR_1.o)
                0x0000233c                DMA_Complete_ISR_1_Enable
 .text.DMA_Complete_ISR_1_Disable
                0x00002348        0xc .\CortexM3\ARM_GCC_493\Debug\FinalProject.a(DMA_Complete_ISR_1.o)
                0x00002348                DMA_Complete_ISR_1_Disable
 .text.DMA_Complete_ISR_1_StartEx
                0x00002354       0x1c .\CortexM3\ARM_GCC_493\Debug\FinalProject.a(DMA_Complete_ISR_1.o)
                0x00002354                DMA_Complete_ISR_1_StartEx
 .text.SPIM_2_Enable
                0x00002370       0x34 .\CortexM3\ARM_GCC_493\Debug\FinalProject.a(SPIM_2.o)
                0x00002370                SPIM_2_Enable
 .text.SPIM_2_ReadTxStatus
                0x000023a4        0xc .\CortexM3\ARM_GCC_493\Debug\FinalProject.a(SPIM_2.o)
                0x000023a4                SPIM_2_ReadTxStatus
 .text.SPIM_2_ReadRxStatus
                0x000023b0        0xc .\CortexM3\ARM_GCC_493\Debug\FinalProject.a(SPIM_2.o)
                0x000023b0                SPIM_2_ReadRxStatus
 .text.SPIM_2_WriteTxData
                0x000023bc       0x18 .\CortexM3\ARM_GCC_493\Debug\FinalProject.a(SPIM_2.o)
                0x000023bc                SPIM_2_WriteTxData
 .text.SPIM_2_ClearFIFO
                0x000023d4       0x3c .\CortexM3\ARM_GCC_493\Debug\FinalProject.a(SPIM_2.o)
                0x000023d4                SPIM_2_ClearFIFO
 .text.SPIM_2_Init
                0x00002410       0x2c .\CortexM3\ARM_GCC_493\Debug\FinalProject.a(SPIM_2.o)
                0x00002410                SPIM_2_Init
 .text.SPIM_2_Start
                0x0000243c       0x1c .\CortexM3\ARM_GCC_493\Debug\FinalProject.a(SPIM_2.o)
                0x0000243c                SPIM_2_Start
 .text.RESET2_Write
                0x00002458       0x18 .\CortexM3\ARM_GCC_493\Debug\FinalProject.a(RESET2.o)
                0x00002458                RESET2_Write
 .text.DC2_Write
                0x00002470       0x18 .\CortexM3\ARM_GCC_493\Debug\FinalProject.a(DC2.o)
                0x00002470                DC2_Write
 .text.DMA_2_DmaInitialize
                0x00002488       0x40 .\CortexM3\ARM_GCC_493\Debug\FinalProject.a(DMA_2_dma.o)
                0x00002488                DMA_2_DmaInitialize
 .text.DMA_Complete_ISR_2_SetVector
                0x000024c8        0xc .\CortexM3\ARM_GCC_493\Debug\FinalProject.a(DMA_Complete_ISR_2.o)
                0x000024c8                DMA_Complete_ISR_2_SetVector
 .text.DMA_Complete_ISR_2_SetPriority
                0x000024d4       0x10 .\CortexM3\ARM_GCC_493\Debug\FinalProject.a(DMA_Complete_ISR_2.o)
                0x000024d4                DMA_Complete_ISR_2_SetPriority
 .text.DMA_Complete_ISR_2_Enable
                0x000024e4        0xc .\CortexM3\ARM_GCC_493\Debug\FinalProject.a(DMA_Complete_ISR_2.o)
                0x000024e4                DMA_Complete_ISR_2_Enable
 .text.DMA_Complete_ISR_2_Disable
                0x000024f0        0xc .\CortexM3\ARM_GCC_493\Debug\FinalProject.a(DMA_Complete_ISR_2.o)
                0x000024f0                DMA_Complete_ISR_2_Disable
 .text.DMA_Complete_ISR_2_StartEx
                0x000024fc       0x1c .\CortexM3\ARM_GCC_493\Debug\FinalProject.a(DMA_Complete_ISR_2.o)
                0x000024fc                DMA_Complete_ISR_2_StartEx
 .text.SPIM_2_IntClock_Start
                0x00002518       0x1c .\CortexM3\ARM_GCC_493\Debug\FinalProject.a(SPIM_2_IntClock.o)
                0x00002518                SPIM_2_IntClock_Start
 .text.DMA_3_DmaInitialize
                0x00002534       0x40 .\CortexM3\ARM_GCC_493\Debug\FinalProject.a(DMA_3_dma.o)
                0x00002534                DMA_3_DmaInitialize
 .text.SPIM_3_Enable
                0x00002574       0x38 .\CortexM3\ARM_GCC_493\Debug\FinalProject.a(SPIM_3.o)
                0x00002574                SPIM_3_Enable
 .text.SPIM_3_ReadTxStatus
                0x000025ac        0xc .\CortexM3\ARM_GCC_493\Debug\FinalProject.a(SPIM_3.o)
                0x000025ac                SPIM_3_ReadTxStatus
 .text.SPIM_3_ReadRxStatus
                0x000025b8        0xc .\CortexM3\ARM_GCC_493\Debug\FinalProject.a(SPIM_3.o)
                0x000025b8                SPIM_3_ReadRxStatus
 .text.SPIM_3_WriteTxData
                0x000025c4       0x18 .\CortexM3\ARM_GCC_493\Debug\FinalProject.a(SPIM_3.o)
                0x000025c4                SPIM_3_WriteTxData
 .text.SPIM_3_ClearFIFO
                0x000025dc       0x3c .\CortexM3\ARM_GCC_493\Debug\FinalProject.a(SPIM_3.o)
                0x000025dc                SPIM_3_ClearFIFO
 .text.SPIM_3_Init
                0x00002618       0x2c .\CortexM3\ARM_GCC_493\Debug\FinalProject.a(SPIM_3.o)
                0x00002618                SPIM_3_Init
 .text.SPIM_3_Start
                0x00002644       0x1c .\CortexM3\ARM_GCC_493\Debug\FinalProject.a(SPIM_3.o)
                0x00002644                SPIM_3_Start
 .text.DC3_Write
                0x00002660       0x18 .\CortexM3\ARM_GCC_493\Debug\FinalProject.a(DC3.o)
                0x00002660                DC3_Write
 .text.RESET3_Write
                0x00002678       0x18 .\CortexM3\ARM_GCC_493\Debug\FinalProject.a(RESET3.o)
                0x00002678                RESET3_Write
 .text.DMA_Complete_ISR_3_SetVector
                0x00002690        0xc .\CortexM3\ARM_GCC_493\Debug\FinalProject.a(DMA_Complete_ISR_3.o)
                0x00002690                DMA_Complete_ISR_3_SetVector
 .text.DMA_Complete_ISR_3_SetPriority
                0x0000269c       0x10 .\CortexM3\ARM_GCC_493\Debug\FinalProject.a(DMA_Complete_ISR_3.o)
                0x0000269c                DMA_Complete_ISR_3_SetPriority
 .text.DMA_Complete_ISR_3_Enable
                0x000026ac        0xc .\CortexM3\ARM_GCC_493\Debug\FinalProject.a(DMA_Complete_ISR_3.o)
                0x000026ac                DMA_Complete_ISR_3_Enable
 .text.DMA_Complete_ISR_3_Disable
                0x000026b8        0xc .\CortexM3\ARM_GCC_493\Debug\FinalProject.a(DMA_Complete_ISR_3.o)
                0x000026b8                DMA_Complete_ISR_3_Disable
 .text.DMA_Complete_ISR_3_StartEx
                0x000026c4       0x1c .\CortexM3\ARM_GCC_493\Debug\FinalProject.a(DMA_Complete_ISR_3.o)
                0x000026c4                DMA_Complete_ISR_3_StartEx
 .text.SPIM_3_IntClock_Start
                0x000026e0       0x1c .\CortexM3\ARM_GCC_493\Debug\FinalProject.a(SPIM_3_IntClock.o)
                0x000026e0                SPIM_3_IntClock_Start
 .text.DMA_0_DmaInitialize
                0x000026fc       0x3c .\CortexM3\ARM_GCC_493\Debug\FinalProject.a(DMA_0_dma.o)
                0x000026fc                DMA_0_DmaInitialize
 .text.SPIM_0_Enable
                0x00002738       0x34 .\CortexM3\ARM_GCC_493\Debug\FinalProject.a(SPIM_0.o)
                0x00002738                SPIM_0_Enable
 .text.SPIM_0_ReadTxStatus
                0x0000276c        0xc .\CortexM3\ARM_GCC_493\Debug\FinalProject.a(SPIM_0.o)
                0x0000276c                SPIM_0_ReadTxStatus
 .text.SPIM_0_ReadRxStatus
                0x00002778        0xc .\CortexM3\ARM_GCC_493\Debug\FinalProject.a(SPIM_0.o)
                0x00002778                SPIM_0_ReadRxStatus
 .text.SPIM_0_WriteTxData
                0x00002784       0x18 .\CortexM3\ARM_GCC_493\Debug\FinalProject.a(SPIM_0.o)
                0x00002784                SPIM_0_WriteTxData
 .text.SPIM_0_ClearFIFO
                0x0000279c       0x3c .\CortexM3\ARM_GCC_493\Debug\FinalProject.a(SPIM_0.o)
                0x0000279c                SPIM_0_ClearFIFO
 .text.SPIM_0_Init
                0x000027d8       0x2c .\CortexM3\ARM_GCC_493\Debug\FinalProject.a(SPIM_0.o)
                0x000027d8                SPIM_0_Init
 .text.SPIM_0_Start
                0x00002804       0x1c .\CortexM3\ARM_GCC_493\Debug\FinalProject.a(SPIM_0.o)
                0x00002804                SPIM_0_Start
 .text.DC0_Write
                0x00002820       0x18 .\CortexM3\ARM_GCC_493\Debug\FinalProject.a(DC0.o)
                0x00002820                DC0_Write
 .text.RESET0_Write
                0x00002838       0x18 .\CortexM3\ARM_GCC_493\Debug\FinalProject.a(RESET0.o)
                0x00002838                RESET0_Write
 .text.DMA_Complete_ISR_0_SetVector
                0x00002850        0xc .\CortexM3\ARM_GCC_493\Debug\FinalProject.a(DMA_Complete_ISR_0.o)
                0x00002850                DMA_Complete_ISR_0_SetVector
 .text.DMA_Complete_ISR_0_SetPriority
                0x0000285c       0x10 .\CortexM3\ARM_GCC_493\Debug\FinalProject.a(DMA_Complete_ISR_0.o)
                0x0000285c                DMA_Complete_ISR_0_SetPriority
 .text.DMA_Complete_ISR_0_Enable
                0x0000286c        0xc .\CortexM3\ARM_GCC_493\Debug\FinalProject.a(DMA_Complete_ISR_0.o)
                0x0000286c                DMA_Complete_ISR_0_Enable
 .text.DMA_Complete_ISR_0_Disable
                0x00002878        0xc .\CortexM3\ARM_GCC_493\Debug\FinalProject.a(DMA_Complete_ISR_0.o)
                0x00002878                DMA_Complete_ISR_0_Disable
 .text.DMA_Complete_ISR_0_StartEx
                0x00002884       0x1c .\CortexM3\ARM_GCC_493\Debug\FinalProject.a(DMA_Complete_ISR_0.o)
                0x00002884                DMA_Complete_ISR_0_StartEx
 .text.SPIM_0_IntClock_Start
                0x000028a0       0x1c .\CortexM3\ARM_GCC_493\Debug\FinalProject.a(SPIM_0_IntClock.o)
                0x000028a0                SPIM_0_IntClock_Start
 .text.I2C_1_Init
                0x000028bc       0x68 .\CortexM3\ARM_GCC_493\Debug\FinalProject.a(I2C_1.o)
                0x000028bc                I2C_1_Init
 .text.I2C_1_Enable
                0x00002924       0x24 .\CortexM3\ARM_GCC_493\Debug\FinalProject.a(I2C_1.o)
                0x00002924                I2C_1_Enable
 .text.I2C_1_Start
                0x00002948       0x28 .\CortexM3\ARM_GCC_493\Debug\FinalProject.a(I2C_1.o)
                0x00002948                I2C_1_Start
 .text.I2C_1_ISR
                0x00002970      0x2cc .\CortexM3\ARM_GCC_493\Debug\FinalProject.a(I2C_1_INT.o)
                0x00002970                I2C_1_ISR
 .text.I2C_1_MasterSendStart
                0x00002c3c       0x80 .\CortexM3\ARM_GCC_493\Debug\FinalProject.a(I2C_1_MASTER.o)
                0x00002c3c                I2C_1_MasterSendStart
 .text.I2C_1_MasterSendRestart
                0x00002cbc       0x6c .\CortexM3\ARM_GCC_493\Debug\FinalProject.a(I2C_1_MASTER.o)
                0x00002cbc                I2C_1_MasterSendRestart
 .text.I2C_1_MasterSendStop
                0x00002d28       0x38 .\CortexM3\ARM_GCC_493\Debug\FinalProject.a(I2C_1_MASTER.o)
                0x00002d28                I2C_1_MasterSendStop
 .text.I2C_1_MasterWriteByte
                0x00002d60       0x58 .\CortexM3\ARM_GCC_493\Debug\FinalProject.a(I2C_1_MASTER.o)
                0x00002d60                I2C_1_MasterWriteByte
 .text.I2C_1_MasterReadByte
                0x00002db8       0x58 .\CortexM3\ARM_GCC_493\Debug\FinalProject.a(I2C_1_MASTER.o)
                0x00002db8                I2C_1_MasterReadByte
 .text.MODE_ISR_SetVector
                0x00002e10        0xc .\CortexM3\ARM_GCC_493\Debug\FinalProject.a(MODE_ISR.o)
                0x00002e10                MODE_ISR_SetVector
 .text.MODE_ISR_SetPriority
                0x00002e1c       0x10 .\CortexM3\ARM_GCC_493\Debug\FinalProject.a(MODE_ISR.o)
                0x00002e1c                MODE_ISR_SetPriority
 .text.MODE_ISR_Enable
                0x00002e2c        0xc .\CortexM3\ARM_GCC_493\Debug\FinalProject.a(MODE_ISR.o)
                0x00002e2c                MODE_ISR_Enable
 .text.MODE_ISR_Disable
                0x00002e38        0xc .\CortexM3\ARM_GCC_493\Debug\FinalProject.a(MODE_ISR.o)
                0x00002e38                MODE_ISR_Disable
 .text.MODE_ISR_StartEx
                0x00002e44       0x1c .\CortexM3\ARM_GCC_493\Debug\FinalProject.a(MODE_ISR.o)
                0x00002e44                MODE_ISR_StartEx
 .text.LED_MODE_1_Write
                0x00002e60       0x18 .\CortexM3\ARM_GCC_493\Debug\FinalProject.a(LED_MODE_1.o)
                0x00002e60                LED_MODE_1_Write
 .text.LED_MODE_2_Write
                0x00002e78       0x18 .\CortexM3\ARM_GCC_493\Debug\FinalProject.a(LED_MODE_2.o)
                0x00002e78                LED_MODE_2_Write
 .text.BRIGHT_ISR_SetVector
                0x00002e90        0xc .\CortexM3\ARM_GCC_493\Debug\FinalProject.a(BRIGHT_ISR.o)
                0x00002e90                BRIGHT_ISR_SetVector
 .text.BRIGHT_ISR_SetPriority
                0x00002e9c       0x10 .\CortexM3\ARM_GCC_493\Debug\FinalProject.a(BRIGHT_ISR.o)
                0x00002e9c                BRIGHT_ISR_SetPriority
 .text.BRIGHT_ISR_Enable
                0x00002eac        0xc .\CortexM3\ARM_GCC_493\Debug\FinalProject.a(BRIGHT_ISR.o)
                0x00002eac                BRIGHT_ISR_Enable
 .text.BRIGHT_ISR_Disable
                0x00002eb8        0xc .\CortexM3\ARM_GCC_493\Debug\FinalProject.a(BRIGHT_ISR.o)
                0x00002eb8                BRIGHT_ISR_Disable
 .text.BRIGHT_ISR_StartEx
                0x00002ec4       0x1c .\CortexM3\ARM_GCC_493\Debug\FinalProject.a(BRIGHT_ISR.o)
                0x00002ec4                BRIGHT_ISR_StartEx
 .text.PWM_1_Enable
                0x00002ee0       0x10 .\CortexM3\ARM_GCC_493\Debug\FinalProject.a(PWM_1.o)
                0x00002ee0                PWM_1_Enable
 .text.PWM_1_Stop
                0x00002ef0       0x10 .\CortexM3\ARM_GCC_493\Debug\FinalProject.a(PWM_1.o)
                0x00002ef0                PWM_1_Stop
 .text.PWM_1_WriteCounter
                0x00002f00        0xc .\CortexM3\ARM_GCC_493\Debug\FinalProject.a(PWM_1.o)
                0x00002f00                PWM_1_WriteCounter
 .text.PWM_1_WritePeriod
                0x00002f0c        0xc .\CortexM3\ARM_GCC_493\Debug\FinalProject.a(PWM_1.o)
                0x00002f0c                PWM_1_WritePeriod
 .text.PWM_1_WriteCompare
                0x00002f18        0xc .\CortexM3\ARM_GCC_493\Debug\FinalProject.a(PWM_1.o)
                0x00002f18                PWM_1_WriteCompare
 .text.PWM_1_SetInterruptMode
                0x00002f24        0xc .\CortexM3\ARM_GCC_493\Debug\FinalProject.a(PWM_1.o)
                0x00002f24                PWM_1_SetInterruptMode
 .text.PWM_1_ReadStatusRegister
                0x00002f30        0xc .\CortexM3\ARM_GCC_493\Debug\FinalProject.a(PWM_1.o)
                0x00002f30                PWM_1_ReadStatusRegister
 .text.PWM_1_ReadCapture
                0x00002f3c        0xc .\CortexM3\ARM_GCC_493\Debug\FinalProject.a(PWM_1.o)
                0x00002f3c                PWM_1_ReadCapture
 .text.PWM_1_ClearFIFO
                0x00002f48       0x14 .\CortexM3\ARM_GCC_493\Debug\FinalProject.a(PWM_1.o)
                0x00002f48                PWM_1_ClearFIFO
 .text.PWM_1_Init
                0x00002f5c       0x50 .\CortexM3\ARM_GCC_493\Debug\FinalProject.a(PWM_1.o)
                0x00002f5c                PWM_1_Init
 .text.PWM_1_Start
                0x00002fac       0x1c .\CortexM3\ARM_GCC_493\Debug\FinalProject.a(PWM_1.o)
                0x00002fac                PWM_1_Start
 .text.__errno  0x00002fc8        0xc c:/program files (x86)/cypress/psoc creator/3.3/psoc creator/import/gnu/arm/4.9.3/bin/../lib/gcc/arm-none-eabi/4.9.3/../../../../arm-none-eabi/lib/armv7-m\libg_nano.a(lib_a-errno.o)
                0x00002fc8                __errno
 .text.__libc_init_array
                0x00002fd4       0x4c c:/program files (x86)/cypress/psoc creator/3.3/psoc creator/import/gnu/arm/4.9.3/bin/../lib/gcc/arm-none-eabi/4.9.3/../../../../arm-none-eabi/lib/armv7-m\libg_nano.a(lib_a-init.o)
                0x00002fd4                __libc_init_array
 .text.memcpy   0x00003020       0x16 c:/program files (x86)/cypress/psoc creator/3.3/psoc creator/import/gnu/arm/4.9.3/bin/../lib/gcc/arm-none-eabi/4.9.3/../../../../arm-none-eabi/lib/armv7-m\libg_nano.a(lib_a-memcpy.o)
                0x00003020                memcpy
 .text.memset   0x00003036       0x10 c:/program files (x86)/cypress/psoc creator/3.3/psoc creator/import/gnu/arm/4.9.3/bin/../lib/gcc/arm-none-eabi/4.9.3/../../../../arm-none-eabi/lib/armv7-m\libg_nano.a(lib_a-memset.o)
                0x00003036                memset
 *fill*         0x00003046        0x2 
 .text.rand     0x00003048       0x74 c:/program files (x86)/cypress/psoc creator/3.3/psoc creator/import/gnu/arm/4.9.3/bin/../lib/gcc/arm-none-eabi/4.9.3/../../../../arm-none-eabi/lib/armv7-m\libg_nano.a(lib_a-rand.o)
                0x00003048                rand
 .text.malloc   0x000030bc       0x10 c:/program files (x86)/cypress/psoc creator/3.3/psoc creator/import/gnu/arm/4.9.3/bin/../lib/gcc/arm-none-eabi/4.9.3/../../../../arm-none-eabi/lib/armv7-m\libg_nano.a(lib_a-malloc.o)
                0x000030bc                malloc
 .text._malloc_r
                0x000030cc       0xac c:/program files (x86)/cypress/psoc creator/3.3/psoc creator/import/gnu/arm/4.9.3/bin/../lib/gcc/arm-none-eabi/4.9.3/../../../../arm-none-eabi/lib/armv7-m\libg_nano.a(lib_a-nano-mallocr.o)
                0x000030cc                _malloc_r
 .text._sbrk_r  0x00003178       0x20 c:/program files (x86)/cypress/psoc creator/3.3/psoc creator/import/gnu/arm/4.9.3/bin/../lib/gcc/arm-none-eabi/4.9.3/../../../../arm-none-eabi/lib/armv7-m\libg_nano.a(lib_a-sbrkr.o)
                0x00003178                _sbrk_r
 *(.plt)
 *(.gnu.warning)
 *(.glue_7t)
 .glue_7t       0x00000000        0x0 linker stubs
 *(.glue_7)
 .glue_7        0x00000000        0x0 linker stubs
 *(.vfp11_veneer)
 .vfp11_veneer  0x00000000        0x0 linker stubs
 *(.bootloader)
 *(.ARM.extab* .gnu.linkonce.armextab.*)
 *(.gcc_except_table)

.v4_bx          0x00003198        0x0
 .v4_bx         0x00000000        0x0 linker stubs

.iplt           0x00003198        0x0
 .iplt          0x00000000        0x0 c:/program files (x86)/cypress/psoc creator/3.3/psoc creator/import/gnu/arm/4.9.3/bin/../lib/gcc/arm-none-eabi/4.9.3/armv7-m/crtbegin.o

.eh_frame_hdr
 *(.eh_frame_hdr)

.eh_frame       0x00003198        0x4
 *(.eh_frame)
 .eh_frame      0x00003198        0x0 c:/program files (x86)/cypress/psoc creator/3.3/psoc creator/import/gnu/arm/4.9.3/bin/../lib/gcc/arm-none-eabi/4.9.3/armv7-m/crtbegin.o
 .eh_frame      0x00003198        0x4 c:/program files (x86)/cypress/psoc creator/3.3/psoc creator/import/gnu/arm/4.9.3/bin/../lib/gcc/arm-none-eabi/4.9.3/armv7-m/crtend.o
                0x0000319c                PROVIDE (__exidx_start, .)

.ARM.exidx
 *(.ARM.exidx* .gnu.linkonce.armexidx.*)
                0x0000319c                __exidx_end = .

.rodata         0x0000319c      0x70c
 *(.rodata .rodata.* .gnu.linkonce.r.*)
 .rodata        0x0000319c        0x4 .\CortexM3\ARM_GCC_493\Debug\main.o
 .rodata        0x000031a0       0x6c .\CortexM3\ARM_GCC_493\Debug\tft.o
                0x000031a0                ST7796S_Init_Sequence
 .rodata        0x0000320c      0x200 .\CortexM3\ARM_GCC_493\Debug\rotate_liquid.o
                0x0000320c                atan_lut
 .rodata        0x0000340c      0x2d0 .\CortexM3\ARM_GCC_493\Debug\trig.o
                0x0000340c                sinLUT
 .rodata        0x000036dc        0xc .\CortexM3\ARM_GCC_493\Debug\snowglobe.o
 .rodata        0x000036e8      0x100 .\CortexM3\ARM_GCC_493\Debug\lantern.o
                0x000036e8                sineBrightness
 .rodata        0x000037e8       0x84 .\CortexM3\ARM_GCC_493\Debug\FinalProject.a(cyfitter_cfg.o)
                0x000037e8                ADC_DelSig_1_AMux__addrTable
                0x000037f0                ADC_DelSig_1_AMux__maskTable
 .rodata.str1.1
                0x0000386c        0x2 c:/program files (x86)/cypress/psoc creator/3.3/psoc creator/import/gnu/arm/4.9.3/bin/../lib/gcc/arm-none-eabi/4.9.3/../../../../arm-none-eabi/lib/armv7-m\libg_nano.a(lib_a-impure.o)
                0x00003870                . = ALIGN (0x4)
 *fill*         0x0000386e        0x2 
 *(.init)
 .init          0x00003870        0x4 c:/program files (x86)/cypress/psoc creator/3.3/psoc creator/import/gnu/arm/4.9.3/bin/../lib/gcc/arm-none-eabi/4.9.3/armv7-m/crti.o
                0x00003870                _init
 .init          0x00003874        0x8 c:/program files (x86)/cypress/psoc creator/3.3/psoc creator/import/gnu/arm/4.9.3/bin/../lib/gcc/arm-none-eabi/4.9.3/armv7-m/crtn.o
                0x0000387c                . = ALIGN (0x4)
                0x0000387c                __preinit_array_start = .
 *(.preinit_array)
                0x0000387c                __preinit_array_end = .
                0x0000387c                . = ALIGN (0x4)
                0x0000387c                __init_array_start = .
 *(SORT(.init_array.*))
 *(.init_array)
 .init_array    0x0000387c        0x4 c:/program files (x86)/cypress/psoc creator/3.3/psoc creator/import/gnu/arm/4.9.3/bin/../lib/gcc/arm-none-eabi/4.9.3/armv7-m/crtbegin.o
 .init_array    0x00003880        0x4 .\CortexM3\ARM_GCC_493\Debug\Cm3Start.o
                0x00003884                __init_array_end = .
                0x00003884                . = ALIGN (0x4)
 *(.fini)
 .fini          0x00003884        0x4 c:/program files (x86)/cypress/psoc creator/3.3/psoc creator/import/gnu/arm/4.9.3/bin/../lib/gcc/arm-none-eabi/4.9.3/armv7-m/crti.o
                0x00003884                _fini
 .fini          0x00003888        0x8 c:/program files (x86)/cypress/psoc creator/3.3/psoc creator/import/gnu/arm/4.9.3/bin/../lib/gcc/arm-none-eabi/4.9.3/armv7-m/crtn.o
                0x00003890                . = ALIGN (0x4)
                0x00003890                __fini_array_start = .
 *(.fini_array)
 .fini_array    0x00003890        0x4 c:/program files (x86)/cypress/psoc creator/3.3/psoc creator/import/gnu/arm/4.9.3/bin/../lib/gcc/arm-none-eabi/4.9.3/armv7-m/crtbegin.o
 *(SORT(.fini_array.*))
                0x00003894                __fini_array_end = .
                0x00003894                . = ALIGN (0x4)
 *crtbegin.o(.ctors)
 *(EXCLUDE_FILE(*crtend.o) .ctors)
 *(SORT(.ctors.*))
 *crtend.o(.ctors)
                0x00003894                . = ALIGN (0x4)
 *crtbegin.o(.dtors)
 *(EXCLUDE_FILE(*crtend.o) .dtors)
 *(SORT(.dtors.*))
 *crtend.o(.dtors)
                0x00003894                . = ALIGN (0x4)
                0x00003894                __cy_regions = .
                0x00003894        0x4 LONG 0x38a8 __cy_region_init_ram
                0x00003898        0x4 LONG 0x1fff8108 __cy_region_start_data
                0x0000389c        0x4 LONG 0x98 __cy_region_init_size_ram
                0x000038a0        0x4 LONG 0x1838 __cy_region_zero_size_ram
                0x000038a4                __cy_regions_end = .
                0x000038a8                . = ALIGN (0x8)
 *fill*         0x000038a4        0x4 
                0x000038a8                _etext = .

.cy_checksum_exclude
                0x000038a8        0x0
 *(.cy_checksum_exclude)

.ramvectors     0x1fff8000      0x100
                0x1fff8000                __cy_region_start_ram = .
 *(.ramvectors)
 .ramvectors    0x1fff8000      0x100 .\CortexM3\ARM_GCC_493\Debug\Cm3Start.o
                0x1fff8000                CyRamVectors

.noinit         0x1fff8100        0x5
 *(.noinit)
 .noinit        0x1fff8100        0x4 .\CortexM3\ARM_GCC_493\Debug\Cm3Start.o
 .noinit        0x1fff8104        0x1 .\CortexM3\ARM_GCC_493\Debug\FinalProject.a(CyLib.o)
                0x1fff8104                CyResetStatus

.data           0x1fff8108       0x98 load address 0x000038a8
                0x1fff8108                __cy_region_start_data = .
 *(.jcr)
 .jcr           0x1fff8108        0x0 c:/program files (x86)/cypress/psoc creator/3.3/psoc creator/import/gnu/arm/4.9.3/bin/../lib/gcc/arm-none-eabi/4.9.3/armv7-m/crtbegin.o
 .jcr           0x1fff8108        0x4 c:/program files (x86)/cypress/psoc creator/3.3/psoc creator/import/gnu/arm/4.9.3/bin/../lib/gcc/arm-none-eabi/4.9.3/armv7-m/crtend.o
 *(.got.plt)
 *(.got)
 *(.shdata)
 *(.data .data.* .gnu.linkonce.d.*)
 .data          0x1fff810c        0x1 .\CortexM3\ARM_GCC_493\Debug\main.o
                0x1fff810c                brightness
 *fill*         0x1fff810d        0x3 
 .data          0x1fff8110        0x4 .\CortexM3\ARM_GCC_493\Debug\Cm3Start.o
 .data          0x1fff8114        0x1 .\CortexM3\ARM_GCC_493\Debug\FinalProject.a(DMA_1_dma.o)
                0x1fff8114                DMA_1_DmaHandle
 *fill*         0x1fff8115        0x3 
 .data          0x1fff8118        0x8 .\CortexM3\ARM_GCC_493\Debug\FinalProject.a(CyDmac.o)
 .data          0x1fff8120       0x10 .\CortexM3\ARM_GCC_493\Debug\FinalProject.a(CyLib.o)
                0x1fff8120                cydelay_32k_ms
                0x1fff8124                cydelay_freq_khz
                0x1fff8128                cydelay_freq_mhz
                0x1fff812c                cydelay_freq_hz
 .data          0x1fff8130        0x1 .\CortexM3\ARM_GCC_493\Debug\FinalProject.a(ADC_DelSig_1.o)
                0x1fff8130                ADC_DelSig_1_Config
 .data          0x1fff8131        0x1 .\CortexM3\ARM_GCC_493\Debug\FinalProject.a(ADC_DelSig_1_AMux.o)
 .data          0x1fff8132        0x1 .\CortexM3\ARM_GCC_493\Debug\FinalProject.a(DMA_2_dma.o)
                0x1fff8132                DMA_2_DmaHandle
 .data          0x1fff8133        0x1 .\CortexM3\ARM_GCC_493\Debug\FinalProject.a(DMA_3_dma.o)
                0x1fff8133                DMA_3_DmaHandle
 .data          0x1fff8134        0x1 .\CortexM3\ARM_GCC_493\Debug\FinalProject.a(DMA_0_dma.o)
                0x1fff8134                DMA_0_DmaHandle
 *fill*         0x1fff8135        0x3 
 .data.impure_data
                0x1fff8138       0x60 c:/program files (x86)/cypress/psoc creator/3.3/psoc creator/import/gnu/arm/4.9.3/bin/../lib/gcc/arm-none-eabi/4.9.3/../../../../arm-none-eabi/lib/armv7-m\libg_nano.a(lib_a-impure.o)
 .data._impure_ptr
                0x1fff8198        0x4 c:/program files (x86)/cypress/psoc creator/3.3/psoc creator/import/gnu/arm/4.9.3/bin/../lib/gcc/arm-none-eabi/4.9.3/../../../../arm-none-eabi/lib/armv7-m\libg_nano.a(lib_a-impure.o)
                0x1fff8198                _impure_ptr
                0x1fff81a0                . = ALIGN (0x8)
 *fill*         0x1fff819c        0x4 
 *(.ram)
                0x1fff81a0                _edata = .

.igot.plt       0x1fff81a0        0x0 load address 0x00003940
 .igot.plt      0x00000000        0x0 c:/program files (x86)/cypress/psoc creator/3.3/psoc creator/import/gnu/arm/4.9.3/bin/../lib/gcc/arm-none-eabi/4.9.3/armv7-m/crtbegin.o

.bss            0x1fff81a0     0x1838 load address 0x00003940
                0x1fff81a0                PROVIDE (__bss_start__, .)
 *(.shbss)
 *(.bss .bss.* .gnu.linkonce.b.*)
 .bss           0x1fff81a0       0x1c c:/program files (x86)/cypress/psoc creator/3.3/psoc creator/import/gnu/arm/4.9.3/bin/../lib/gcc/arm-none-eabi/4.9.3/armv7-m/crtbegin.o
 .bss           0x1fff81bc        0x4 .\CortexM3\ARM_GCC_493\Debug\main.o
                0x1fff81bc                mode
                0x1fff81bd                mode_changed
                0x1fff81be                brightnessChanged
                0x1fff81bf                brightIdx
 .bss           0x1fff81c0        0xc .\CortexM3\ARM_GCC_493\Debug\dma_util.o
                0x1fff81c0                isDmaBusy_0
                0x1fff81c1                isDmaBusy_1
                0x1fff81c2                isDmaBusy_2
                0x1fff81c3                isDmaBusy_3
 .bss           0x1fff81cc      0x3c8 .\CortexM3\ARM_GCC_493\Debug\snowglobe.o
 .bss           0x1fff8594        0x1 .\CortexM3\ARM_GCC_493\Debug\FinalProject.a(SPIM_1.o)
                0x1fff8594                SPIM_1_initVar
 *fill*         0x1fff8595        0x3 
 .bss           0x1fff8598        0x8 .\CortexM3\ARM_GCC_493\Debug\FinalProject.a(ADC_DelSig_1.o)
                0x1fff859c                ADC_DelSig_1_stopConversion
                0x1fff859d                ADC_DelSig_1_convDone
                0x1fff859e                ADC_DelSig_1_initVar
                0x1fff859f                ADC_DelSig_1_started
 .bss           0x1fff85a0        0x1 .\CortexM3\ARM_GCC_493\Debug\FinalProject.a(SPIM_2.o)
                0x1fff85a0                SPIM_2_initVar
 .bss           0x1fff85a1        0x1 .\CortexM3\ARM_GCC_493\Debug\FinalProject.a(SPIM_3.o)
                0x1fff85a1                SPIM_3_initVar
 .bss           0x1fff85a2        0x1 .\CortexM3\ARM_GCC_493\Debug\FinalProject.a(SPIM_0.o)
                0x1fff85a2                SPIM_0_initVar
 .bss           0x1fff85a3        0x1 .\CortexM3\ARM_GCC_493\Debug\FinalProject.a(I2C_1.o)
                0x1fff85a3                I2C_1_initVar
 .bss           0x1fff85a4        0x1 .\CortexM3\ARM_GCC_493\Debug\FinalProject.a(PWM_1.o)
                0x1fff85a4                PWM_1_initVar
 *fill*         0x1fff85a5        0x3 
 .bss.__malloc_sbrk_start
                0x1fff85a8        0x4 c:/program files (x86)/cypress/psoc creator/3.3/psoc creator/import/gnu/arm/4.9.3/bin/../lib/gcc/arm-none-eabi/4.9.3/../../../../arm-none-eabi/lib/armv7-m\libg_nano.a(lib_a-nano-mallocr.o)
                0x1fff85a8                __malloc_sbrk_start
 .bss.__malloc_free_list
                0x1fff85ac        0x4 c:/program files (x86)/cypress/psoc creator/3.3/psoc creator/import/gnu/arm/4.9.3/bin/../lib/gcc/arm-none-eabi/4.9.3/../../../../arm-none-eabi/lib/armv7-m\libg_nano.a(lib_a-nano-mallocr.o)
                0x1fff85ac                __malloc_free_list
 *(COMMON)
 COMMON         0x1fff85b0     0x1400 .\CortexM3\ARM_GCC_493\Debug\dma_util.o
                0x1fff85b0                bufferA_2
                0x1fff8830                bufferB_2
                0x1fff8ab0                bufferB_3
                0x1fff8d30                bufferB_0
                0x1fff8fb0                bufferA_3
                0x1fff9230                bufferA_1
                0x1fff94b0                bufferA_0
                0x1fff9730                bufferB_1
 COMMON         0x1fff99b0        0x8 .\CortexM3\ARM_GCC_493\Debug\FinalProject.a(ADC_DelSig_1.o)
                0x1fff99b0                ADC_DelSig_1_CountsPerVolt
                0x1fff99b4                ADC_DelSig_1_Offset
 COMMON         0x1fff99b8        0x1 .\CortexM3\ARM_GCC_493\Debug\FinalProject.a(I2C_1.o)
                0x1fff99b8                I2C_1_state
 *fill*         0x1fff99b9        0x3 
 COMMON         0x1fff99bc       0x11 .\CortexM3\ARM_GCC_493\Debug\FinalProject.a(I2C_1_MASTER.o)
                0x1fff99bc                I2C_1_mstrWrBufIndex
                0x1fff99bd                I2C_1_mstrControl
                0x1fff99be                I2C_1_mstrStatus
                0x1fff99bf                I2C_1_mstrWrBufSize
                0x1fff99c0                I2C_1_mstrRdBufIndex
                0x1fff99c4                I2C_1_mstrWrBufPtr
                0x1fff99c8                I2C_1_mstrRdBufPtr
                0x1fff99cc                I2C_1_mstrRdBufSize
 *fill*         0x1fff99cd        0x3 
 COMMON         0x1fff99d0        0x4 c:/program files (x86)/cypress/psoc creator/3.3/psoc creator/import/gnu/arm/4.9.3/bin/../lib/gcc/arm-none-eabi/4.9.3/../../../../arm-none-eabi/lib/armv7-m\libg_nano.a(lib_a-reent.o)
                0x1fff99d0                errno
                0x1fff99d8                . = ALIGN (0x8)
 *fill*         0x1fff99d4        0x4 
 *(.ram.b)
                0x1fff99d8                _end = .
                0x1fff99d8                __end = .
                0x1fff99d8                PROVIDE (end, .)
                0x1fff99d8                PROVIDE (__bss_end__, .)
                0x000038a8                __cy_region_init_ram = LOADADDR (.data)
                0x00000098                __cy_region_init_size_ram = (_edata - ADDR (.data))
                0x00001838                __cy_region_zero_size_ram = (_end - _edata)

.heap           0x1fff99d8       0x80 load address 0x00003940
                0x1fff99d8                . = _end
                0x1fff9a58                . = (. + 0x80)
 *fill*         0x1fff99d8       0x80 
                0x1fff9a58                __cy_heap_limit = .

.stack          0x20007800      0x800
                0x20007800                __cy_stack_limit = .
                0x20008000                . = (. + 0x800)
 *fill*         0x20007800      0x800 
                0x00000001                ASSERT ((__cy_stack_limit >= __cy_heap_limit), region RAM overflowed with stack)
                0x00000000                cy_checksum_exclude_size = (CY_APPL_LOADABLE == 0x1)?SIZEOF (.cy_checksum_exclude):0x0
                0x00000001                ASSERT ((cy_checksum_exclude_size <= CY_CHECKSUM_EXCLUDE_SIZE), CY_BOOT: Section .cy_checksum_exclude size exceedes specified limit.)

.cyloadermeta
 *(.cyloadermeta)

.cyloadablemeta
 *(.cyloadablemeta)

.cyconfigecc    0x80000000      0xb28
 *(.cyconfigecc)
 .cyconfigecc   0x80000000      0xb28 .\CortexM3\ARM_GCC_493\Debug\cymetadata.o
                0x80000000                cy_meta_configecc

.cycustnvl      0x90000000        0x4
 *(.cycustnvl)
 .cycustnvl     0x90000000        0x4 .\CortexM3\ARM_GCC_493\Debug\cymetadata.o
                0x90000000                cy_meta_custnvl

.cywolatch      0x90100000        0x4
 *(.cywolatch)
 .cywolatch     0x90100000        0x4 .\CortexM3\ARM_GCC_493\Debug\cymetadata.o
                0x90100000                cy_meta_wonvl

.cyeeprom       0x90200000        0x0
 *(.cyeeprom)
                0x00000001                ASSERT ((. <= ((0x90200000 + ee_offset) + ee_size)), .cyeeprom data will not fit in EEPROM)

.cyflashprotect
                0x90400000      0x100
 *(.cyflashprotect)
 .cyflashprotect
                0x90400000      0x100 .\CortexM3\ARM_GCC_493\Debug\cymetadata.o
                0x90400000                cy_meta_flashprotect

.cymeta         0x90500000        0xc
 *(.cymeta)
 .cymeta        0x90500000        0xc .\CortexM3\ARM_GCC_493\Debug\cymetadata.o
                0x90500000                cy_metadata

.rel.dyn        0x00003940        0x0 load address 0x9050000c
 .rel.iplt      0x00000000        0x0 c:/program files (x86)/cypress/psoc creator/3.3/psoc creator/import/gnu/arm/4.9.3/bin/../lib/gcc/arm-none-eabi/4.9.3/armv7-m/crtbegin.o

.stab
 *(.stab)

.stabstr
 *(.stabstr)

.debug
 *(.debug)

.line
 *(.line)

.debug_srcinfo
 *(.debug_srcinfo)

.debug_sfnames
 *(.debug_sfnames)

.debug_aranges  0x00000000     0x1688
 *(.debug_aranges)
 .debug_aranges
                0x00000000       0x30 .\CortexM3\ARM_GCC_493\Debug\main.o
 .debug_aranges
                0x00000030       0x60 .\CortexM3\ARM_GCC_493\Debug\tft.o
 .debug_aranges
                0x00000090       0x50 .\CortexM3\ARM_GCC_493\Debug\dma_util.o
 .debug_aranges
                0x000000e0       0x30 .\CortexM3\ARM_GCC_493\Debug\rotate_liquid.o
 .debug_aranges
                0x00000110       0x28 .\CortexM3\ARM_GCC_493\Debug\trig.o
 .debug_aranges
                0x00000138       0x30 .\CortexM3\ARM_GCC_493\Debug\imu.o
 .debug_aranges
                0x00000168       0x40 .\CortexM3\ARM_GCC_493\Debug\snowglobe.o
 .debug_aranges
                0x000001a8       0x20 .\CortexM3\ARM_GCC_493\Debug\lantern.o
 .debug_aranges
                0x000001c8       0x18 .\CortexM3\ARM_GCC_493\Debug\cymetadata.o
 .debug_aranges
                0x000001e0       0x48 .\CortexM3\ARM_GCC_493\Debug\Cm3Start.o
 .debug_aranges
                0x00000228       0x68 .\CortexM3\ARM_GCC_493\Debug\FinalProject.a(cyfitter_cfg.o)
 .debug_aranges
                0x00000290       0x28 .\CortexM3\ARM_GCC_493\Debug\FinalProject.a(DMA_1_dma.o)
 .debug_aranges
                0x000002b8       0xd8 .\CortexM3\ARM_GCC_493\Debug\FinalProject.a(SPIM_1.o)
 .debug_aranges
                0x00000390       0x70 .\CortexM3\ARM_GCC_493\Debug\FinalProject.a(SPIM_1_IntClock.o)
 .debug_aranges
                0x00000400       0x20 .\CortexM3\ARM_GCC_493\Debug\FinalProject.a(CyBootAsmGnu.o)
 .debug_aranges
                0x00000420       0xd8 .\CortexM3\ARM_GCC_493\Debug\FinalProject.a(CyDmac.o)
 .debug_aranges
                0x000004f8      0x298 .\CortexM3\ARM_GCC_493\Debug\FinalProject.a(CyLib.o)
 .debug_aranges
                0x00000790       0x98 .\CortexM3\ARM_GCC_493\Debug\FinalProject.a(cyPm.o)
 .debug_aranges
                0x00000828       0xe8 .\CortexM3\ARM_GCC_493\Debug\FinalProject.a(ADC_DelSig_1.o)
 .debug_aranges
                0x00000910       0x38 .\CortexM3\ARM_GCC_493\Debug\FinalProject.a(ADC_DelSig_1_INT.o)
 .debug_aranges
                0x00000948       0x30 .\CortexM3\ARM_GCC_493\Debug\FinalProject.a(ADC_DelSig_1_AMux.o)
 .debug_aranges
                0x00000978       0x70 .\CortexM3\ARM_GCC_493\Debug\FinalProject.a(ADC_DelSig_1_Ext_CP_Clk.o)
 .debug_aranges
                0x000009e8       0x80 .\CortexM3\ARM_GCC_493\Debug\FinalProject.a(ADC_DelSig_1_theACLK.o)
 .debug_aranges
                0x00000a68       0x38 .\CortexM3\ARM_GCC_493\Debug\FinalProject.a(DC1.o)
 .debug_aranges
                0x00000aa0       0x38 .\CortexM3\ARM_GCC_493\Debug\FinalProject.a(RESET1.o)
 .debug_aranges
                0x00000ad8       0x80 .\CortexM3\ARM_GCC_493\Debug\FinalProject.a(DMA_Complete_ISR_1.o)
 .debug_aranges
                0x00000b58       0xd8 .\CortexM3\ARM_GCC_493\Debug\FinalProject.a(SPIM_2.o)
 .debug_aranges
                0x00000c30       0x38 .\CortexM3\ARM_GCC_493\Debug\FinalProject.a(RESET2.o)
 .debug_aranges
                0x00000c68       0x38 .\CortexM3\ARM_GCC_493\Debug\FinalProject.a(DC2.o)
 .debug_aranges
                0x00000ca0       0x28 .\CortexM3\ARM_GCC_493\Debug\FinalProject.a(DMA_2_dma.o)
 .debug_aranges
                0x00000cc8       0x80 .\CortexM3\ARM_GCC_493\Debug\FinalProject.a(DMA_Complete_ISR_2.o)
 .debug_aranges
                0x00000d48       0x70 .\CortexM3\ARM_GCC_493\Debug\FinalProject.a(SPIM_2_IntClock.o)
 .debug_aranges
                0x00000db8       0x28 .\CortexM3\ARM_GCC_493\Debug\FinalProject.a(DMA_3_dma.o)
 .debug_aranges
                0x00000de0       0xd8 .\CortexM3\ARM_GCC_493\Debug\FinalProject.a(SPIM_3.o)
 .debug_aranges
                0x00000eb8       0x38 .\CortexM3\ARM_GCC_493\Debug\FinalProject.a(DC3.o)
 .debug_aranges
                0x00000ef0       0x38 .\CortexM3\ARM_GCC_493\Debug\FinalProject.a(RESET3.o)
 .debug_aranges
                0x00000f28       0x80 .\CortexM3\ARM_GCC_493\Debug\FinalProject.a(DMA_Complete_ISR_3.o)
 .debug_aranges
                0x00000fa8       0x70 .\CortexM3\ARM_GCC_493\Debug\FinalProject.a(SPIM_3_IntClock.o)
 .debug_aranges
                0x00001018       0x28 .\CortexM3\ARM_GCC_493\Debug\FinalProject.a(DMA_0_dma.o)
 .debug_aranges
                0x00001040       0xd8 .\CortexM3\ARM_GCC_493\Debug\FinalProject.a(SPIM_0.o)
 .debug_aranges
                0x00001118       0x38 .\CortexM3\ARM_GCC_493\Debug\FinalProject.a(DC0.o)
 .debug_aranges
                0x00001150       0x38 .\CortexM3\ARM_GCC_493\Debug\FinalProject.a(RESET0.o)
 .debug_aranges
                0x00001188       0x80 .\CortexM3\ARM_GCC_493\Debug\FinalProject.a(DMA_Complete_ISR_0.o)
 .debug_aranges
                0x00001208       0x70 .\CortexM3\ARM_GCC_493\Debug\FinalProject.a(SPIM_0_IntClock.o)
 .debug_aranges
                0x00001278       0x38 .\CortexM3\ARM_GCC_493\Debug\FinalProject.a(I2C_1.o)
 .debug_aranges
                0x000012b0       0x20 .\CortexM3\ARM_GCC_493\Debug\FinalProject.a(I2C_1_INT.o)
 .debug_aranges
                0x000012d0       0x38 .\CortexM3\ARM_GCC_493\Debug\FinalProject.a(I2C_1_PM.o)
 .debug_aranges
                0x00001308       0x80 .\CortexM3\ARM_GCC_493\Debug\FinalProject.a(I2C_1_MASTER.o)
 .debug_aranges
                0x00001388       0x80 .\CortexM3\ARM_GCC_493\Debug\FinalProject.a(MODE_ISR.o)
 .debug_aranges
                0x00001408       0x38 .\CortexM3\ARM_GCC_493\Debug\FinalProject.a(LED_MODE_1.o)
 .debug_aranges
                0x00001440       0x38 .\CortexM3\ARM_GCC_493\Debug\FinalProject.a(LED_MODE_2.o)
 .debug_aranges
                0x00001478       0x80 .\CortexM3\ARM_GCC_493\Debug\FinalProject.a(BRIGHT_ISR.o)
 .debug_aranges
                0x000014f8       0x98 .\CortexM3\ARM_GCC_493\Debug\FinalProject.a(PWM_1.o)
 .debug_aranges
                0x00001590       0x80 .\CortexM3\ARM_GCC_493\Debug\FinalProject.a(CyFlash.o)
 .debug_aranges
                0x00001610       0x78 .\CortexM3\ARM_GCC_493\Debug\FinalProject.a(CySpc.o)

.debug_pubnames
 *(.debug_pubnames)

.debug_info     0x00000000     0xd1b5
 *(.debug_info .gnu.linkonce.wi.*)
 .debug_info    0x00000000      0x5c8 .\CortexM3\ARM_GCC_493\Debug\main.o
 .debug_info    0x000005c8      0xdd2 .\CortexM3\ARM_GCC_493\Debug\tft.o
 .debug_info    0x0000139a      0x864 .\CortexM3\ARM_GCC_493\Debug\dma_util.o
 .debug_info    0x00001bfe      0x714 .\CortexM3\ARM_GCC_493\Debug\rotate_liquid.o
 .debug_info    0x00002312      0x154 .\CortexM3\ARM_GCC_493\Debug\trig.o
 .debug_info    0x00002466      0x341 .\CortexM3\ARM_GCC_493\Debug\imu.o
 .debug_info    0x000027a7      0x5ed .\CortexM3\ARM_GCC_493\Debug\snowglobe.o
 .debug_info    0x00002d94      0x508 .\CortexM3\ARM_GCC_493\Debug\lantern.o
 .debug_info    0x0000329c      0x13f .\CortexM3\ARM_GCC_493\Debug\cymetadata.o
 .debug_info    0x000033db      0x3af .\CortexM3\ARM_GCC_493\Debug\Cm3Start.o
 .debug_info    0x0000378a      0x751 .\CortexM3\ARM_GCC_493\Debug\FinalProject.a(cyfitter_cfg.o)
 .debug_info    0x00003edb      0x1fd .\CortexM3\ARM_GCC_493\Debug\FinalProject.a(DMA_1_dma.o)
 .debug_info    0x000040d8      0x4b2 .\CortexM3\ARM_GCC_493\Debug\FinalProject.a(SPIM_1.o)
 .debug_info    0x0000458a      0x283 .\CortexM3\ARM_GCC_493\Debug\FinalProject.a(SPIM_1_IntClock.o)
 .debug_info    0x0000480d       0xa8 .\CortexM3\ARM_GCC_493\Debug\FinalProject.a(CyBootAsmGnu.o)
 .debug_info    0x000048b5      0x944 .\CortexM3\ARM_GCC_493\Debug\FinalProject.a(CyDmac.o)
 .debug_info    0x000051f9     0x136f .\CortexM3\ARM_GCC_493\Debug\FinalProject.a(CyLib.o)
 .debug_info    0x00006568      0xa57 .\CortexM3\ARM_GCC_493\Debug\FinalProject.a(cyPm.o)
 .debug_info    0x00006fbf      0xa74 .\CortexM3\ARM_GCC_493\Debug\FinalProject.a(ADC_DelSig_1.o)
 .debug_info    0x00007a33       0xcc .\CortexM3\ARM_GCC_493\Debug\FinalProject.a(ADC_DelSig_1_INT.o)
 .debug_info    0x00007aff      0x16d .\CortexM3\ARM_GCC_493\Debug\FinalProject.a(ADC_DelSig_1_AMux.o)
 .debug_info    0x00007c6c      0x283 .\CortexM3\ARM_GCC_493\Debug\FinalProject.a(ADC_DelSig_1_Ext_CP_Clk.o)
 .debug_info    0x00007eef      0x2c4 .\CortexM3\ARM_GCC_493\Debug\FinalProject.a(ADC_DelSig_1_theACLK.o)
 .debug_info    0x000081b3      0x11f .\CortexM3\ARM_GCC_493\Debug\FinalProject.a(DC1.o)
 .debug_info    0x000082d2      0x11f .\CortexM3\ARM_GCC_493\Debug\FinalProject.a(RESET1.o)
 .debug_info    0x000083f1      0x2cb .\CortexM3\ARM_GCC_493\Debug\FinalProject.a(DMA_Complete_ISR_1.o)
 .debug_info    0x000086bc      0x4b2 .\CortexM3\ARM_GCC_493\Debug\FinalProject.a(SPIM_2.o)
 .debug_info    0x00008b6e      0x11f .\CortexM3\ARM_GCC_493\Debug\FinalProject.a(RESET2.o)
 .debug_info    0x00008c8d      0x11f .\CortexM3\ARM_GCC_493\Debug\FinalProject.a(DC2.o)
 .debug_info    0x00008dac      0x1fa .\CortexM3\ARM_GCC_493\Debug\FinalProject.a(DMA_2_dma.o)
 .debug_info    0x00008fa6      0x2cb .\CortexM3\ARM_GCC_493\Debug\FinalProject.a(DMA_Complete_ISR_2.o)
 .debug_info    0x00009271      0x283 .\CortexM3\ARM_GCC_493\Debug\FinalProject.a(SPIM_2_IntClock.o)
 .debug_info    0x000094f4      0x1fd .\CortexM3\ARM_GCC_493\Debug\FinalProject.a(DMA_3_dma.o)
 .debug_info    0x000096f1      0x4b2 .\CortexM3\ARM_GCC_493\Debug\FinalProject.a(SPIM_3.o)
 .debug_info    0x00009ba3      0x11f .\CortexM3\ARM_GCC_493\Debug\FinalProject.a(DC3.o)
 .debug_info    0x00009cc2      0x11f .\CortexM3\ARM_GCC_493\Debug\FinalProject.a(RESET3.o)
 .debug_info    0x00009de1      0x2cb .\CortexM3\ARM_GCC_493\Debug\FinalProject.a(DMA_Complete_ISR_3.o)
 .debug_info    0x0000a0ac      0x283 .\CortexM3\ARM_GCC_493\Debug\FinalProject.a(SPIM_3_IntClock.o)
 .debug_info    0x0000a32f      0x1fd .\CortexM3\ARM_GCC_493\Debug\FinalProject.a(DMA_0_dma.o)
 .debug_info    0x0000a52c      0x4b2 .\CortexM3\ARM_GCC_493\Debug\FinalProject.a(SPIM_0.o)
 .debug_info    0x0000a9de      0x11f .\CortexM3\ARM_GCC_493\Debug\FinalProject.a(DC0.o)
 .debug_info    0x0000aafd      0x11f .\CortexM3\ARM_GCC_493\Debug\FinalProject.a(RESET0.o)
 .debug_info    0x0000ac1c      0x2cb .\CortexM3\ARM_GCC_493\Debug\FinalProject.a(DMA_Complete_ISR_0.o)
 .debug_info    0x0000aee7      0x283 .\CortexM3\ARM_GCC_493\Debug\FinalProject.a(SPIM_0_IntClock.o)
 .debug_info    0x0000b16a      0x2d9 .\CortexM3\ARM_GCC_493\Debug\FinalProject.a(I2C_1.o)
 .debug_info    0x0000b443      0x17f .\CortexM3\ARM_GCC_493\Debug\FinalProject.a(I2C_1_INT.o)
 .debug_info    0x0000b5c2      0x1fe .\CortexM3\ARM_GCC_493\Debug\FinalProject.a(I2C_1_PM.o)
 .debug_info    0x0000b7c0      0x400 .\CortexM3\ARM_GCC_493\Debug\FinalProject.a(I2C_1_MASTER.o)
 .debug_info    0x0000bbc0      0x2cb .\CortexM3\ARM_GCC_493\Debug\FinalProject.a(MODE_ISR.o)
 .debug_info    0x0000be8b      0x11f .\CortexM3\ARM_GCC_493\Debug\FinalProject.a(LED_MODE_1.o)
 .debug_info    0x0000bfaa      0x11f .\CortexM3\ARM_GCC_493\Debug\FinalProject.a(LED_MODE_2.o)
 .debug_info    0x0000c0c9      0x2cb .\CortexM3\ARM_GCC_493\Debug\FinalProject.a(BRIGHT_ISR.o)
 .debug_info    0x0000c394      0x32f .\CortexM3\ARM_GCC_493\Debug\FinalProject.a(PWM_1.o)
 .debug_info    0x0000c6c3      0x608 .\CortexM3\ARM_GCC_493\Debug\FinalProject.a(CyFlash.o)
 .debug_info    0x0000cccb      0x4ea .\CortexM3\ARM_GCC_493\Debug\FinalProject.a(CySpc.o)

.debug_abbrev   0x00000000     0x41f7
 *(.debug_abbrev)
 .debug_abbrev  0x00000000      0x168 .\CortexM3\ARM_GCC_493\Debug\main.o
 .debug_abbrev  0x00000168      0x22c .\CortexM3\ARM_GCC_493\Debug\tft.o
 .debug_abbrev  0x00000394      0x163 .\CortexM3\ARM_GCC_493\Debug\dma_util.o
 .debug_abbrev  0x000004f7      0x19e .\CortexM3\ARM_GCC_493\Debug\rotate_liquid.o
 .debug_abbrev  0x00000695       0xa4 .\CortexM3\ARM_GCC_493\Debug\trig.o
 .debug_abbrev  0x00000739      0x124 .\CortexM3\ARM_GCC_493\Debug\imu.o
 .debug_abbrev  0x0000085d      0x1c7 .\CortexM3\ARM_GCC_493\Debug\snowglobe.o
 .debug_abbrev  0x00000a24      0x10d .\CortexM3\ARM_GCC_493\Debug\lantern.o
 .debug_abbrev  0x00000b31       0x77 .\CortexM3\ARM_GCC_493\Debug\cymetadata.o
 .debug_abbrev  0x00000ba8      0x200 .\CortexM3\ARM_GCC_493\Debug\Cm3Start.o
 .debug_abbrev  0x00000da8      0x21f .\CortexM3\ARM_GCC_493\Debug\FinalProject.a(cyfitter_cfg.o)
 .debug_abbrev  0x00000fc7       0xeb .\CortexM3\ARM_GCC_493\Debug\FinalProject.a(DMA_1_dma.o)
 .debug_abbrev  0x000010b2      0x173 .\CortexM3\ARM_GCC_493\Debug\FinalProject.a(SPIM_1.o)
 .debug_abbrev  0x00001225      0x139 .\CortexM3\ARM_GCC_493\Debug\FinalProject.a(SPIM_1_IntClock.o)
 .debug_abbrev  0x0000135e       0x14 .\CortexM3\ARM_GCC_493\Debug\FinalProject.a(CyBootAsmGnu.o)
 .debug_abbrev  0x00001372      0x1cc .\CortexM3\ARM_GCC_493\Debug\FinalProject.a(CyDmac.o)
 .debug_abbrev  0x0000153e      0x296 .\CortexM3\ARM_GCC_493\Debug\FinalProject.a(CyLib.o)
 .debug_abbrev  0x000017d4      0x1ed .\CortexM3\ARM_GCC_493\Debug\FinalProject.a(cyPm.o)
 .debug_abbrev  0x000019c1      0x23d .\CortexM3\ARM_GCC_493\Debug\FinalProject.a(ADC_DelSig_1.o)
 .debug_abbrev  0x00001bfe       0x42 .\CortexM3\ARM_GCC_493\Debug\FinalProject.a(ADC_DelSig_1_INT.o)
 .debug_abbrev  0x00001c40       0xcb .\CortexM3\ARM_GCC_493\Debug\FinalProject.a(ADC_DelSig_1_AMux.o)
 .debug_abbrev  0x00001d0b      0x139 .\CortexM3\ARM_GCC_493\Debug\FinalProject.a(ADC_DelSig_1_Ext_CP_Clk.o)
 .debug_abbrev  0x00001e44      0x121 .\CortexM3\ARM_GCC_493\Debug\FinalProject.a(ADC_DelSig_1_theACLK.o)
 .debug_abbrev  0x00001f65       0x90 .\CortexM3\ARM_GCC_493\Debug\FinalProject.a(DC1.o)
 .debug_abbrev  0x00001ff5       0x90 .\CortexM3\ARM_GCC_493\Debug\FinalProject.a(RESET1.o)
 .debug_abbrev  0x00002085      0x173 .\CortexM3\ARM_GCC_493\Debug\FinalProject.a(DMA_Complete_ISR_1.o)
 .debug_abbrev  0x000021f8      0x173 .\CortexM3\ARM_GCC_493\Debug\FinalProject.a(SPIM_2.o)
 .debug_abbrev  0x0000236b       0x90 .\CortexM3\ARM_GCC_493\Debug\FinalProject.a(RESET2.o)
 .debug_abbrev  0x000023fb       0x90 .\CortexM3\ARM_GCC_493\Debug\FinalProject.a(DC2.o)
 .debug_abbrev  0x0000248b       0xeb .\CortexM3\ARM_GCC_493\Debug\FinalProject.a(DMA_2_dma.o)
 .debug_abbrev  0x00002576      0x173 .\CortexM3\ARM_GCC_493\Debug\FinalProject.a(DMA_Complete_ISR_2.o)
 .debug_abbrev  0x000026e9      0x139 .\CortexM3\ARM_GCC_493\Debug\FinalProject.a(SPIM_2_IntClock.o)
 .debug_abbrev  0x00002822       0xeb .\CortexM3\ARM_GCC_493\Debug\FinalProject.a(DMA_3_dma.o)
 .debug_abbrev  0x0000290d      0x173 .\CortexM3\ARM_GCC_493\Debug\FinalProject.a(SPIM_3.o)
 .debug_abbrev  0x00002a80       0x90 .\CortexM3\ARM_GCC_493\Debug\FinalProject.a(DC3.o)
 .debug_abbrev  0x00002b10       0x90 .\CortexM3\ARM_GCC_493\Debug\FinalProject.a(RESET3.o)
 .debug_abbrev  0x00002ba0      0x173 .\CortexM3\ARM_GCC_493\Debug\FinalProject.a(DMA_Complete_ISR_3.o)
 .debug_abbrev  0x00002d13      0x139 .\CortexM3\ARM_GCC_493\Debug\FinalProject.a(SPIM_3_IntClock.o)
 .debug_abbrev  0x00002e4c       0xeb .\CortexM3\ARM_GCC_493\Debug\FinalProject.a(DMA_0_dma.o)
 .debug_abbrev  0x00002f37      0x173 .\CortexM3\ARM_GCC_493\Debug\FinalProject.a(SPIM_0.o)
 .debug_abbrev  0x000030aa       0x90 .\CortexM3\ARM_GCC_493\Debug\FinalProject.a(DC0.o)
 .debug_abbrev  0x0000313a       0x90 .\CortexM3\ARM_GCC_493\Debug\FinalProject.a(RESET0.o)
 .debug_abbrev  0x000031ca      0x173 .\CortexM3\ARM_GCC_493\Debug\FinalProject.a(DMA_Complete_ISR_0.o)
 .debug_abbrev  0x0000333d      0x139 .\CortexM3\ARM_GCC_493\Debug\FinalProject.a(SPIM_0_IntClock.o)
 .debug_abbrev  0x00003476      0x15c .\CortexM3\ARM_GCC_493\Debug\FinalProject.a(I2C_1.o)
 .debug_abbrev  0x000035d2       0xbd .\CortexM3\ARM_GCC_493\Debug\FinalProject.a(I2C_1_INT.o)
 .debug_abbrev  0x0000368f      0x12b .\CortexM3\ARM_GCC_493\Debug\FinalProject.a(I2C_1_PM.o)
 .debug_abbrev  0x000037ba      0x13c .\CortexM3\ARM_GCC_493\Debug\FinalProject.a(I2C_1_MASTER.o)
 .debug_abbrev  0x000038f6      0x173 .\CortexM3\ARM_GCC_493\Debug\FinalProject.a(MODE_ISR.o)
 .debug_abbrev  0x00003a69       0x90 .\CortexM3\ARM_GCC_493\Debug\FinalProject.a(LED_MODE_1.o)
 .debug_abbrev  0x00003af9       0x90 .\CortexM3\ARM_GCC_493\Debug\FinalProject.a(LED_MODE_2.o)
 .debug_abbrev  0x00003b89      0x173 .\CortexM3\ARM_GCC_493\Debug\FinalProject.a(BRIGHT_ISR.o)
 .debug_abbrev  0x00003cfc      0x14d .\CortexM3\ARM_GCC_493\Debug\FinalProject.a(PWM_1.o)
 .debug_abbrev  0x00003e49      0x1ed .\CortexM3\ARM_GCC_493\Debug\FinalProject.a(CyFlash.o)
 .debug_abbrev  0x00004036      0x1c1 .\CortexM3\ARM_GCC_493\Debug\FinalProject.a(CySpc.o)

.debug_line     0x00000000     0x5ba4
 *(.debug_line)
 .debug_line    0x00000000      0x2f5 .\CortexM3\ARM_GCC_493\Debug\main.o
 .debug_line    0x000002f5      0x44a .\CortexM3\ARM_GCC_493\Debug\tft.o
 .debug_line    0x0000073f      0x2d6 .\CortexM3\ARM_GCC_493\Debug\dma_util.o
 .debug_line    0x00000a15      0x362 .\CortexM3\ARM_GCC_493\Debug\rotate_liquid.o
 .debug_line    0x00000d77      0x168 .\CortexM3\ARM_GCC_493\Debug\trig.o
 .debug_line    0x00000edf      0x1c2 .\CortexM3\ARM_GCC_493\Debug\imu.o
 .debug_line    0x000010a1      0x294 .\CortexM3\ARM_GCC_493\Debug\snowglobe.o
 .debug_line    0x00001335      0x28b .\CortexM3\ARM_GCC_493\Debug\lantern.o
 .debug_line    0x000015c0       0x53 .\CortexM3\ARM_GCC_493\Debug\cymetadata.o
 .debug_line    0x00001613      0x254 .\CortexM3\ARM_GCC_493\Debug\Cm3Start.o
 .debug_line    0x00001867      0x23e .\CortexM3\ARM_GCC_493\Debug\FinalProject.a(cyfitter_cfg.o)
 .debug_line    0x00001aa5       0x9b .\CortexM3\ARM_GCC_493\Debug\FinalProject.a(DMA_1_dma.o)
 .debug_line    0x00001b40      0x249 .\CortexM3\ARM_GCC_493\Debug\FinalProject.a(SPIM_1.o)
 .debug_line    0x00001d89      0x197 .\CortexM3\ARM_GCC_493\Debug\FinalProject.a(SPIM_1_IntClock.o)
 .debug_line    0x00001f20       0x68 .\CortexM3\ARM_GCC_493\Debug\FinalProject.a(CyBootAsmGnu.o)
 .debug_line    0x00001f88      0x2e5 .\CortexM3\ARM_GCC_493\Debug\FinalProject.a(CyDmac.o)
 .debug_line    0x0000226d      0x806 .\CortexM3\ARM_GCC_493\Debug\FinalProject.a(CyLib.o)
 .debug_line    0x00002a73      0x366 .\CortexM3\ARM_GCC_493\Debug\FinalProject.a(cyPm.o)
 .debug_line    0x00002dd9      0x37e .\CortexM3\ARM_GCC_493\Debug\FinalProject.a(ADC_DelSig_1.o)
 .debug_line    0x00003157       0x8b .\CortexM3\ARM_GCC_493\Debug\FinalProject.a(ADC_DelSig_1_INT.o)
 .debug_line    0x000031e2       0xb7 .\CortexM3\ARM_GCC_493\Debug\FinalProject.a(ADC_DelSig_1_AMux.o)
 .debug_line    0x00003299      0x19f .\CortexM3\ARM_GCC_493\Debug\FinalProject.a(ADC_DelSig_1_Ext_CP_Clk.o)
 .debug_line    0x00003438      0x1bf .\CortexM3\ARM_GCC_493\Debug\FinalProject.a(ADC_DelSig_1_theACLK.o)
 .debug_line    0x000035f7       0x92 .\CortexM3\ARM_GCC_493\Debug\FinalProject.a(DC1.o)
 .debug_line    0x00003689       0x95 .\CortexM3\ARM_GCC_493\Debug\FinalProject.a(RESET1.o)
 .debug_line    0x0000371e      0x158 .\CortexM3\ARM_GCC_493\Debug\FinalProject.a(DMA_Complete_ISR_1.o)
 .debug_line    0x00003876      0x249 .\CortexM3\ARM_GCC_493\Debug\FinalProject.a(SPIM_2.o)
 .debug_line    0x00003abf       0x95 .\CortexM3\ARM_GCC_493\Debug\FinalProject.a(RESET2.o)
 .debug_line    0x00003b54       0x92 .\CortexM3\ARM_GCC_493\Debug\FinalProject.a(DC2.o)
 .debug_line    0x00003be6       0x9b .\CortexM3\ARM_GCC_493\Debug\FinalProject.a(DMA_2_dma.o)
 .debug_line    0x00003c81      0x158 .\CortexM3\ARM_GCC_493\Debug\FinalProject.a(DMA_Complete_ISR_2.o)
 .debug_line    0x00003dd9      0x197 .\CortexM3\ARM_GCC_493\Debug\FinalProject.a(SPIM_2_IntClock.o)
 .debug_line    0x00003f70       0x9b .\CortexM3\ARM_GCC_493\Debug\FinalProject.a(DMA_3_dma.o)
 .debug_line    0x0000400b      0x249 .\CortexM3\ARM_GCC_493\Debug\FinalProject.a(SPIM_3.o)
 .debug_line    0x00004254       0x92 .\CortexM3\ARM_GCC_493\Debug\FinalProject.a(DC3.o)
 .debug_line    0x000042e6       0x95 .\CortexM3\ARM_GCC_493\Debug\FinalProject.a(RESET3.o)
 .debug_line    0x0000437b      0x158 .\CortexM3\ARM_GCC_493\Debug\FinalProject.a(DMA_Complete_ISR_3.o)
 .debug_line    0x000044d3      0x197 .\CortexM3\ARM_GCC_493\Debug\FinalProject.a(SPIM_3_IntClock.o)
 .debug_line    0x0000466a       0x9b .\CortexM3\ARM_GCC_493\Debug\FinalProject.a(DMA_0_dma.o)
 .debug_line    0x00004705      0x249 .\CortexM3\ARM_GCC_493\Debug\FinalProject.a(SPIM_0.o)
 .debug_line    0x0000494e       0x92 .\CortexM3\ARM_GCC_493\Debug\FinalProject.a(DC0.o)
 .debug_line    0x000049e0       0x95 .\CortexM3\ARM_GCC_493\Debug\FinalProject.a(RESET0.o)
 .debug_line    0x00004a75      0x158 .\CortexM3\ARM_GCC_493\Debug\FinalProject.a(DMA_Complete_ISR_0.o)
 .debug_line    0x00004bcd      0x197 .\CortexM3\ARM_GCC_493\Debug\FinalProject.a(SPIM_0_IntClock.o)
 .debug_line    0x00004d64       0xe1 .\CortexM3\ARM_GCC_493\Debug\FinalProject.a(I2C_1.o)
 .debug_line    0x00004e45      0x11a .\CortexM3\ARM_GCC_493\Debug\FinalProject.a(I2C_1_INT.o)
 .debug_line    0x00004f5f       0xc1 .\CortexM3\ARM_GCC_493\Debug\FinalProject.a(I2C_1_PM.o)
 .debug_line    0x00005020      0x203 .\CortexM3\ARM_GCC_493\Debug\FinalProject.a(I2C_1_MASTER.o)
 .debug_line    0x00005223      0x14e .\CortexM3\ARM_GCC_493\Debug\FinalProject.a(MODE_ISR.o)
 .debug_line    0x00005371       0x99 .\CortexM3\ARM_GCC_493\Debug\FinalProject.a(LED_MODE_1.o)
 .debug_line    0x0000540a       0x99 .\CortexM3\ARM_GCC_493\Debug\FinalProject.a(LED_MODE_2.o)
 .debug_line    0x000054a3      0x150 .\CortexM3\ARM_GCC_493\Debug\FinalProject.a(BRIGHT_ISR.o)
 .debug_line    0x000055f3      0x187 .\CortexM3\ARM_GCC_493\Debug\FinalProject.a(PWM_1.o)
 .debug_line    0x0000577a      0x1ec .\CortexM3\ARM_GCC_493\Debug\FinalProject.a(CyFlash.o)
 .debug_line    0x00005966      0x23e .\CortexM3\ARM_GCC_493\Debug\FinalProject.a(CySpc.o)

.debug_frame    0x00000000     0x3478
 *(.debug_frame)
 .debug_frame   0x00000000       0x4c .\CortexM3\ARM_GCC_493\Debug\main.o
 .debug_frame   0x0000004c      0x164 .\CortexM3\ARM_GCC_493\Debug\tft.o
 .debug_frame   0x000001b0       0xac .\CortexM3\ARM_GCC_493\Debug\dma_util.o
 .debug_frame   0x0000025c       0x68 .\CortexM3\ARM_GCC_493\Debug\rotate_liquid.o
 .debug_frame   0x000002c4       0x30 .\CortexM3\ARM_GCC_493\Debug\trig.o
 .debug_frame   0x000002f4       0x7c .\CortexM3\ARM_GCC_493\Debug\imu.o
 .debug_frame   0x00000370       0xdc .\CortexM3\ARM_GCC_493\Debug\snowglobe.o
 .debug_frame   0x0000044c       0x30 .\CortexM3\ARM_GCC_493\Debug\lantern.o
 .debug_frame   0x0000047c       0xac .\CortexM3\ARM_GCC_493\Debug\Cm3Start.o
 .debug_frame   0x00000528      0x104 .\CortexM3\ARM_GCC_493\Debug\FinalProject.a(cyfitter_cfg.o)
 .debug_frame   0x0000062c       0x54 .\CortexM3\ARM_GCC_493\Debug\FinalProject.a(DMA_1_dma.o)
 .debug_frame   0x00000680      0x1e8 .\CortexM3\ARM_GCC_493\Debug\FinalProject.a(SPIM_1.o)
 .debug_frame   0x00000868       0xe0 .\CortexM3\ARM_GCC_493\Debug\FinalProject.a(SPIM_1_IntClock.o)
 .debug_frame   0x00000948      0x1f4 .\CortexM3\ARM_GCC_493\Debug\FinalProject.a(CyDmac.o)
 .debug_frame   0x00000b3c      0x728 .\CortexM3\ARM_GCC_493\Debug\FinalProject.a(CyLib.o)
 .debug_frame   0x00001264      0x1f8 .\CortexM3\ARM_GCC_493\Debug\FinalProject.a(cyPm.o)
 .debug_frame   0x0000145c      0x278 .\CortexM3\ARM_GCC_493\Debug\FinalProject.a(ADC_DelSig_1.o)
 .debug_frame   0x000016d4       0x50 .\CortexM3\ARM_GCC_493\Debug\FinalProject.a(ADC_DelSig_1_INT.o)
 .debug_frame   0x00001724       0x64 .\CortexM3\ARM_GCC_493\Debug\FinalProject.a(ADC_DelSig_1_AMux.o)
 .debug_frame   0x00001788       0xe0 .\CortexM3\ARM_GCC_493\Debug\FinalProject.a(ADC_DelSig_1_Ext_CP_Clk.o)
 .debug_frame   0x00001868      0x100 .\CortexM3\ARM_GCC_493\Debug\FinalProject.a(ADC_DelSig_1_theACLK.o)
 .debug_frame   0x00001968       0x50 .\CortexM3\ARM_GCC_493\Debug\FinalProject.a(DC1.o)
 .debug_frame   0x000019b8       0x50 .\CortexM3\ARM_GCC_493\Debug\FinalProject.a(RESET1.o)
 .debug_frame   0x00001a08      0x104 .\CortexM3\ARM_GCC_493\Debug\FinalProject.a(DMA_Complete_ISR_1.o)
 .debug_frame   0x00001b0c      0x1e8 .\CortexM3\ARM_GCC_493\Debug\FinalProject.a(SPIM_2.o)
 .debug_frame   0x00001cf4       0x50 .\CortexM3\ARM_GCC_493\Debug\FinalProject.a(RESET2.o)
 .debug_frame   0x00001d44       0x50 .\CortexM3\ARM_GCC_493\Debug\FinalProject.a(DC2.o)
 .debug_frame   0x00001d94       0x54 .\CortexM3\ARM_GCC_493\Debug\FinalProject.a(DMA_2_dma.o)
 .debug_frame   0x00001de8      0x104 .\CortexM3\ARM_GCC_493\Debug\FinalProject.a(DMA_Complete_ISR_2.o)
 .debug_frame   0x00001eec       0xe0 .\CortexM3\ARM_GCC_493\Debug\FinalProject.a(SPIM_2_IntClock.o)
 .debug_frame   0x00001fcc       0x54 .\CortexM3\ARM_GCC_493\Debug\FinalProject.a(DMA_3_dma.o)
 .debug_frame   0x00002020      0x1e8 .\CortexM3\ARM_GCC_493\Debug\FinalProject.a(SPIM_3.o)
 .debug_frame   0x00002208       0x50 .\CortexM3\ARM_GCC_493\Debug\FinalProject.a(DC3.o)
 .debug_frame   0x00002258       0x50 .\CortexM3\ARM_GCC_493\Debug\FinalProject.a(RESET3.o)
 .debug_frame   0x000022a8      0x104 .\CortexM3\ARM_GCC_493\Debug\FinalProject.a(DMA_Complete_ISR_3.o)
 .debug_frame   0x000023ac       0xe0 .\CortexM3\ARM_GCC_493\Debug\FinalProject.a(SPIM_3_IntClock.o)
 .debug_frame   0x0000248c       0x54 .\CortexM3\ARM_GCC_493\Debug\FinalProject.a(DMA_0_dma.o)
 .debug_frame   0x000024e0      0x1e8 .\CortexM3\ARM_GCC_493\Debug\FinalProject.a(SPIM_0.o)
 .debug_frame   0x000026c8       0x50 .\CortexM3\ARM_GCC_493\Debug\FinalProject.a(DC0.o)
 .debug_frame   0x00002718       0x50 .\CortexM3\ARM_GCC_493\Debug\FinalProject.a(RESET0.o)
 .debug_frame   0x00002768      0x104 .\CortexM3\ARM_GCC_493\Debug\FinalProject.a(DMA_Complete_ISR_0.o)
 .debug_frame   0x0000286c       0xe0 .\CortexM3\ARM_GCC_493\Debug\FinalProject.a(SPIM_0_IntClock.o)
 .debug_frame   0x0000294c       0x90 .\CortexM3\ARM_GCC_493\Debug\FinalProject.a(I2C_1.o)
 .debug_frame   0x000029dc       0x30 .\CortexM3\ARM_GCC_493\Debug\FinalProject.a(I2C_1_INT.o)
 .debug_frame   0x00002a0c       0x74 .\CortexM3\ARM_GCC_493\Debug\FinalProject.a(I2C_1_PM.o)
 .debug_frame   0x00002a80      0x138 .\CortexM3\ARM_GCC_493\Debug\FinalProject.a(I2C_1_MASTER.o)
 .debug_frame   0x00002bb8      0x104 .\CortexM3\ARM_GCC_493\Debug\FinalProject.a(MODE_ISR.o)
 .debug_frame   0x00002cbc       0x50 .\CortexM3\ARM_GCC_493\Debug\FinalProject.a(LED_MODE_1.o)
 .debug_frame   0x00002d0c       0x50 .\CortexM3\ARM_GCC_493\Debug\FinalProject.a(LED_MODE_2.o)
 .debug_frame   0x00002d5c      0x104 .\CortexM3\ARM_GCC_493\Debug\FinalProject.a(BRIGHT_ISR.o)
 .debug_frame   0x00002e60      0x134 .\CortexM3\ARM_GCC_493\Debug\FinalProject.a(PWM_1.o)
 .debug_frame   0x00002f94      0x174 .\CortexM3\ARM_GCC_493\Debug\FinalProject.a(CyFlash.o)
 .debug_frame   0x00003108      0x160 .\CortexM3\ARM_GCC_493\Debug\FinalProject.a(CySpc.o)
 .debug_frame   0x00003268       0x20 c:/program files (x86)/cypress/psoc creator/3.3/psoc creator/import/gnu/arm/4.9.3/bin/../lib/gcc/arm-none-eabi/4.9.3/../../../../arm-none-eabi/lib/armv7-m\libg_nano.a(lib_a-errno.o)
 .debug_frame   0x00003288       0x28 c:/program files (x86)/cypress/psoc creator/3.3/psoc creator/import/gnu/arm/4.9.3/bin/../lib/gcc/arm-none-eabi/4.9.3/../../../../arm-none-eabi/lib/armv7-m\libg_nano.a(lib_a-exit.o)
 .debug_frame   0x000032b0       0x2c c:/program files (x86)/cypress/psoc creator/3.3/psoc creator/import/gnu/arm/4.9.3/bin/../lib/gcc/arm-none-eabi/4.9.3/../../../../arm-none-eabi/lib/armv7-m\libg_nano.a(lib_a-init.o)
 .debug_frame   0x000032dc       0x28 c:/program files (x86)/cypress/psoc creator/3.3/psoc creator/import/gnu/arm/4.9.3/bin/../lib/gcc/arm-none-eabi/4.9.3/../../../../arm-none-eabi/lib/armv7-m\libg_nano.a(lib_a-memcpy.o)
 .debug_frame   0x00003304       0x20 c:/program files (x86)/cypress/psoc creator/3.3/psoc creator/import/gnu/arm/4.9.3/bin/../lib/gcc/arm-none-eabi/4.9.3/../../../../arm-none-eabi/lib/armv7-m\libg_nano.a(lib_a-memset.o)
 .debug_frame   0x00003324       0x44 c:/program files (x86)/cypress/psoc creator/3.3/psoc creator/import/gnu/arm/4.9.3/bin/../lib/gcc/arm-none-eabi/4.9.3/../../../../arm-none-eabi/lib/armv7-m\libg_nano.a(lib_a-rand.o)
 .debug_frame   0x00003368       0x30 c:/program files (x86)/cypress/psoc creator/3.3/psoc creator/import/gnu/arm/4.9.3/bin/../lib/gcc/arm-none-eabi/4.9.3/../../../../arm-none-eabi/lib/armv7-m\libg_nano.a(lib_a-malloc.o)
 .debug_frame   0x00003398       0x2c c:/program files (x86)/cypress/psoc creator/3.3/psoc creator/import/gnu/arm/4.9.3/bin/../lib/gcc/arm-none-eabi/4.9.3/../../../../arm-none-eabi/lib/armv7-m\libg_nano.a(lib_a-nano-freer.o)
 .debug_frame   0x000033c4       0x2c c:/program files (x86)/cypress/psoc creator/3.3/psoc creator/import/gnu/arm/4.9.3/bin/../lib/gcc/arm-none-eabi/4.9.3/../../../../arm-none-eabi/lib/armv7-m\libg_nano.a(lib_a-nano-mallocr.o)
 .debug_frame   0x000033f0       0x2c c:/program files (x86)/cypress/psoc creator/3.3/psoc creator/import/gnu/arm/4.9.3/bin/../lib/gcc/arm-none-eabi/4.9.3/../../../../arm-none-eabi/lib/armv7-m\libg_nano.a(lib_a-sbrkr.o)
 .debug_frame   0x0000341c       0x5c c:/program files (x86)/cypress/psoc creator/3.3/psoc creator/import/gnu/arm/4.9.3/bin/../lib/gcc/arm-none-eabi/4.9.3/../../../../arm-none-eabi/lib/armv7-m\libg_nano.a(lib_a-reent.o)

.debug_str      0x00000000     0x46af
 *(.debug_str)
 .debug_str     0x00000000      0x376 .\CortexM3\ARM_GCC_493\Debug\main.o
                                0x3d6 (size before relaxing)
 .debug_str     0x00000376      0x1ea .\CortexM3\ARM_GCC_493\Debug\tft.o
                                0x3fb (size before relaxing)
 .debug_str     0x00000560      0x25c .\CortexM3\ARM_GCC_493\Debug\dma_util.o
                                0x48c (size before relaxing)
 .debug_str     0x000007bc       0xe8 .\CortexM3\ARM_GCC_493\Debug\rotate_liquid.o
                                0x3c7 (size before relaxing)
 .debug_str     0x000008a4       0x18 .\CortexM3\ARM_GCC_493\Debug\trig.o
                                0x1f6 (size before relaxing)
 .debug_str     0x000008bc       0x85 .\CortexM3\ARM_GCC_493\Debug\imu.o
                                0x258 (size before relaxing)
 .debug_str     0x00000941       0xe1 .\CortexM3\ARM_GCC_493\Debug\snowglobe.o
                                0x30a (size before relaxing)
 .debug_str     0x00000a22        0xc .\CortexM3\ARM_GCC_493\Debug\lantern.o
                                0x236 (size before relaxing)
 .debug_str     0x00000a2e       0x77 .\CortexM3\ARM_GCC_493\Debug\cymetadata.o
                                0x202 (size before relaxing)
 .debug_str     0x00000aa5      0x15d .\CortexM3\ARM_GCC_493\Debug\Cm3Start.o
                                0x326 (size before relaxing)
 .debug_str     0x00000c02      0x1fb .\CortexM3\ARM_GCC_493\Debug\FinalProject.a(cyfitter_cfg.o)
                                0x3c0 (size before relaxing)
 .debug_str     0x00000dfd       0xd2 .\CortexM3\ARM_GCC_493\Debug\FinalProject.a(DMA_1_dma.o)
                                0x281 (size before relaxing)
 .debug_str     0x00000ecf      0x28b .\CortexM3\ARM_GCC_493\Debug\FinalProject.a(SPIM_1.o)
                                0x454 (size before relaxing)
 .debug_str     0x0000115a      0x199 .\CortexM3\ARM_GCC_493\Debug\FinalProject.a(SPIM_1_IntClock.o)
                                0x366 (size before relaxing)
 .debug_str     0x000012f3      0x27c .\CortexM3\ARM_GCC_493\Debug\FinalProject.a(CyDmac.o)
                                0x556 (size before relaxing)
 .debug_str     0x0000156f      0x7cc .\CortexM3\ARM_GCC_493\Debug\FinalProject.a(CyLib.o)
                                0xa3b (size before relaxing)
 .debug_str     0x00001d3b      0x35b .\CortexM3\ARM_GCC_493\Debug\FinalProject.a(cyPm.o)
                                0x733 (size before relaxing)
 .debug_str     0x00002096      0x4b3 .\CortexM3\ARM_GCC_493\Debug\FinalProject.a(ADC_DelSig_1.o)
                                0x753 (size before relaxing)
 .debug_str     0x00002549       0x74 .\CortexM3\ARM_GCC_493\Debug\FinalProject.a(ADC_DelSig_1_INT.o)
                                0x1f9 (size before relaxing)
 .debug_str     0x000025bd       0x85 .\CortexM3\ARM_GCC_493\Debug\FinalProject.a(ADC_DelSig_1_AMux.o)
                                0x256 (size before relaxing)
 .debug_str     0x00002642      0x186 .\CortexM3\ARM_GCC_493\Debug\FinalProject.a(ADC_DelSig_1_Ext_CP_Clk.o)
                                0x3c6 (size before relaxing)
 .debug_str     0x000027c8      0x1bd .\CortexM3\ARM_GCC_493\Debug\FinalProject.a(ADC_DelSig_1_theACLK.o)
                                0x3f7 (size before relaxing)
 .debug_str     0x00002985       0x54 .\CortexM3\ARM_GCC_493\Debug\FinalProject.a(DC1.o)
                                0x1f0 (size before relaxing)
 .debug_str     0x000029d9       0x55 .\CortexM3\ARM_GCC_493\Debug\FinalProject.a(RESET1.o)
                                0x1ff (size before relaxing)
 .debug_str     0x00002a2e      0x183 .\CortexM3\ARM_GCC_493\Debug\FinalProject.a(DMA_Complete_ISR_1.o)
                                0x368 (size before relaxing)
 .debug_str     0x00002bb1      0x214 .\CortexM3\ARM_GCC_493\Debug\FinalProject.a(SPIM_2.o)
                                0x454 (size before relaxing)
 .debug_str     0x00002dc5       0x55 .\CortexM3\ARM_GCC_493\Debug\FinalProject.a(RESET2.o)
                                0x1ff (size before relaxing)
 .debug_str     0x00002e1a       0x49 .\CortexM3\ARM_GCC_493\Debug\FinalProject.a(DC2.o)
                                0x1f0 (size before relaxing)
 .debug_str     0x00002e63       0x46 .\CortexM3\ARM_GCC_493\Debug\FinalProject.a(DMA_2_dma.o)
                                0x281 (size before relaxing)
 .debug_str     0x00002ea9      0x183 .\CortexM3\ARM_GCC_493\Debug\FinalProject.a(DMA_Complete_ISR_2.o)
                                0x368 (size before relaxing)
 .debug_str     0x0000302c      0x14e .\CortexM3\ARM_GCC_493\Debug\FinalProject.a(SPIM_2_IntClock.o)
                                0x366 (size before relaxing)
 .debug_str     0x0000317a       0x46 .\CortexM3\ARM_GCC_493\Debug\FinalProject.a(DMA_3_dma.o)
                                0x281 (size before relaxing)
 .debug_str     0x000031c0      0x214 .\CortexM3\ARM_GCC_493\Debug\FinalProject.a(SPIM_3.o)
                                0x454 (size before relaxing)
 .debug_str     0x000033d4       0x49 .\CortexM3\ARM_GCC_493\Debug\FinalProject.a(DC3.o)
                                0x1f0 (size before relaxing)
 .debug_str     0x0000341d       0x55 .\CortexM3\ARM_GCC_493\Debug\FinalProject.a(RESET3.o)
                                0x1ff (size before relaxing)
 .debug_str     0x00003472      0x183 .\CortexM3\ARM_GCC_493\Debug\FinalProject.a(DMA_Complete_ISR_3.o)
                                0x368 (size before relaxing)
 .debug_str     0x000035f5      0x14e .\CortexM3\ARM_GCC_493\Debug\FinalProject.a(SPIM_3_IntClock.o)
                                0x366 (size before relaxing)
 .debug_str     0x00003743       0x46 .\CortexM3\ARM_GCC_493\Debug\FinalProject.a(DMA_0_dma.o)
                                0x281 (size before relaxing)
 .debug_str     0x00003789      0x214 .\CortexM3\ARM_GCC_493\Debug\FinalProject.a(SPIM_0.o)
                                0x454 (size before relaxing)
 .debug_str     0x0000399d       0x49 .\CortexM3\ARM_GCC_493\Debug\FinalProject.a(DC0.o)
                                0x1f0 (size before relaxing)
 .debug_str     0x000039e6       0x55 .\CortexM3\ARM_GCC_493\Debug\FinalProject.a(RESET0.o)
                                0x1ff (size before relaxing)
 .debug_str     0x00003a3b      0x183 .\CortexM3\ARM_GCC_493\Debug\FinalProject.a(DMA_Complete_ISR_0.o)
                                0x368 (size before relaxing)
 .debug_str     0x00003bbe      0x14e .\CortexM3\ARM_GCC_493\Debug\FinalProject.a(SPIM_0_IntClock.o)
                                0x366 (size before relaxing)
 .debug_str     0x00003d0c       0xf1 .\CortexM3\ARM_GCC_493\Debug\FinalProject.a(I2C_1.o)
                                0x312 (size before relaxing)
 .debug_str     0x00003dfd       0x96 .\CortexM3\ARM_GCC_493\Debug\FinalProject.a(I2C_1_INT.o)
                                0x281 (size before relaxing)
 .debug_str     0x00003e93       0x62 .\CortexM3\ARM_GCC_493\Debug\FinalProject.a(I2C_1_PM.o)
                                0x29b (size before relaxing)
 .debug_str     0x00003ef5      0x120 .\CortexM3\ARM_GCC_493\Debug\FinalProject.a(I2C_1_MASTER.o)
                                0x3de (size before relaxing)
 .debug_str     0x00004015      0x101 .\CortexM3\ARM_GCC_493\Debug\FinalProject.a(MODE_ISR.o)
                                0x2dc (size before relaxing)
 .debug_str     0x00004116       0x65 .\CortexM3\ARM_GCC_493\Debug\FinalProject.a(LED_MODE_1.o)
                                0x213 (size before relaxing)
 .debug_str     0x0000417b       0x65 .\CortexM3\ARM_GCC_493\Debug\FinalProject.a(LED_MODE_2.o)
                                0x213 (size before relaxing)
 .debug_str     0x000041e0      0x11b .\CortexM3\ARM_GCC_493\Debug\FinalProject.a(BRIGHT_ISR.o)
                                0x2f8 (size before relaxing)
 .debug_str     0x000042fb      0x16f .\CortexM3\ARM_GCC_493\Debug\FinalProject.a(PWM_1.o)
                                0x35d (size before relaxing)
 .debug_str     0x0000446a      0x197 .\CortexM3\ARM_GCC_493\Debug\FinalProject.a(CyFlash.o)
                                0x3ad (size before relaxing)
 .debug_str     0x00004601       0xae .\CortexM3\ARM_GCC_493\Debug\FinalProject.a(CySpc.o)
                                0x336 (size before relaxing)

.debug_loc      0x00000000     0x57e2
 *(.debug_loc)
 .debug_loc     0x00000000      0x769 .\CortexM3\ARM_GCC_493\Debug\tft.o
 .debug_loc     0x00000769      0x21e .\CortexM3\ARM_GCC_493\Debug\dma_util.o
 .debug_loc     0x00000987      0x54f .\CortexM3\ARM_GCC_493\Debug\rotate_liquid.o
 .debug_loc     0x00000ed6       0x42 .\CortexM3\ARM_GCC_493\Debug\trig.o
 .debug_loc     0x00000f18       0xf2 .\CortexM3\ARM_GCC_493\Debug\imu.o
 .debug_loc     0x0000100a      0x331 .\CortexM3\ARM_GCC_493\Debug\snowglobe.o
 .debug_loc     0x0000133b      0x16e .\CortexM3\ARM_GCC_493\Debug\lantern.o
 .debug_loc     0x000014a9      0x144 .\CortexM3\ARM_GCC_493\Debug\Cm3Start.o
 .debug_loc     0x000015ed      0x2cb .\CortexM3\ARM_GCC_493\Debug\FinalProject.a(cyfitter_cfg.o)
 .debug_loc     0x000018b8       0x84 .\CortexM3\ARM_GCC_493\Debug\FinalProject.a(DMA_1_dma.o)
 .debug_loc     0x0000193c       0xfe .\CortexM3\ARM_GCC_493\Debug\FinalProject.a(SPIM_1.o)
 .debug_loc     0x00001a3a      0x128 .\CortexM3\ARM_GCC_493\Debug\FinalProject.a(SPIM_1_IntClock.o)
 .debug_loc     0x00001b62      0xb83 .\CortexM3\ARM_GCC_493\Debug\FinalProject.a(CyDmac.o)
 .debug_loc     0x000026e5      0xa11 .\CortexM3\ARM_GCC_493\Debug\FinalProject.a(CyLib.o)
 .debug_loc     0x000030f6      0x1e4 .\CortexM3\ARM_GCC_493\Debug\FinalProject.a(cyPm.o)
 .debug_loc     0x000032da      0x676 .\CortexM3\ARM_GCC_493\Debug\FinalProject.a(ADC_DelSig_1.o)
 .debug_loc     0x00003950       0x6c .\CortexM3\ARM_GCC_493\Debug\FinalProject.a(ADC_DelSig_1_AMux.o)
 .debug_loc     0x000039bc      0x12c .\CortexM3\ARM_GCC_493\Debug\FinalProject.a(ADC_DelSig_1_Ext_CP_Clk.o)
 .debug_loc     0x00003ae8      0x14d .\CortexM3\ARM_GCC_493\Debug\FinalProject.a(ADC_DelSig_1_theACLK.o)
 .debug_loc     0x00003c35       0x42 .\CortexM3\ARM_GCC_493\Debug\FinalProject.a(DC1.o)
 .debug_loc     0x00003c77       0x42 .\CortexM3\ARM_GCC_493\Debug\FinalProject.a(RESET1.o)
 .debug_loc     0x00003cb9       0x56 .\CortexM3\ARM_GCC_493\Debug\FinalProject.a(DMA_Complete_ISR_1.o)
 .debug_loc     0x00003d0f       0xfe .\CortexM3\ARM_GCC_493\Debug\FinalProject.a(SPIM_2.o)